Archive member included to satisfy reference by file (symbol)

windows/lib/libexsys_w.a(adder_tag_space.o)
                              windows/build/obj/main.o (adder_type_initialization)
windows/lib/libexsys_w.a(config.o)
                              windows/build/obj/main.o (CFG_Load)
windows/lib/libexsys_w.a(delayer_tag_space.o)
                              windows/build/obj/main.o (delayer_type_initialization)
windows/lib/libexsys_w.a(espdevice_tag_space.o)
                              windows/build/obj/main.o (CFG_Print)
windows/lib/libexsys_w.a(mqtt_tag_space.o)
                              windows/build/obj/main.o (mqtt_type_initialization)
windows/lib/libexsys_w.a(rf_tag_space.o)
                              windows/build/obj/main.o (rf_sensor_type_initialization)
windows/lib/libexsys_w.a(setting_tag_space.o)
                              windows/build/obj/main.o (setting_type_initialization)
windows/lib/libexsys_w.a(tag_space.o)
                              windows/build/obj/main.o (get_main_chain)
windows/lib/libexsys_w.a(tag_type_registr.o)
                              windows/lib/libexsys_w.a(adder_tag_space.o) (add_tag_type_registation)
windows/lib/libexsys_w.a(dbg_tag_space.o)
                              windows/build/obj/main.o (dbg_head_print)
c:/Program Files/mingw-w64/x86_64-7.1.0-win32-seh-rt_v5-rev2/mingw64/bin/../lib/gcc/x86_64-w64-mingw32/7.1.0/../../../../x86_64-w64-mingw32/lib/../lib/libmingw32.a(lib64_libmingw32_a-atonexit.o)
                              c:/Program Files/mingw-w64/x86_64-7.1.0-win32-seh-rt_v5-rev2/mingw64/bin/../lib/gcc/x86_64-w64-mingw32/7.1.0/crtbegin.o (atexit)
c:/Program Files/mingw-w64/x86_64-7.1.0-win32-seh-rt_v5-rev2/mingw64/bin/../lib/gcc/x86_64-w64-mingw32/7.1.0/../../../../x86_64-w64-mingw32/lib/../lib/libmingw32.a(lib64_libmingw32_a-gccmain.o)
                              c:/Program Files/mingw-w64/x86_64-7.1.0-win32-seh-rt_v5-rev2/mingw64/bin/../lib/gcc/x86_64-w64-mingw32/7.1.0/../../../../x86_64-w64-mingw32/lib/../lib/crt2.o (__main)
c:/Program Files/mingw-w64/x86_64-7.1.0-win32-seh-rt_v5-rev2/mingw64/bin/../lib/gcc/x86_64-w64-mingw32/7.1.0/../../../../x86_64-w64-mingw32/lib/../lib/libmingw32.a(lib64_libmingw32_a-natstart.o)
                              c:/Program Files/mingw-w64/x86_64-7.1.0-win32-seh-rt_v5-rev2/mingw64/bin/../lib/gcc/x86_64-w64-mingw32/7.1.0/../../../../x86_64-w64-mingw32/lib/../lib/crt2.o (__native_startup_lock)
c:/Program Files/mingw-w64/x86_64-7.1.0-win32-seh-rt_v5-rev2/mingw64/bin/../lib/gcc/x86_64-w64-mingw32/7.1.0/../../../../x86_64-w64-mingw32/lib/../lib/libmingw32.a(lib64_libmingw32_a-wildcard.o)
                              c:/Program Files/mingw-w64/x86_64-7.1.0-win32-seh-rt_v5-rev2/mingw64/bin/../lib/gcc/x86_64-w64-mingw32/7.1.0/../../../../x86_64-w64-mingw32/lib/../lib/crt2.o (_dowildcard)
c:/Program Files/mingw-w64/x86_64-7.1.0-win32-seh-rt_v5-rev2/mingw64/bin/../lib/gcc/x86_64-w64-mingw32/7.1.0/../../../../x86_64-w64-mingw32/lib/../lib/libmingw32.a(lib64_libmingw32_a-charmax.o)
                              c:/Program Files/mingw-w64/x86_64-7.1.0-win32-seh-rt_v5-rev2/mingw64/bin/../lib/gcc/x86_64-w64-mingw32/7.1.0/../../../../x86_64-w64-mingw32/lib/../lib/crt2.o (mingw_initcharmax)
c:/Program Files/mingw-w64/x86_64-7.1.0-win32-seh-rt_v5-rev2/mingw64/bin/../lib/gcc/x86_64-w64-mingw32/7.1.0/../../../../x86_64-w64-mingw32/lib/../lib/libmingw32.a(lib64_libmingw32_a-dllargv.o)
                              c:/Program Files/mingw-w64/x86_64-7.1.0-win32-seh-rt_v5-rev2/mingw64/bin/../lib/gcc/x86_64-w64-mingw32/7.1.0/../../../../x86_64-w64-mingw32/lib/../lib/crt2.o (_setargv)
c:/Program Files/mingw-w64/x86_64-7.1.0-win32-seh-rt_v5-rev2/mingw64/bin/../lib/gcc/x86_64-w64-mingw32/7.1.0/../../../../x86_64-w64-mingw32/lib/../lib/libmingw32.a(lib64_libmingw32_a-gs_support.o)
                              c:/Program Files/mingw-w64/x86_64-7.1.0-win32-seh-rt_v5-rev2/mingw64/bin/../lib/gcc/x86_64-w64-mingw32/7.1.0/../../../../x86_64-w64-mingw32/lib/../lib/crt2.o (__security_init_cookie)
c:/Program Files/mingw-w64/x86_64-7.1.0-win32-seh-rt_v5-rev2/mingw64/bin/../lib/gcc/x86_64-w64-mingw32/7.1.0/../../../../x86_64-w64-mingw32/lib/../lib/libmingw32.a(lib64_libmingw32_a-_newmode.o)
                              c:/Program Files/mingw-w64/x86_64-7.1.0-win32-seh-rt_v5-rev2/mingw64/bin/../lib/gcc/x86_64-w64-mingw32/7.1.0/../../../../x86_64-w64-mingw32/lib/../lib/crt2.o (_newmode)
c:/Program Files/mingw-w64/x86_64-7.1.0-win32-seh-rt_v5-rev2/mingw64/bin/../lib/gcc/x86_64-w64-mingw32/7.1.0/../../../../x86_64-w64-mingw32/lib/../lib/libmingw32.a(lib64_libmingw32_a-tlssup.o)
                              c:/Program Files/mingw-w64/x86_64-7.1.0-win32-seh-rt_v5-rev2/mingw64/bin/../lib/gcc/x86_64-w64-mingw32/7.1.0/../../../../x86_64-w64-mingw32/lib/../lib/crt2.o (mingw_initltssuo_force)
[...]
Memory Configuration

Name             Origin             Length             Attributes
*default*        0x0000000000000000 0xffffffffffffffff

Linker script and memory map

                0x0000000000400000                __image_base__ = 0x400000
                0x0000000000000000                __dll__ = 0x0
                0x0000000000400000                __ImageBase = 0x400000
                0x0000000000001000                __section_alignment__ = 0x1000
                0x0000000000000200                __file_alignment__ = 0x200
                0x0000000000000004                __major_os_version__ = 0x4
                0x0000000000000000                __minor_os_version__ = 0x0
                0x0000000000000000                __major_image_version__ = 0x0
                0x0000000000000000                __minor_image_version__ = 0x0
                0x0000000000000005                __major_subsystem_version__ = 0x5
                0x0000000000000002                __minor_subsystem_version__ = 0x2
                0x0000000000000003                __subsystem__ = 0x3
                0x0000000000200000                __size_of_stack_reserve__ = 0x200000
                0x0000000000001000                __size_of_stack_commit__ = 0x1000
                0x0000000000100000                __size_of_heap_reserve__ = 0x100000
                0x0000000000001000                __size_of_heap_commit__ = 0x1000
                0x0000000000000000                __loader_flags__ = 0x0
                0x0000000000000000                __dll_characteristics__ = 0x0
LOAD c:/Program Files/mingw-w64/x86_64-7.1.0-win32-seh-rt_v5-rev2/mingw64/bin/../lib/gcc/x86_64-w64-mingw32/7.1.0/../../../../x86_64-w64-mingw32/lib/../lib/crt2.o
LOAD c:/Program Files/mingw-w64/x86_64-7.1.0-win32-seh-rt_v5-rev2/mingw64/bin/../lib/gcc/x86_64-w64-mingw32/7.1.0/crtbegin.o
LOAD windows/build/obj/main.o
LOAD windows/build/obj/win_platform.o
LOAD windows/lib/libexsys_w.a
LOAD windows/lib/libexsys_w.a
LOAD c:/Program Files/mingw-w64/x86_64-7.1.0-win32-seh-rt_v5-rev2/mingw64/bin/../lib/gcc/x86_64-w64-mingw32/7.1.0/../../../../x86_64-w64-mingw32/lib/../lib/libmingw32.a
LOAD c:/Program Files/mingw-w64/x86_64-7.1.0-win32-seh-rt_v5-rev2/mingw64/bin/../lib/gcc/x86_64-w64-mingw32/7.1.0/libgcc.a
LOAD c:/Program Files/mingw-w64/x86_64-7.1.0-win32-seh-rt_v5-rev2/mingw64/bin/../lib/gcc/x86_64-w64-mingw32/7.1.0/libgcc_eh.a
LOAD c:/Program Files/mingw-w64/x86_64-7.1.0-win32-seh-rt_v5-rev2/mingw64/bin/../lib/gcc/x86_64-w64-mingw32/7.1.0/../../../../x86_64-w64-mingw32/lib/../lib/libmoldname.a
LOAD c:/Program Files/mingw-w64/x86_64-7.1.0-win32-seh-rt_v5-rev2/mingw64/bin/../lib/gcc/x86_64-w64-mingw32/7.1.0/../../../../x86_64-w64-mingw32/lib/../lib/libmingwex.a
LOAD c:/Program Files/mingw-w64/x86_64-7.1.0-win32-seh-rt_v5-rev2/mingw64/bin/../lib/gcc/x86_64-w64-mingw32/7.1.0/../../../../x86_64-w64-mingw32/lib/../lib/libmsvcrt.a
LOAD c:/Program Files/mingw-w64/x86_64-7.1.0-win32-seh-rt_v5-rev2/mingw64/bin/../lib/gcc/x86_64-w64-mingw32/7.1.0/../../../../x86_64-w64-mingw32/lib/../lib/libadvapi32.a
LOAD c:/Program Files/mingw-w64/x86_64-7.1.0-win32-seh-rt_v5-rev2/mingw64/bin/../lib/gcc/x86_64-w64-mingw32/7.1.0/../../../../x86_64-w64-mingw32/lib/../lib/libshell32.a
LOAD c:/Program Files/mingw-w64/x86_64-7.1.0-win32-seh-rt_v5-rev2/mingw64/bin/../lib/gcc/x86_64-w64-mingw32/7.1.0/../../../../x86_64-w64-mingw32/lib/../lib/libuser32.a
LOAD c:/Program Files/mingw-w64/x86_64-7.1.0-win32-seh-rt_v5-rev2/mingw64/bin/../lib/gcc/x86_64-w64-mingw32/7.1.0/../../../../x86_64-w64-mingw32/lib/../lib/libkernel32.a
LOAD c:/Program Files/mingw-w64/x86_64-7.1.0-win32-seh-rt_v5-rev2/mingw64/bin/../lib/gcc/x86_64-w64-mingw32/7.1.0/../../../../x86_64-w64-mingw32/lib/../lib/libiconv.a
LOAD c:/Program Files/mingw-w64/x86_64-7.1.0-win32-seh-rt_v5-rev2/mingw64/bin/../lib/gcc/x86_64-w64-mingw32/7.1.0/../../../../x86_64-w64-mingw32/lib/../lib/libmingw32.a
LOAD c:/Program Files/mingw-w64/x86_64-7.1.0-win32-seh-rt_v5-rev2/mingw64/bin/../lib/gcc/x86_64-w64-mingw32/7.1.0/libgcc.a
LOAD c:/Program Files/mingw-w64/x86_64-7.1.0-win32-seh-rt_v5-rev2/mingw64/bin/../lib/gcc/x86_64-w64-mingw32/7.1.0/libgcc_eh.a
LOAD c:/Program Files/mingw-w64/x86_64-7.1.0-win32-seh-rt_v5-rev2/mingw64/bin/../lib/gcc/x86_64-w64-mingw32/7.1.0/../../../../x86_64-w64-mingw32/lib/../lib/libmoldname.a
LOAD c:/Program Files/mingw-w64/x86_64-7.1.0-win32-seh-rt_v5-rev2/mingw64/bin/../lib/gcc/x86_64-w64-mingw32/7.1.0/../../../../x86_64-w64-mingw32/lib/../lib/libmingwex.a
LOAD c:/Program Files/mingw-w64/x86_64-7.1.0-win32-seh-rt_v5-rev2/mingw64/bin/../lib/gcc/x86_64-w64-mingw32/7.1.0/../../../../x86_64-w64-mingw32/lib/../lib/libmsvcrt.a
LOAD c:/Program Files/mingw-w64/x86_64-7.1.0-win32-seh-rt_v5-rev2/mingw64/bin/../lib/gcc/x86_64-w64-mingw32/7.1.0/crtend.o
                0x0000000000000430                . = SIZEOF_HEADERS
                0x0000000000001000                . = ALIGN (__section_alignment__)

.text           0x0000000000401000     0x6200
 *(.init)
 *(.text)
 .text          0x0000000000401000      0x530 c:/Program Files/mingw-w64/x86_64-7.1.0-win32-seh-rt_v5-rev2/mingw64/bin/../lib/gcc/x86_64-w64-mingw32/7.1.0/../../../../x86_64-w64-mingw32/lib/../lib/crt2.o
                0x00000000004014d0                WinMainCRTStartup
                0x0000000000401500                mainCRTStartup
 .text          0x0000000000401530       0x30 c:/Program Files/mingw-w64/x86_64-7.1.0-win32-seh-rt_v5-rev2/mingw64/bin/../lib/gcc/x86_64-w64-mingw32/7.1.0/crtbegin.o
                0x0000000000401530                __gcc_register_frame
                0x0000000000401550                __gcc_deregister_frame
 .text          0x0000000000401560      0x990 windows/build/obj/main.o
                0x00000000004016f5                main
 .text          0x0000000000401ef0       0x70 windows/build/obj/win_platform.o
                0x0000000000401ef0                init_time_counter
                0x0000000000401f0e                get_ms_time
 .text          0x0000000000401f60      0x300 windows/lib/libexsys_w.a(adder_tag_space.o)
                0x000000000040223c                adder_type_initialization
 .text          0x0000000000402260      0x330 windows/lib/libexsys_w.a(config.o)
                0x0000000000402260                CFG_Load
 .text          0x0000000000402590      0x3e0 windows/lib/libexsys_w.a(delayer_tag_space.o)
                0x000000000040294c                delayer_type_initialization
 .text          0x0000000000402970      0x810 windows/lib/libexsys_w.a(espdevice_tag_space.o)
                0x0000000000402f91                CFG_Print
                0x0000000000403136                espdevice_type_initialization
                0x0000000000403151                get_espdevice_config
 .text          0x0000000000403180      0x800 windows/lib/libexsys_w.a(mqtt_tag_space.o)
                0x0000000000403263                mqtt_tags_publication
                0x00000000004032f1                mqtt_connection_ready
                0x000000000040338c                mqtt_connection_not_ready
                0x00000000004033a1                mqtt_tag_input_data
                0x00000000004037b4                mqtt_tag_write_input
                0x000000000040394e                mqtt_type_initialization
 .text          0x0000000000403980      0x330 windows/lib/libexsys_w.a(rf_tag_space.o)
                0x0000000000403a8a                rf_tag_input_data
                0x0000000000403c86                rf_sensor_type_initialization
 .text          0x0000000000403cb0      0x300 windows/lib/libexsys_w.a(setting_tag_space.o)
                0x0000000000403f92                setting_type_initialization
 .text          0x0000000000403fb0     0x1490 windows/lib/libexsys_w.a(tag_space.o)
                0x0000000000403fb0                get_main_chain
                0x0000000000403fbd                get_sv_item
                0x00000000004041fe                get_delta_ms_time
                0x0000000000404281                tags_execution
                0x00000000004042ef                common_part_deserializarion
                0x00000000004043ce                tag_state_initialization
                0x0000000000404482                get_tag_state
                0x00000000004044d6                deserialization
                0x000000000040458f                tag_update_connect
                0x0000000000404677                increment_types
                0x0000000000404707                increment_links
                0x000000000040471f                init_saved_block
                0x0000000000404757                get_saved_block
                0x000000000040477d                set_saved_block
                0x00000000004047c8                space_initialization
                0x00000000004048fc                get_tag_by_id
                0x0000000000404962                links_initialization
                0x000000000040499d                link_deserialization
                0x0000000000404b9b                links_optimization
                0x0000000000404f06                tag_get_input
                0x0000000000404fcb                tag_first_input
                0x000000000040502a                tag_eof_input
                0x0000000000405085                tag_next_input
                0x0000000000405147                tag_first_link
                0x00000000004051a3                tag_eof_link
                0x00000000004051fe                tag_next_link
                0x00000000004052c7                get_link_by_id
                0x0000000000405334                link_forced_write
                0x00000000004053bd                link_forced_reset
 .text          0x0000000000405440      0x190 windows/lib/libexsys_w.a(tag_type_registr.o)
                0x0000000000405440                add_tag_type_registation
                0x0000000000405477                reg_first
                0x00000000004054c2                reg_eof
                0x0000000000405514                reg_next
 .text          0x00000000004055d0      0x370 windows/lib/libexsys_w.a(dbg_tag_space.o)
                0x00000000004055d0                dbg_head_print
                0x0000000000405609                dbg_full_print
                0x00000000004057ca                dbg_link_print
                0x0000000000405881                dbg_write_input
 .text          0x0000000000405940       0xd0 c:/Program Files/mingw-w64/x86_64-7.1.0-win32-seh-rt_v5-rev2/mingw64/bin/../lib/gcc/x86_64-w64-mingw32/7.1.0/../../../../x86_64-w64-mingw32/lib/../lib/libmingw32.a(lib64_libmingw32_a-atonexit.o)
                0x0000000000405940                mingw_onexit
                0x00000000004059f0                atexit
 .text          0x0000000000405a10       0xd0 c:/Program Files/mingw-w64/x86_64-7.1.0-win32-seh-rt_v5-rev2/mingw64/bin/../lib/gcc/x86_64-w64-mingw32/7.1.0/../../../../x86_64-w64-mingw32/lib/../lib/libmingw32.a(lib64_libmingw32_a-gccmain.o)
                0x0000000000405a10                __do_global_dtors
                0x0000000000405a50                __do_global_ctors
                0x0000000000405ac0                __main
 .text          0x0000000000405ae0        0x0 c:/Program Files/mingw-w64/x86_64-7.1.0-win32-seh-rt_v5-rev2/mingw64/bin/../lib/gcc/x86_64-w64-mingw32/7.1.0/../../../../x86_64-w64-mingw32/lib/../lib/libmingw32.a(lib64_libmingw32_a-natstart.o)
 .text          0x0000000000405ae0        0x0 c:/Program Files/mingw-w64/x86_64-7.1.0-win32-seh-rt_v5-rev2/mingw64/bin/../lib/gcc/x86_64-w64-mingw32/7.1.0/../../../../x86_64-w64-mingw32/lib/../lib/libmingw32.a(lib64_libmingw32_a-wildcard.o)
 .text          0x0000000000405ae0       0x10 c:/Program Files/mingw-w64/x86_64-7.1.0-win32-seh-rt_v5-rev2/mingw64/bin/../lib/gcc/x86_64-w64-mingw32/7.1.0/../../../../x86_64-w64-mingw32/lib/../lib/libmingw32.a(lib64_libmingw32_a-charmax.o)
 .text          0x0000000000405af0       0x10 c:/Program Files/mingw-w64/x86_64-7.1.0-win32-seh-rt_v5-rev2/mingw64/bin/../lib/gcc/x86_64-w64-mingw32/7.1.0/../../../../x86_64-w64-mingw32/lib/../lib/libmingw32.a(lib64_libmingw32_a-dllargv.o)
                0x0000000000405af0                _setargv
 .text          0x0000000000405b00      0x1e0 c:/Program Files/mingw-w64/x86_64-7.1.0-win32-seh-rt_v5-rev2/mingw64/bin/../lib/gcc/x86_64-w64-mingw32/7.1.0/../../../../x86_64-w64-mingw32/lib/../lib/libmingw32.a(lib64_libmingw32_a-gs_support.o)
                0x0000000000405b00                __security_init_cookie
                0x0000000000405be0                __report_gsfailure
 .text          0x0000000000405ce0        0x0 c:/Program Files/mingw-w64/x86_64-7.1.0-win32-seh-rt_v5-rev2/mingw64/bin/../lib/gcc/x86_64-w64-mingw32/7.1.0/../../../../x86_64-w64-mingw32/lib/../lib/libmingw32.a(lib64_libmingw32_a-_newmode.o)
 .text          0x0000000000405ce0       0xb0 c:/Program Files/mingw-w64/x86_64-7.1.0-win32-seh-rt_v5-rev2/mingw64/bin/../lib/gcc/x86_64-w64-mingw32/7.1.0/../../../../x86_64-w64-mingw32/lib/../lib/libmingw32.a(lib64_libmingw32_a-tlssup.o)
                0x0000000000405d10                __dyn_tls_init
                0x0000000000405d80                __tlregdtor
 .text          0x0000000000405d90        0x0 c:/Program Files/mingw-w64/x86_64-7.1.0-win32-seh-rt_v5-rev2/mingw64/bin/../lib/gcc/x86_64-w64-mingw32/7.1.0/../../../../x86_64-w64-mingw32/lib/../lib/libmingw32.a(lib64_libmingw32_a-cinitexe.o)
 .text          0x0000000000405d90      0x150 c:/Program Files/mingw-w64/x86_64-7.1.0-win32-seh-rt_v5-rev2/mingw64/bin/../lib/gcc/x86_64-w64-mingw32/7.1.0/../../../../x86_64-w64-mingw32/lib/../lib/libmingw32.a(lib64_libmingw32_a-merr.o)
                0x0000000000405d90                __mingw_raise_matherr
                0x0000000000405de0                __mingw_setusermatherr
                0x0000000000405df0                _matherr
 .text          0x0000000000405ee0       0x10 c:/Program Files/mingw-w64/x86_64-7.1.0-win32-seh-rt_v5-rev2/mingw64/bin/../lib/gcc/x86_64-w64-mingw32/7.1.0/../../../../x86_64-w64-mingw32/lib/../lib/libmingw32.a(lib64_libmingw32_a-CRT_fp10.o)
                0x0000000000405ee0                fpreset
                0x0000000000405ee0                _fpreset
 .text          0x0000000000405ef0       0x20 c:/Program Files/mingw-w64/x86_64-7.1.0-win32-seh-rt_v5-rev2/mingw64/bin/../lib/gcc/x86_64-w64-mingw32/7.1.0/../../../../x86_64-w64-mingw32/lib/../lib/libmingw32.a(lib64_libmingw32_a-mingw_helpers.o)
                0x0000000000405ef0                _decode_pointer
                0x0000000000405f00                _encode_pointer
 .text          0x0000000000405f10      0x4b0 c:/Program Files/mingw-w64/x86_64-7.1.0-win32-seh-rt_v5-rev2/mingw64/bin/../lib/gcc/x86_64-w64-mingw32/7.1.0/../../../../x86_64-w64-mingw32/lib/../lib/libmingw32.a(lib64_libmingw32_a-pseudo-reloc.o)
                0x00000000004060f0                _pei386_runtime_relocator
 .text          0x00000000004063c0        0x0 c:/Program Files/mingw-w64/x86_64-7.1.0-win32-seh-rt_v5-rev2/mingw64/bin/../lib/gcc/x86_64-w64-mingw32/7.1.0/../../../../x86_64-w64-mingw32/lib/../lib/libmingw32.a(lib64_libmingw32_a-xtxtmode.o)
 .text          0x00000000004063c0      0x470 c:/Program Files/mingw-w64/x86_64-7.1.0-win32-seh-rt_v5-rev2/mingw64/bin/../lib/gcc/x86_64-w64-mingw32/7.1.0/../../../../x86_64-w64-mingw32/lib/../lib/libmingw32.a(lib64_libmingw32_a-crt_handler.o)
                0x00000000004063c0                __mingw_SEH_error_handler
                0x0000000000406560                __mingw_init_ehandler
                0x0000000000406650                _gnu_exception_handler
 .text          0x0000000000406830      0x270 c:/Program Files/mingw-w64/x86_64-7.1.0-win32-seh-rt_v5-rev2/mingw64/bin/../lib/gcc/x86_64-w64-mingw32/7.1.0/../../../../x86_64-w64-mingw32/lib/../lib/libmingw32.a(lib64_libmingw32_a-tlsthrd.o)
                0x00000000004068a0                ___w64_mingwthr_add_key_dtor
                0x0000000000406920                ___w64_mingwthr_remove_key_dtor
                0x00000000004069c0                __mingw_TLScallback
 .text          0x0000000000406aa0        0x0 c:/Program Files/mingw-w64/x86_64-7.1.0-win32-seh-rt_v5-rev2/mingw64/bin/../lib/gcc/x86_64-w64-mingw32/7.1.0/../../../../x86_64-w64-mingw32/lib/../lib/libmingw32.a(lib64_libmingw32_a-tlsmcrt.o)
 .text          0x0000000000406aa0        0x0 c:/Program Files/mingw-w64/x86_64-7.1.0-win32-seh-rt_v5-rev2/mingw64/bin/../lib/gcc/x86_64-w64-mingw32/7.1.0/../../../../x86_64-w64-mingw32/lib/../lib/libmingw32.a(lib64_libmingw32_a-pseudo-reloc-list.o)
 .text          0x0000000000406aa0      0x420 c:/Program Files/mingw-w64/x86_64-7.1.0-win32-seh-rt_v5-rev2/mingw64/bin/../lib/gcc/x86_64-w64-mingw32/7.1.0/../../../../x86_64-w64-mingw32/lib/../lib/libmingw32.a(lib64_libmingw32_a-pesect.o)
                0x0000000000406ac0                _ValidateImageBase
                0x0000000000406ae0                _FindPESection
                0x0000000000406b30                _FindPESectionByName
                0x0000000000406bc0                __mingw_GetSectionForAddress
                0x0000000000406c50                __mingw_GetSectionCount
                0x0000000000406c90                _FindPESectionExec
                0x0000000000406d10                _GetPEImageBase
                0x0000000000406d50                _IsNonwritableInCurrentImage
                0x0000000000406df0                __mingw_enum_import_library_names
 .text          0x0000000000406ec0       0x40 c:/Program Files/mingw-w64/x86_64-7.1.0-win32-seh-rt_v5-rev2/mingw64/bin/../lib/gcc/x86_64-w64-mingw32/7.1.0/libgcc.a(_chkstk_ms.o)
                0x0000000000406ec0                ___chkstk_ms
 .text          0x0000000000406f00        0x0 c:/Program Files/mingw-w64/x86_64-7.1.0-win32-seh-rt_v5-rev2/mingw64/bin/../lib/gcc/x86_64-w64-mingw32/7.1.0/libgcc.a(_ctors.o)
 .text          0x0000000000406f00        0x0 c:/Program Files/mingw-w64/x86_64-7.1.0-win32-seh-rt_v5-rev2/mingw64/bin/../lib/gcc/x86_64-w64-mingw32/7.1.0/../../../../x86_64-w64-mingw32/lib/../lib/libmingwex.a(lib64_libmingwex_a-mingw_matherr.o)
 .text          0x0000000000406f00        0x8 c:/Program Files/mingw-w64/x86_64-7.1.0-win32-seh-rt_v5-rev2/mingw64/bin/../lib/gcc/x86_64-w64-mingw32/7.1.0/../../../../x86_64-w64-mingw32/lib/../lib/libmsvcrt.a(deeds01240.o)
                0x0000000000406f00                vfprintf
 .text          0x0000000000406f08        0x8 c:/Program Files/mingw-w64/x86_64-7.1.0-win32-seh-rt_v5-rev2/mingw64/bin/../lib/gcc/x86_64-w64-mingw32/7.1.0/../../../../x86_64-w64-mingw32/lib/../lib/libmsvcrt.a(deeds01208.o)
                0x0000000000406f08                strncmp
 .text          0x0000000000406f10        0x8 c:/Program Files/mingw-w64/x86_64-7.1.0-win32-seh-rt_v5-rev2/mingw64/bin/../lib/gcc/x86_64-w64-mingw32/7.1.0/../../../../x86_64-w64-mingw32/lib/../lib/libmsvcrt.a(deeds01205.o)
                0x0000000000406f10                strlen
 .text          0x0000000000406f18        0x8 c:/Program Files/mingw-w64/x86_64-7.1.0-win32-seh-rt_v5-rev2/mingw64/bin/../lib/gcc/x86_64-w64-mingw32/7.1.0/../../../../x86_64-w64-mingw32/lib/../lib/libmsvcrt.a(deeds01198.o)
                0x0000000000406f18                strcmp
 .text          0x0000000000406f20        0x8 c:/Program Files/mingw-w64/x86_64-7.1.0-win32-seh-rt_v5-rev2/mingw64/bin/../lib/gcc/x86_64-w64-mingw32/7.1.0/../../../../x86_64-w64-mingw32/lib/../lib/libmsvcrt.a(deeds01189.o)
                0x0000000000406f20                sprintf
 .text          0x0000000000406f28        0x8 c:/Program Files/mingw-w64/x86_64-7.1.0-win32-seh-rt_v5-rev2/mingw64/bin/../lib/gcc/x86_64-w64-mingw32/7.1.0/../../../../x86_64-w64-mingw32/lib/../lib/libmsvcrt.a(deeds01184.o)
                0x0000000000406f28                signal
 .text          0x0000000000406f30        0x8 c:/Program Files/mingw-w64/x86_64-7.1.0-win32-seh-rt_v5-rev2/mingw64/bin/../lib/gcc/x86_64-w64-mingw32/7.1.0/../../../../x86_64-w64-mingw32/lib/../lib/libmsvcrt.a(deeds01183.o)
                0x0000000000406f30                setvbuf
 .text          0x0000000000406f38        0x8 c:/Program Files/mingw-w64/x86_64-7.1.0-win32-seh-rt_v5-rev2/mingw64/bin/../lib/gcc/x86_64-w64-mingw32/7.1.0/../../../../x86_64-w64-mingw32/lib/../lib/libmsvcrt.a(deeds01178.o)
                0x0000000000406f38                scanf
 .text          0x0000000000406f40        0x8 c:/Program Files/mingw-w64/x86_64-7.1.0-win32-seh-rt_v5-rev2/mingw64/bin/../lib/gcc/x86_64-w64-mingw32/7.1.0/../../../../x86_64-w64-mingw32/lib/../lib/libmsvcrt.a(deeds01167.o)
                0x0000000000406f40                puts
 .text          0x0000000000406f48        0x8 c:/Program Files/mingw-w64/x86_64-7.1.0-win32-seh-rt_v5-rev2/mingw64/bin/../lib/gcc/x86_64-w64-mingw32/7.1.0/../../../../x86_64-w64-mingw32/lib/../lib/libmsvcrt.a(deeds01163.o)
                0x0000000000406f48                printf
 .text          0x0000000000406f50        0x8 c:/Program Files/mingw-w64/x86_64-7.1.0-win32-seh-rt_v5-rev2/mingw64/bin/../lib/gcc/x86_64-w64-mingw32/7.1.0/../../../../x86_64-w64-mingw32/lib/../lib/libmsvcrt.a(deeds01156.o)
                0x0000000000406f50                memset
 .text          0x0000000000406f58        0x8 c:/Program Files/mingw-w64/x86_64-7.1.0-win32-seh-rt_v5-rev2/mingw64/bin/../lib/gcc/x86_64-w64-mingw32/7.1.0/../../../../x86_64-w64-mingw32/lib/../lib/libmsvcrt.a(deeds01154.o)
                0x0000000000406f58                memcpy
 .text          0x0000000000406f60        0x8 c:/Program Files/mingw-w64/x86_64-7.1.0-win32-seh-rt_v5-rev2/mingw64/bin/../lib/gcc/x86_64-w64-mingw32/7.1.0/../../../../x86_64-w64-mingw32/lib/../lib/libmsvcrt.a(deeds01146.o)
                0x0000000000406f60                malloc
 .text          0x0000000000406f68        0x8 c:/Program Files/mingw-w64/x86_64-7.1.0-win32-seh-rt_v5-rev2/mingw64/bin/../lib/gcc/x86_64-w64-mingw32/7.1.0/../../../../x86_64-w64-mingw32/lib/../lib/libmsvcrt.a(deeds01099.o)
                0x0000000000406f68                fwrite
 .text          0x0000000000406f70        0x8 c:/Program Files/mingw-w64/x86_64-7.1.0-win32-seh-rt_v5-rev2/mingw64/bin/../lib/gcc/x86_64-w64-mingw32/7.1.0/../../../../x86_64-w64-mingw32/lib/../lib/libmsvcrt.a(deeds01095.o)
                0x0000000000406f70                ftell
 .text          0x0000000000406f78        0x8 c:/Program Files/mingw-w64/x86_64-7.1.0-win32-seh-rt_v5-rev2/mingw64/bin/../lib/gcc/x86_64-w64-mingw32/7.1.0/../../../../x86_64-w64-mingw32/lib/../lib/libmsvcrt.a(deeds01093.o)
                0x0000000000406f78                fseek
 .text          0x0000000000406f80        0x8 c:/Program Files/mingw-w64/x86_64-7.1.0-win32-seh-rt_v5-rev2/mingw64/bin/../lib/gcc/x86_64-w64-mingw32/7.1.0/../../../../x86_64-w64-mingw32/lib/../lib/libmsvcrt.a(deeds01087.o)
                0x0000000000406f80                free
 .text          0x0000000000406f88        0x8 c:/Program Files/mingw-w64/x86_64-7.1.0-win32-seh-rt_v5-rev2/mingw64/bin/../lib/gcc/x86_64-w64-mingw32/7.1.0/../../../../x86_64-w64-mingw32/lib/../lib/libmsvcrt.a(deeds01086.o)
                0x0000000000406f88                fread
 .text          0x0000000000406f90        0x8 c:/Program Files/mingw-w64/x86_64-7.1.0-win32-seh-rt_v5-rev2/mingw64/bin/../lib/gcc/x86_64-w64-mingw32/7.1.0/../../../../x86_64-w64-mingw32/lib/../lib/libmsvcrt.a(deeds01080.o)
                0x0000000000406f90                fprintf
 .text          0x0000000000406f98        0x8 c:/Program Files/mingw-w64/x86_64-7.1.0-win32-seh-rt_v5-rev2/mingw64/bin/../lib/gcc/x86_64-w64-mingw32/7.1.0/../../../../x86_64-w64-mingw32/lib/../lib/libmsvcrt.a(deeds01078.o)
                0x0000000000406f98                fopen
 .text          0x0000000000406fa0        0x8 c:/Program Files/mingw-w64/x86_64-7.1.0-win32-seh-rt_v5-rev2/mingw64/bin/../lib/gcc/x86_64-w64-mingw32/7.1.0/../../../../x86_64-w64-mingw32/lib/../lib/libmsvcrt.a(deeds01065.o)
                0x0000000000406fa0                fclose
 .text          0x0000000000406fa8        0x8 c:/Program Files/mingw-w64/x86_64-7.1.0-win32-seh-rt_v5-rev2/mingw64/bin/../lib/gcc/x86_64-w64-mingw32/7.1.0/../../../../x86_64-w64-mingw32/lib/../lib/libmsvcrt.a(deeds01061.o)
                0x0000000000406fa8                exit
 .text          0x0000000000406fb0        0x8 c:/Program Files/mingw-w64/x86_64-7.1.0-win32-seh-rt_v5-rev2/mingw64/bin/../lib/gcc/x86_64-w64-mingw32/7.1.0/../../../../x86_64-w64-mingw32/lib/../lib/libmsvcrt.a(deeds01048.o)
                0x0000000000406fb0                calloc
 .text          0x0000000000406fb8        0x8 c:/Program Files/mingw-w64/x86_64-7.1.0-win32-seh-rt_v5-rev2/mingw64/bin/../lib/gcc/x86_64-w64-mingw32/7.1.0/../../../../x86_64-w64-mingw32/lib/../lib/libmsvcrt.a(deeds01044.o)
                0x0000000000406fb8                atoi
 .text          0x0000000000406fc0        0x8 c:/Program Files/mingw-w64/x86_64-7.1.0-win32-seh-rt_v5-rev2/mingw64/bin/../lib/gcc/x86_64-w64-mingw32/7.1.0/../../../../x86_64-w64-mingw32/lib/../lib/libmsvcrt.a(deeds01028.o)
                0x0000000000406fc0                abort
 .text          0x0000000000406fc8        0x8 c:/Program Files/mingw-w64/x86_64-7.1.0-win32-seh-rt_v5-rev2/mingw64/bin/../lib/gcc/x86_64-w64-mingw32/7.1.0/../../../../x86_64-w64-mingw32/lib/../lib/libmsvcrt.a(deeds00820.o)
                0x0000000000406fc8                _unlock
 .text          0x0000000000406fd0        0x8 c:/Program Files/mingw-w64/x86_64-7.1.0-win32-seh-rt_v5-rev2/mingw64/bin/../lib/gcc/x86_64-w64-mingw32/7.1.0/../../../../x86_64-w64-mingw32/lib/../lib/libmsvcrt.a(deeds00611.o)
                0x0000000000406fd0                _onexit
 .text          0x0000000000406fd8        0x8 c:/Program Files/mingw-w64/x86_64-7.1.0-win32-seh-rt_v5-rev2/mingw64/bin/../lib/gcc/x86_64-w64-mingw32/7.1.0/../../../../x86_64-w64-mingw32/lib/../lib/libmsvcrt.a(deeds00438.o)
                0x0000000000406fd8                _lock
 .text          0x0000000000406fe0        0x8 c:/Program Files/mingw-w64/x86_64-7.1.0-win32-seh-rt_v5-rev2/mingw64/bin/../lib/gcc/x86_64-w64-mingw32/7.1.0/../../../../x86_64-w64-mingw32/lib/../lib/libmsvcrt.a(deeds00330.o)
                0x0000000000406fe0                _initterm
 .text          0x0000000000406fe8        0x0 c:/Program Files/mingw-w64/x86_64-7.1.0-win32-seh-rt_v5-rev2/mingw64/bin/../lib/gcc/x86_64-w64-mingw32/7.1.0/../../../../x86_64-w64-mingw32/lib/../lib/libmsvcrt.a(deeds00252.o)
 .text          0x0000000000406fe8        0x8 c:/Program Files/mingw-w64/x86_64-7.1.0-win32-seh-rt_v5-rev2/mingw64/bin/../lib/gcc/x86_64-w64-mingw32/7.1.0/../../../../x86_64-w64-mingw32/lib/../lib/libmsvcrt.a(deeds00141.o)
                0x0000000000406fe8                _cexit
 .text          0x0000000000406ff0        0x8 c:/Program Files/mingw-w64/x86_64-7.1.0-win32-seh-rt_v5-rev2/mingw64/bin/../lib/gcc/x86_64-w64-mingw32/7.1.0/../../../../x86_64-w64-mingw32/lib/../lib/libmsvcrt.a(deeds00123.o)
                0x0000000000406ff0                _amsg_exit
 .text          0x0000000000406ff8        0x0 c:/Program Files/mingw-w64/x86_64-7.1.0-win32-seh-rt_v5-rev2/mingw64/bin/../lib/gcc/x86_64-w64-mingw32/7.1.0/../../../../x86_64-w64-mingw32/lib/../lib/libmsvcrt.a(deeds00116.o)
 .text          0x0000000000406ff8        0x8 c:/Program Files/mingw-w64/x86_64-7.1.0-win32-seh-rt_v5-rev2/mingw64/bin/../lib/gcc/x86_64-w64-mingw32/7.1.0/../../../../x86_64-w64-mingw32/lib/../lib/libmsvcrt.a(deeds00099.o)
                0x0000000000406ff8                __setusermatherr
 .text          0x0000000000407000        0x8 c:/Program Files/mingw-w64/x86_64-7.1.0-win32-seh-rt_v5-rev2/mingw64/bin/../lib/gcc/x86_64-w64-mingw32/7.1.0/../../../../x86_64-w64-mingw32/lib/../lib/libmsvcrt.a(deeds00097.o)
                0x0000000000407000                __set_app_type
 .text          0x0000000000407008        0x8 c:/Program Files/mingw-w64/x86_64-7.1.0-win32-seh-rt_v5-rev2/mingw64/bin/../lib/gcc/x86_64-w64-mingw32/7.1.0/../../../../x86_64-w64-mingw32/lib/../lib/libmsvcrt.a(deeds00091.o)
                0x0000000000407008                __lconv_init
 .text          0x0000000000407010        0x8 c:/Program Files/mingw-w64/x86_64-7.1.0-win32-seh-rt_v5-rev2/mingw64/bin/../lib/gcc/x86_64-w64-mingw32/7.1.0/../../../../x86_64-w64-mingw32/lib/../lib/libmsvcrt.a(deeds00083.o)
                0x0000000000407010                __iob_func
 .text          0x0000000000407018        0x0 c:/Program Files/mingw-w64/x86_64-7.1.0-win32-seh-rt_v5-rev2/mingw64/bin/../lib/gcc/x86_64-w64-mingw32/7.1.0/../../../../x86_64-w64-mingw32/lib/../lib/libmsvcrt.a(deeds00082.o)
 .text          0x0000000000407018        0x8 c:/Program Files/mingw-w64/x86_64-7.1.0-win32-seh-rt_v5-rev2/mingw64/bin/../lib/gcc/x86_64-w64-mingw32/7.1.0/../../../../x86_64-w64-mingw32/lib/../lib/libmsvcrt.a(deeds00081.o)
                0x0000000000407018                __getmainargs
 .text          0x0000000000407020        0x8 c:/Program Files/mingw-w64/x86_64-7.1.0-win32-seh-rt_v5-rev2/mingw64/bin/../lib/gcc/x86_64-w64-mingw32/7.1.0/../../../../x86_64-w64-mingw32/lib/../lib/libmsvcrt.a(deeds00078.o)
                0x0000000000407020                __dllonexit
 .text          0x0000000000407028        0x8 c:/Program Files/mingw-w64/x86_64-7.1.0-win32-seh-rt_v5-rev2/mingw64/bin/../lib/gcc/x86_64-w64-mingw32/7.1.0/../../../../x86_64-w64-mingw32/lib/../lib/libmsvcrt.a(deeds00055.o)
                0x0000000000407028                __C_specific_handler
 .text          0x0000000000407030       0x20 c:/Program Files/mingw-w64/x86_64-7.1.0-win32-seh-rt_v5-rev2/mingw64/bin/../lib/gcc/x86_64-w64-mingw32/7.1.0/../../../../x86_64-w64-mingw32/lib/../lib/libmsvcrt.a(lib64_libmsvcrt_a-invalid_parameter_handler.o)
                0x0000000000407030                _get_invalid_parameter_handler
                0x0000000000407040                _set_invalid_parameter_handler
 .text          0x0000000000407050        0x0 c:/Program Files/mingw-w64/x86_64-7.1.0-win32-seh-rt_v5-rev2/mingw64/bin/../lib/gcc/x86_64-w64-mingw32/7.1.0/../../../../x86_64-w64-mingw32/lib/../lib/libmsvcrt.a(deedh.o)
 .text          0x0000000000407050        0x0 c:/Program Files/mingw-w64/x86_64-7.1.0-win32-seh-rt_v5-rev2/mingw64/bin/../lib/gcc/x86_64-w64-mingw32/7.1.0/../../../../x86_64-w64-mingw32/lib/../lib/libmsvcrt.a(deedt.o)
 .text          0x0000000000407050        0x8 c:/Program Files/mingw-w64/x86_64-7.1.0-win32-seh-rt_v5-rev2/mingw64/bin/../lib/gcc/x86_64-w64-mingw32/7.1.0/../../../../x86_64-w64-mingw32/lib/../lib/libkernel32.a(dumds01266.o)
                0x0000000000407050                VirtualQuery
 .text          0x0000000000407058        0x8 c:/Program Files/mingw-w64/x86_64-7.1.0-win32-seh-rt_v5-rev2/mingw64/bin/../lib/gcc/x86_64-w64-mingw32/7.1.0/../../../../x86_64-w64-mingw32/lib/../lib/libkernel32.a(dumds01264.o)
                0x0000000000407058                VirtualProtect
 .text          0x0000000000407060        0x8 c:/Program Files/mingw-w64/x86_64-7.1.0-win32-seh-rt_v5-rev2/mingw64/bin/../lib/gcc/x86_64-w64-mingw32/7.1.0/../../../../x86_64-w64-mingw32/lib/../lib/libkernel32.a(dumds01234.o)
                0x0000000000407060                UnhandledExceptionFilter
 .text          0x0000000000407068        0x8 c:/Program Files/mingw-w64/x86_64-7.1.0-win32-seh-rt_v5-rev2/mingw64/bin/../lib/gcc/x86_64-w64-mingw32/7.1.0/../../../../x86_64-w64-mingw32/lib/../lib/libkernel32.a(dumds01221.o)
                0x0000000000407068                TlsGetValue
 .text          0x0000000000407070        0x8 c:/Program Files/mingw-w64/x86_64-7.1.0-win32-seh-rt_v5-rev2/mingw64/bin/../lib/gcc/x86_64-w64-mingw32/7.1.0/../../../../x86_64-w64-mingw32/lib/../lib/libkernel32.a(dumds01214.o)
                0x0000000000407070                TerminateProcess
 .text          0x0000000000407078        0x8 c:/Program Files/mingw-w64/x86_64-7.1.0-win32-seh-rt_v5-rev2/mingw64/bin/../lib/gcc/x86_64-w64-mingw32/7.1.0/../../../../x86_64-w64-mingw32/lib/../lib/libkernel32.a(dumds01200.o)
                0x0000000000407078                Sleep
 .text          0x0000000000407080        0x8 c:/Program Files/mingw-w64/x86_64-7.1.0-win32-seh-rt_v5-rev2/mingw64/bin/../lib/gcc/x86_64-w64-mingw32/7.1.0/../../../../x86_64-w64-mingw32/lib/../lib/libkernel32.a(dumds01187.o)
                0x0000000000407080                SetUnhandledExceptionFilter
 .text          0x0000000000407088        0x8 c:/Program Files/mingw-w64/x86_64-7.1.0-win32-seh-rt_v5-rev2/mingw64/bin/../lib/gcc/x86_64-w64-mingw32/7.1.0/../../../../x86_64-w64-mingw32/lib/../lib/libkernel32.a(dumds01044.o)
                0x0000000000407088                RtlVirtualUnwind
 .text          0x0000000000407090        0x8 c:/Program Files/mingw-w64/x86_64-7.1.0-win32-seh-rt_v5-rev2/mingw64/bin/../lib/gcc/x86_64-w64-mingw32/7.1.0/../../../../x86_64-w64-mingw32/lib/../lib/libkernel32.a(dumds01037.o)
                0x0000000000407090                RtlLookupFunctionEntry
 .text          0x0000000000407098        0x8 c:/Program Files/mingw-w64/x86_64-7.1.0-win32-seh-rt_v5-rev2/mingw64/bin/../lib/gcc/x86_64-w64-mingw32/7.1.0/../../../../x86_64-w64-mingw32/lib/../lib/libkernel32.a(dumds01030.o)
                0x0000000000407098                RtlCaptureContext
 .text          0x00000000004070a0        0x8 c:/Program Files/mingw-w64/x86_64-7.1.0-win32-seh-rt_v5-rev2/mingw64/bin/../lib/gcc/x86_64-w64-mingw32/7.1.0/../../../../x86_64-w64-mingw32/lib/../lib/libkernel32.a(dumds01029.o)
                0x00000000004070a0                RtlAddFunctionTable
 .text          0x00000000004070a8        0x8 c:/Program Files/mingw-w64/x86_64-7.1.0-win32-seh-rt_v5-rev2/mingw64/bin/../lib/gcc/x86_64-w64-mingw32/7.1.0/../../../../x86_64-w64-mingw32/lib/../lib/libkernel32.a(dumds00959.o)
                0x00000000004070a8                QueryPerformanceFrequency
 .text          0x00000000004070b0        0x8 c:/Program Files/mingw-w64/x86_64-7.1.0-win32-seh-rt_v5-rev2/mingw64/bin/../lib/gcc/x86_64-w64-mingw32/7.1.0/../../../../x86_64-w64-mingw32/lib/../lib/libkernel32.a(dumds00958.o)
                0x00000000004070b0                QueryPerformanceCounter
 .text          0x00000000004070b8        0x8 c:/Program Files/mingw-w64/x86_64-7.1.0-win32-seh-rt_v5-rev2/mingw64/bin/../lib/gcc/x86_64-w64-mingw32/7.1.0/../../../../x86_64-w64-mingw32/lib/../lib/libkernel32.a(dumds00844.o)
                0x00000000004070b8                LeaveCriticalSection
 .text          0x00000000004070c0        0x8 c:/Program Files/mingw-w64/x86_64-7.1.0-win32-seh-rt_v5-rev2/mingw64/bin/../lib/gcc/x86_64-w64-mingw32/7.1.0/../../../../x86_64-w64-mingw32/lib/../lib/libkernel32.a(dumds00762.o)
                0x00000000004070c0                InitializeCriticalSection
 .text          0x00000000004070c8        0x8 c:/Program Files/mingw-w64/x86_64-7.1.0-win32-seh-rt_v5-rev2/mingw64/bin/../lib/gcc/x86_64-w64-mingw32/7.1.0/../../../../x86_64-w64-mingw32/lib/../lib/libkernel32.a(dumds00678.o)
                0x00000000004070c8                GetTickCount
 .text          0x00000000004070d0        0x8 c:/Program Files/mingw-w64/x86_64-7.1.0-win32-seh-rt_v5-rev2/mingw64/bin/../lib/gcc/x86_64-w64-mingw32/7.1.0/../../../../x86_64-w64-mingw32/lib/../lib/libkernel32.a(dumds00651.o)
                0x00000000004070d0                GetSystemTimeAsFileTime
 .text          0x00000000004070d8        0x8 c:/Program Files/mingw-w64/x86_64-7.1.0-win32-seh-rt_v5-rev2/mingw64/bin/../lib/gcc/x86_64-w64-mingw32/7.1.0/../../../../x86_64-w64-mingw32/lib/../lib/libkernel32.a(dumds00628.o)
                0x00000000004070d8                GetStartupInfoA
 .text          0x00000000004070e0        0x8 c:/Program Files/mingw-w64/x86_64-7.1.0-win32-seh-rt_v5-rev2/mingw64/bin/../lib/gcc/x86_64-w64-mingw32/7.1.0/../../../../x86_64-w64-mingw32/lib/../lib/libkernel32.a(dumds00529.o)
                0x00000000004070e0                GetLastError
 .text          0x00000000004070e8        0x8 c:/Program Files/mingw-w64/x86_64-7.1.0-win32-seh-rt_v5-rev2/mingw64/bin/../lib/gcc/x86_64-w64-mingw32/7.1.0/../../../../x86_64-w64-mingw32/lib/../lib/libkernel32.a(dumds00467.o)
                0x00000000004070e8                GetCurrentThreadId
 .text          0x00000000004070f0        0x8 c:/Program Files/mingw-w64/x86_64-7.1.0-win32-seh-rt_v5-rev2/mingw64/bin/../lib/gcc/x86_64-w64-mingw32/7.1.0/../../../../x86_64-w64-mingw32/lib/../lib/libkernel32.a(dumds00463.o)
                0x00000000004070f0                GetCurrentProcessId
 .text          0x00000000004070f8        0x8 c:/Program Files/mingw-w64/x86_64-7.1.0-win32-seh-rt_v5-rev2/mingw64/bin/../lib/gcc/x86_64-w64-mingw32/7.1.0/../../../../x86_64-w64-mingw32/lib/../lib/libkernel32.a(dumds00462.o)
                0x00000000004070f8                GetCurrentProcess
 .text          0x0000000000407100        0x8 c:/Program Files/mingw-w64/x86_64-7.1.0-win32-seh-rt_v5-rev2/mingw64/bin/../lib/gcc/x86_64-w64-mingw32/7.1.0/../../../../x86_64-w64-mingw32/lib/../lib/libkernel32.a(dumds00249.o)
                0x0000000000407100                EnterCriticalSection
 .text          0x0000000000407108        0x8 c:/Program Files/mingw-w64/x86_64-7.1.0-win32-seh-rt_v5-rev2/mingw64/bin/../lib/gcc/x86_64-w64-mingw32/7.1.0/../../../../x86_64-w64-mingw32/lib/../lib/libkernel32.a(dumds00216.o)
                0x0000000000407108                DeleteCriticalSection
 .text          0x0000000000407110        0x8 c:/Program Files/mingw-w64/x86_64-7.1.0-win32-seh-rt_v5-rev2/mingw64/bin/../lib/gcc/x86_64-w64-mingw32/7.1.0/../../../../x86_64-w64-mingw32/lib/../lib/libkernel32.a(dumds00186.o)
                0x0000000000407110                CreateThread
 .text          0x0000000000407118        0x8 c:/Program Files/mingw-w64/x86_64-7.1.0-win32-seh-rt_v5-rev2/mingw64/bin/../lib/gcc/x86_64-w64-mingw32/7.1.0/../../../../x86_64-w64-mingw32/lib/../lib/libkernel32.a(dumds00085.o)
                0x0000000000407118                CloseHandle
 .text          0x0000000000407120        0x0 c:/Program Files/mingw-w64/x86_64-7.1.0-win32-seh-rt_v5-rev2/mingw64/bin/../lib/gcc/x86_64-w64-mingw32/7.1.0/../../../../x86_64-w64-mingw32/lib/../lib/libkernel32.a(dumdh.o)
 .text          0x0000000000407120        0x0 c:/Program Files/mingw-w64/x86_64-7.1.0-win32-seh-rt_v5-rev2/mingw64/bin/../lib/gcc/x86_64-w64-mingw32/7.1.0/../../../../x86_64-w64-mingw32/lib/../lib/libkernel32.a(dumdt.o)
 .text          0x0000000000407120        0x0 c:/Program Files/mingw-w64/x86_64-7.1.0-win32-seh-rt_v5-rev2/mingw64/bin/../lib/gcc/x86_64-w64-mingw32/7.1.0/crtend.o
 *(SORT(.text$*))
 *(.text.*)
 .text.startup  0x0000000000407120       0x10 c:/Program Files/mingw-w64/x86_64-7.1.0-win32-seh-rt_v5-rev2/mingw64/bin/../lib/gcc/x86_64-w64-mingw32/7.1.0/crtend.o
 *(.gnu.linkonce.t.*)
 *(.glue_7t)
 *(.glue_7)
                0x0000000000407130                . = ALIGN (0x8)
                0x0000000000407130                ___CTOR_LIST__ = .
                0x0000000000407130                __CTOR_LIST__ = .
                0x0000000000407130        0x4 LONG 0xffffffffffffffff
                0x0000000000407134        0x4 LONG 0xffffffffffffffff
 *(.ctors)
 *(.ctor)
 *(SORT(.ctors.*))
 .ctors.65535   0x0000000000407138        0x8 c:/Program Files/mingw-w64/x86_64-7.1.0-win32-seh-rt_v5-rev2/mingw64/bin/../lib/gcc/x86_64-w64-mingw32/7.1.0/crtend.o
                0x0000000000407140        0x4 LONG 0x0
                0x0000000000407144        0x4 LONG 0x0
                0x0000000000407148                ___DTOR_LIST__ = .
                0x0000000000407148                __DTOR_LIST__ = .
                0x0000000000407148        0x4 LONG 0xffffffffffffffff
                0x000000000040714c        0x4 LONG 0xffffffffffffffff
 *(.dtors)
 *(.dtor)
 *(SORT(.dtors.*))
                0x0000000000407150        0x4 LONG 0x0
                0x0000000000407154        0x4 LONG 0x0
 *(.fini)
 *(.gcc_exc)
                [!provide]                        PROVIDE (etext, .)
 *(.gcc_except_table)

.data           0x0000000000408000      0x400
                0x0000000000408000                __data_start__ = .
 *(.data)
 .data          0x0000000000408000       0x10 c:/Program Files/mingw-w64/x86_64-7.1.0-win32-seh-rt_v5-rev2/mingw64/bin/../lib/gcc/x86_64-w64-mingw32/7.1.0/../../../../x86_64-w64-mingw32/lib/../lib/crt2.o
                0x0000000000408000                __mingw_winmain_nShowCmd
 .data          0x0000000000408010        0x0 c:/Program Files/mingw-w64/x86_64-7.1.0-win32-seh-rt_v5-rev2/mingw64/bin/../lib/gcc/x86_64-w64-mingw32/7.1.0/crtbegin.o
 .data          0x0000000000408010        0x0 windows/build/obj/main.o
 .data          0x0000000000408010        0x0 windows/build/obj/win_platform.o
 *fill*         0x0000000000408010       0x10 
 .data          0x0000000000408020       0x40 windows/lib/libexsys_w.a(adder_tag_space.o)
 .data          0x0000000000408060        0x0 windows/lib/libexsys_w.a(config.o)
 .data          0x0000000000408060       0x40 windows/lib/libexsys_w.a(delayer_tag_space.o)
 .data          0x00000000004080a0       0x40 windows/lib/libexsys_w.a(espdevice_tag_space.o)
 .data          0x00000000004080e0       0x80 windows/lib/libexsys_w.a(mqtt_tag_space.o)
 .data          0x0000000000408160       0x40 windows/lib/libexsys_w.a(rf_tag_space.o)
 .data          0x00000000004081a0       0x40 windows/lib/libexsys_w.a(setting_tag_space.o)
 .data          0x00000000004081e0        0x0 windows/lib/libexsys_w.a(tag_space.o)
 .data          0x00000000004081e0        0x0 windows/lib/libexsys_w.a(tag_type_registr.o)
 .data          0x00000000004081e0        0x0 windows/lib/libexsys_w.a(dbg_tag_space.o)
 .data          0x00000000004081e0        0x0 c:/Program Files/mingw-w64/x86_64-7.1.0-win32-seh-rt_v5-rev2/mingw64/bin/../lib/gcc/x86_64-w64-mingw32/7.1.0/../../../../x86_64-w64-mingw32/lib/../lib/libmingw32.a(lib64_libmingw32_a-atonexit.o)
 .data          0x00000000004081e0       0x10 c:/Program Files/mingw-w64/x86_64-7.1.0-win32-seh-rt_v5-rev2/mingw64/bin/../lib/gcc/x86_64-w64-mingw32/7.1.0/../../../../x86_64-w64-mingw32/lib/../lib/libmingw32.a(lib64_libmingw32_a-gccmain.o)
 .data          0x00000000004081f0       0x10 c:/Program Files/mingw-w64/x86_64-7.1.0-win32-seh-rt_v5-rev2/mingw64/bin/../lib/gcc/x86_64-w64-mingw32/7.1.0/../../../../x86_64-w64-mingw32/lib/../lib/libmingw32.a(lib64_libmingw32_a-natstart.o)
                0x00000000004081f0                __native_vcclrit_reason
                0x00000000004081f4                __native_dllmain_reason
 .data          0x0000000000408200       0x10 c:/Program Files/mingw-w64/x86_64-7.1.0-win32-seh-rt_v5-rev2/mingw64/bin/../lib/gcc/x86_64-w64-mingw32/7.1.0/../../../../x86_64-w64-mingw32/lib/../lib/libmingw32.a(lib64_libmingw32_a-wildcard.o)
                0x0000000000408200                _dowildcard
 .data          0x0000000000408210       0x10 c:/Program Files/mingw-w64/x86_64-7.1.0-win32-seh-rt_v5-rev2/mingw64/bin/../lib/gcc/x86_64-w64-mingw32/7.1.0/../../../../x86_64-w64-mingw32/lib/../lib/libmingw32.a(lib64_libmingw32_a-charmax.o)
                0x0000000000408210                _charmax
 .data          0x0000000000408220        0x0 c:/Program Files/mingw-w64/x86_64-7.1.0-win32-seh-rt_v5-rev2/mingw64/bin/../lib/gcc/x86_64-w64-mingw32/7.1.0/../../../../x86_64-w64-mingw32/lib/../lib/libmingw32.a(lib64_libmingw32_a-dllargv.o)
 .data          0x0000000000408220        0x0 c:/Program Files/mingw-w64/x86_64-7.1.0-win32-seh-rt_v5-rev2/mingw64/bin/../lib/gcc/x86_64-w64-mingw32/7.1.0/../../../../x86_64-w64-mingw32/lib/../lib/libmingw32.a(lib64_libmingw32_a-gs_support.o)
 .data          0x0000000000408220        0x0 c:/Program Files/mingw-w64/x86_64-7.1.0-win32-seh-rt_v5-rev2/mingw64/bin/../lib/gcc/x86_64-w64-mingw32/7.1.0/../../../../x86_64-w64-mingw32/lib/../lib/libmingw32.a(lib64_libmingw32_a-_newmode.o)
 .data          0x0000000000408220        0x0 c:/Program Files/mingw-w64/x86_64-7.1.0-win32-seh-rt_v5-rev2/mingw64/bin/../lib/gcc/x86_64-w64-mingw32/7.1.0/../../../../x86_64-w64-mingw32/lib/../lib/libmingw32.a(lib64_libmingw32_a-tlssup.o)
 .data          0x0000000000408220        0x0 c:/Program Files/mingw-w64/x86_64-7.1.0-win32-seh-rt_v5-rev2/mingw64/bin/../lib/gcc/x86_64-w64-mingw32/7.1.0/../../../../x86_64-w64-mingw32/lib/../lib/libmingw32.a(lib64_libmingw32_a-cinitexe.o)
 .data          0x0000000000408220        0x0 c:/Program Files/mingw-w64/x86_64-7.1.0-win32-seh-rt_v5-rev2/mingw64/bin/../lib/gcc/x86_64-w64-mingw32/7.1.0/../../../../x86_64-w64-mingw32/lib/../lib/libmingw32.a(lib64_libmingw32_a-merr.o)
 .data          0x0000000000408220        0x0 c:/Program Files/mingw-w64/x86_64-7.1.0-win32-seh-rt_v5-rev2/mingw64/bin/../lib/gcc/x86_64-w64-mingw32/7.1.0/../../../../x86_64-w64-mingw32/lib/../lib/libmingw32.a(lib64_libmingw32_a-CRT_fp10.o)
 .data          0x0000000000408220        0x0 c:/Program Files/mingw-w64/x86_64-7.1.0-win32-seh-rt_v5-rev2/mingw64/bin/../lib/gcc/x86_64-w64-mingw32/7.1.0/../../../../x86_64-w64-mingw32/lib/../lib/libmingw32.a(lib64_libmingw32_a-mingw_helpers.o)
 .data          0x0000000000408220        0x0 c:/Program Files/mingw-w64/x86_64-7.1.0-win32-seh-rt_v5-rev2/mingw64/bin/../lib/gcc/x86_64-w64-mingw32/7.1.0/../../../../x86_64-w64-mingw32/lib/../lib/libmingw32.a(lib64_libmingw32_a-pseudo-reloc.o)
 .data          0x0000000000408220        0x0 c:/Program Files/mingw-w64/x86_64-7.1.0-win32-seh-rt_v5-rev2/mingw64/bin/../lib/gcc/x86_64-w64-mingw32/7.1.0/../../../../x86_64-w64-mingw32/lib/../lib/libmingw32.a(lib64_libmingw32_a-xtxtmode.o)
 .data          0x0000000000408220        0x0 c:/Program Files/mingw-w64/x86_64-7.1.0-win32-seh-rt_v5-rev2/mingw64/bin/../lib/gcc/x86_64-w64-mingw32/7.1.0/../../../../x86_64-w64-mingw32/lib/../lib/libmingw32.a(lib64_libmingw32_a-crt_handler.o)
 .data          0x0000000000408220        0x0 c:/Program Files/mingw-w64/x86_64-7.1.0-win32-seh-rt_v5-rev2/mingw64/bin/../lib/gcc/x86_64-w64-mingw32/7.1.0/../../../../x86_64-w64-mingw32/lib/../lib/libmingw32.a(lib64_libmingw32_a-tlsthrd.o)
 .data          0x0000000000408220       0x10 c:/Program Files/mingw-w64/x86_64-7.1.0-win32-seh-rt_v5-rev2/mingw64/bin/../lib/gcc/x86_64-w64-mingw32/7.1.0/../../../../x86_64-w64-mingw32/lib/../lib/libmingw32.a(lib64_libmingw32_a-tlsmcrt.o)
                0x0000000000408220                _CRT_MT
 .data          0x0000000000408230        0x0 c:/Program Files/mingw-w64/x86_64-7.1.0-win32-seh-rt_v5-rev2/mingw64/bin/../lib/gcc/x86_64-w64-mingw32/7.1.0/../../../../x86_64-w64-mingw32/lib/../lib/libmingw32.a(lib64_libmingw32_a-pseudo-reloc-list.o)
 .data          0x0000000000408230        0x0 c:/Program Files/mingw-w64/x86_64-7.1.0-win32-seh-rt_v5-rev2/mingw64/bin/../lib/gcc/x86_64-w64-mingw32/7.1.0/../../../../x86_64-w64-mingw32/lib/../lib/libmingw32.a(lib64_libmingw32_a-pesect.o)
 .data          0x0000000000408230        0x0 c:/Program Files/mingw-w64/x86_64-7.1.0-win32-seh-rt_v5-rev2/mingw64/bin/../lib/gcc/x86_64-w64-mingw32/7.1.0/libgcc.a(_chkstk_ms.o)
 .data          0x0000000000408230        0x0 c:/Program Files/mingw-w64/x86_64-7.1.0-win32-seh-rt_v5-rev2/mingw64/bin/../lib/gcc/x86_64-w64-mingw32/7.1.0/libgcc.a(_ctors.o)
 .data          0x0000000000408230       0x10 c:/Program Files/mingw-w64/x86_64-7.1.0-win32-seh-rt_v5-rev2/mingw64/bin/../lib/gcc/x86_64-w64-mingw32/7.1.0/../../../../x86_64-w64-mingw32/lib/../lib/libmingwex.a(lib64_libmingwex_a-mingw_matherr.o)
                0x0000000000408230                _MINGW_INSTALL_DEBUG_MATHERR
 .data          0x0000000000408240        0x0 c:/Program Files/mingw-w64/x86_64-7.1.0-win32-seh-rt_v5-rev2/mingw64/bin/../lib/gcc/x86_64-w64-mingw32/7.1.0/../../../../x86_64-w64-mingw32/lib/../lib/libmsvcrt.a(deeds01240.o)
 .data          0x0000000000408240        0x0 c:/Program Files/mingw-w64/x86_64-7.1.0-win32-seh-rt_v5-rev2/mingw64/bin/../lib/gcc/x86_64-w64-mingw32/7.1.0/../../../../x86_64-w64-mingw32/lib/../lib/libmsvcrt.a(deeds01208.o)
 .data          0x0000000000408240        0x0 c:/Program Files/mingw-w64/x86_64-7.1.0-win32-seh-rt_v5-rev2/mingw64/bin/../lib/gcc/x86_64-w64-mingw32/7.1.0/../../../../x86_64-w64-mingw32/lib/../lib/libmsvcrt.a(deeds01205.o)
 .data          0x0000000000408240        0x0 c:/Program Files/mingw-w64/x86_64-7.1.0-win32-seh-rt_v5-rev2/mingw64/bin/../lib/gcc/x86_64-w64-mingw32/7.1.0/../../../../x86_64-w64-mingw32/lib/../lib/libmsvcrt.a(deeds01198.o)
 .data          0x0000000000408240        0x0 c:/Program Files/mingw-w64/x86_64-7.1.0-win32-seh-rt_v5-rev2/mingw64/bin/../lib/gcc/x86_64-w64-mingw32/7.1.0/../../../../x86_64-w64-mingw32/lib/../lib/libmsvcrt.a(deeds01189.o)
 .data          0x0000000000408240        0x0 c:/Program Files/mingw-w64/x86_64-7.1.0-win32-seh-rt_v5-rev2/mingw64/bin/../lib/gcc/x86_64-w64-mingw32/7.1.0/../../../../x86_64-w64-mingw32/lib/../lib/libmsvcrt.a(deeds01184.o)
 .data          0x0000000000408240        0x0 c:/Program Files/mingw-w64/x86_64-7.1.0-win32-seh-rt_v5-rev2/mingw64/bin/../lib/gcc/x86_64-w64-mingw32/7.1.0/../../../../x86_64-w64-mingw32/lib/../lib/libmsvcrt.a(deeds01183.o)
 .data          0x0000000000408240        0x0 c:/Program Files/mingw-w64/x86_64-7.1.0-win32-seh-rt_v5-rev2/mingw64/bin/../lib/gcc/x86_64-w64-mingw32/7.1.0/../../../../x86_64-w64-mingw32/lib/../lib/libmsvcrt.a(deeds01178.o)
 .data          0x0000000000408240        0x0 c:/Program Files/mingw-w64/x86_64-7.1.0-win32-seh-rt_v5-rev2/mingw64/bin/../lib/gcc/x86_64-w64-mingw32/7.1.0/../../../../x86_64-w64-mingw32/lib/../lib/libmsvcrt.a(deeds01167.o)
 .data          0x0000000000408240        0x0 c:/Program Files/mingw-w64/x86_64-7.1.0-win32-seh-rt_v5-rev2/mingw64/bin/../lib/gcc/x86_64-w64-mingw32/7.1.0/../../../../x86_64-w64-mingw32/lib/../lib/libmsvcrt.a(deeds01163.o)
 .data          0x0000000000408240        0x0 c:/Program Files/mingw-w64/x86_64-7.1.0-win32-seh-rt_v5-rev2/mingw64/bin/../lib/gcc/x86_64-w64-mingw32/7.1.0/../../../../x86_64-w64-mingw32/lib/../lib/libmsvcrt.a(deeds01156.o)
 .data          0x0000000000408240        0x0 c:/Program Files/mingw-w64/x86_64-7.1.0-win32-seh-rt_v5-rev2/mingw64/bin/../lib/gcc/x86_64-w64-mingw32/7.1.0/../../../../x86_64-w64-mingw32/lib/../lib/libmsvcrt.a(deeds01154.o)
 .data          0x0000000000408240        0x0 c:/Program Files/mingw-w64/x86_64-7.1.0-win32-seh-rt_v5-rev2/mingw64/bin/../lib/gcc/x86_64-w64-mingw32/7.1.0/../../../../x86_64-w64-mingw32/lib/../lib/libmsvcrt.a(deeds01146.o)
 .data          0x0000000000408240        0x0 c:/Program Files/mingw-w64/x86_64-7.1.0-win32-seh-rt_v5-rev2/mingw64/bin/../lib/gcc/x86_64-w64-mingw32/7.1.0/../../../../x86_64-w64-mingw32/lib/../lib/libmsvcrt.a(deeds01099.o)
 .data          0x0000000000408240        0x0 c:/Program Files/mingw-w64/x86_64-7.1.0-win32-seh-rt_v5-rev2/mingw64/bin/../lib/gcc/x86_64-w64-mingw32/7.1.0/../../../../x86_64-w64-mingw32/lib/../lib/libmsvcrt.a(deeds01095.o)
 .data          0x0000000000408240        0x0 c:/Program Files/mingw-w64/x86_64-7.1.0-win32-seh-rt_v5-rev2/mingw64/bin/../lib/gcc/x86_64-w64-mingw32/7.1.0/../../../../x86_64-w64-mingw32/lib/../lib/libmsvcrt.a(deeds01093.o)
 .data          0x0000000000408240        0x0 c:/Program Files/mingw-w64/x86_64-7.1.0-win32-seh-rt_v5-rev2/mingw64/bin/../lib/gcc/x86_64-w64-mingw32/7.1.0/../../../../x86_64-w64-mingw32/lib/../lib/libmsvcrt.a(deeds01087.o)
 .data          0x0000000000408240        0x0 c:/Program Files/mingw-w64/x86_64-7.1.0-win32-seh-rt_v5-rev2/mingw64/bin/../lib/gcc/x86_64-w64-mingw32/7.1.0/../../../../x86_64-w64-mingw32/lib/../lib/libmsvcrt.a(deeds01086.o)
 .data          0x0000000000408240        0x0 c:/Program Files/mingw-w64/x86_64-7.1.0-win32-seh-rt_v5-rev2/mingw64/bin/../lib/gcc/x86_64-w64-mingw32/7.1.0/../../../../x86_64-w64-mingw32/lib/../lib/libmsvcrt.a(deeds01080.o)
 .data          0x0000000000408240        0x0 c:/Program Files/mingw-w64/x86_64-7.1.0-win32-seh-rt_v5-rev2/mingw64/bin/../lib/gcc/x86_64-w64-mingw32/7.1.0/../../../../x86_64-w64-mingw32/lib/../lib/libmsvcrt.a(deeds01078.o)
 .data          0x0000000000408240        0x0 c:/Program Files/mingw-w64/x86_64-7.1.0-win32-seh-rt_v5-rev2/mingw64/bin/../lib/gcc/x86_64-w64-mingw32/7.1.0/../../../../x86_64-w64-mingw32/lib/../lib/libmsvcrt.a(deeds01065.o)
 .data          0x0000000000408240        0x0 c:/Program Files/mingw-w64/x86_64-7.1.0-win32-seh-rt_v5-rev2/mingw64/bin/../lib/gcc/x86_64-w64-mingw32/7.1.0/../../../../x86_64-w64-mingw32/lib/../lib/libmsvcrt.a(deeds01061.o)
 .data          0x0000000000408240        0x0 c:/Program Files/mingw-w64/x86_64-7.1.0-win32-seh-rt_v5-rev2/mingw64/bin/../lib/gcc/x86_64-w64-mingw32/7.1.0/../../../../x86_64-w64-mingw32/lib/../lib/libmsvcrt.a(deeds01048.o)
 .data          0x0000000000408240        0x0 c:/Program Files/mingw-w64/x86_64-7.1.0-win32-seh-rt_v5-rev2/mingw64/bin/../lib/gcc/x86_64-w64-mingw32/7.1.0/../../../../x86_64-w64-mingw32/lib/../lib/libmsvcrt.a(deeds01044.o)
 .data          0x0000000000408240        0x0 c:/Program Files/mingw-w64/x86_64-7.1.0-win32-seh-rt_v5-rev2/mingw64/bin/../lib/gcc/x86_64-w64-mingw32/7.1.0/../../../../x86_64-w64-mingw32/lib/../lib/libmsvcrt.a(deeds01028.o)
 .data          0x0000000000408240        0x0 c:/Program Files/mingw-w64/x86_64-7.1.0-win32-seh-rt_v5-rev2/mingw64/bin/../lib/gcc/x86_64-w64-mingw32/7.1.0/../../../../x86_64-w64-mingw32/lib/../lib/libmsvcrt.a(deeds00820.o)
 .data          0x0000000000408240        0x0 c:/Program Files/mingw-w64/x86_64-7.1.0-win32-seh-rt_v5-rev2/mingw64/bin/../lib/gcc/x86_64-w64-mingw32/7.1.0/../../../../x86_64-w64-mingw32/lib/../lib/libmsvcrt.a(deeds00611.o)
 .data          0x0000000000408240        0x0 c:/Program Files/mingw-w64/x86_64-7.1.0-win32-seh-rt_v5-rev2/mingw64/bin/../lib/gcc/x86_64-w64-mingw32/7.1.0/../../../../x86_64-w64-mingw32/lib/../lib/libmsvcrt.a(deeds00438.o)
 .data          0x0000000000408240        0x0 c:/Program Files/mingw-w64/x86_64-7.1.0-win32-seh-rt_v5-rev2/mingw64/bin/../lib/gcc/x86_64-w64-mingw32/7.1.0/../../../../x86_64-w64-mingw32/lib/../lib/libmsvcrt.a(deeds00330.o)
 .data          0x0000000000408240        0x0 c:/Program Files/mingw-w64/x86_64-7.1.0-win32-seh-rt_v5-rev2/mingw64/bin/../lib/gcc/x86_64-w64-mingw32/7.1.0/../../../../x86_64-w64-mingw32/lib/../lib/libmsvcrt.a(deeds00252.o)
 .data          0x0000000000408240        0x0 c:/Program Files/mingw-w64/x86_64-7.1.0-win32-seh-rt_v5-rev2/mingw64/bin/../lib/gcc/x86_64-w64-mingw32/7.1.0/../../../../x86_64-w64-mingw32/lib/../lib/libmsvcrt.a(deeds00141.o)
 .data          0x0000000000408240        0x0 c:/Program Files/mingw-w64/x86_64-7.1.0-win32-seh-rt_v5-rev2/mingw64/bin/../lib/gcc/x86_64-w64-mingw32/7.1.0/../../../../x86_64-w64-mingw32/lib/../lib/libmsvcrt.a(deeds00123.o)
 .data          0x0000000000408240        0x0 c:/Program Files/mingw-w64/x86_64-7.1.0-win32-seh-rt_v5-rev2/mingw64/bin/../lib/gcc/x86_64-w64-mingw32/7.1.0/../../../../x86_64-w64-mingw32/lib/../lib/libmsvcrt.a(deeds00116.o)
 .data          0x0000000000408240        0x0 c:/Program Files/mingw-w64/x86_64-7.1.0-win32-seh-rt_v5-rev2/mingw64/bin/../lib/gcc/x86_64-w64-mingw32/7.1.0/../../../../x86_64-w64-mingw32/lib/../lib/libmsvcrt.a(deeds00099.o)
 .data          0x0000000000408240        0x0 c:/Program Files/mingw-w64/x86_64-7.1.0-win32-seh-rt_v5-rev2/mingw64/bin/../lib/gcc/x86_64-w64-mingw32/7.1.0/../../../../x86_64-w64-mingw32/lib/../lib/libmsvcrt.a(deeds00097.o)
 .data          0x0000000000408240        0x0 c:/Program Files/mingw-w64/x86_64-7.1.0-win32-seh-rt_v5-rev2/mingw64/bin/../lib/gcc/x86_64-w64-mingw32/7.1.0/../../../../x86_64-w64-mingw32/lib/../lib/libmsvcrt.a(deeds00091.o)
 .data          0x0000000000408240        0x0 c:/Program Files/mingw-w64/x86_64-7.1.0-win32-seh-rt_v5-rev2/mingw64/bin/../lib/gcc/x86_64-w64-mingw32/7.1.0/../../../../x86_64-w64-mingw32/lib/../lib/libmsvcrt.a(deeds00083.o)
 .data          0x0000000000408240        0x0 c:/Program Files/mingw-w64/x86_64-7.1.0-win32-seh-rt_v5-rev2/mingw64/bin/../lib/gcc/x86_64-w64-mingw32/7.1.0/../../../../x86_64-w64-mingw32/lib/../lib/libmsvcrt.a(deeds00082.o)
 .data          0x0000000000408240        0x0 c:/Program Files/mingw-w64/x86_64-7.1.0-win32-seh-rt_v5-rev2/mingw64/bin/../lib/gcc/x86_64-w64-mingw32/7.1.0/../../../../x86_64-w64-mingw32/lib/../lib/libmsvcrt.a(deeds00081.o)
 .data          0x0000000000408240        0x0 c:/Program Files/mingw-w64/x86_64-7.1.0-win32-seh-rt_v5-rev2/mingw64/bin/../lib/gcc/x86_64-w64-mingw32/7.1.0/../../../../x86_64-w64-mingw32/lib/../lib/libmsvcrt.a(deeds00078.o)
 .data          0x0000000000408240        0x0 c:/Program Files/mingw-w64/x86_64-7.1.0-win32-seh-rt_v5-rev2/mingw64/bin/../lib/gcc/x86_64-w64-mingw32/7.1.0/../../../../x86_64-w64-mingw32/lib/../lib/libmsvcrt.a(deeds00055.o)
 .data          0x0000000000408240       0x10 c:/Program Files/mingw-w64/x86_64-7.1.0-win32-seh-rt_v5-rev2/mingw64/bin/../lib/gcc/x86_64-w64-mingw32/7.1.0/../../../../x86_64-w64-mingw32/lib/../lib/libmsvcrt.a(lib64_libmsvcrt_a-invalid_parameter_handler.o)
                0x0000000000408240                __imp__get_invalid_parameter_handler
                0x0000000000408248                __imp__set_invalid_parameter_handler
 .data          0x0000000000408250        0x0 c:/Program Files/mingw-w64/x86_64-7.1.0-win32-seh-rt_v5-rev2/mingw64/bin/../lib/gcc/x86_64-w64-mingw32/7.1.0/../../../../x86_64-w64-mingw32/lib/../lib/libmsvcrt.a(deedh.o)
 .data          0x0000000000408250        0x0 c:/Program Files/mingw-w64/x86_64-7.1.0-win32-seh-rt_v5-rev2/mingw64/bin/../lib/gcc/x86_64-w64-mingw32/7.1.0/../../../../x86_64-w64-mingw32/lib/../lib/libmsvcrt.a(deedt.o)
 .data          0x0000000000408250        0x0 c:/Program Files/mingw-w64/x86_64-7.1.0-win32-seh-rt_v5-rev2/mingw64/bin/../lib/gcc/x86_64-w64-mingw32/7.1.0/../../../../x86_64-w64-mingw32/lib/../lib/libkernel32.a(dumds01266.o)
 .data          0x0000000000408250        0x0 c:/Program Files/mingw-w64/x86_64-7.1.0-win32-seh-rt_v5-rev2/mingw64/bin/../lib/gcc/x86_64-w64-mingw32/7.1.0/../../../../x86_64-w64-mingw32/lib/../lib/libkernel32.a(dumds01264.o)
 .data          0x0000000000408250        0x0 c:/Program Files/mingw-w64/x86_64-7.1.0-win32-seh-rt_v5-rev2/mingw64/bin/../lib/gcc/x86_64-w64-mingw32/7.1.0/../../../../x86_64-w64-mingw32/lib/../lib/libkernel32.a(dumds01234.o)
 .data          0x0000000000408250        0x0 c:/Program Files/mingw-w64/x86_64-7.1.0-win32-seh-rt_v5-rev2/mingw64/bin/../lib/gcc/x86_64-w64-mingw32/7.1.0/../../../../x86_64-w64-mingw32/lib/../lib/libkernel32.a(dumds01221.o)
 .data          0x0000000000408250        0x0 c:/Program Files/mingw-w64/x86_64-7.1.0-win32-seh-rt_v5-rev2/mingw64/bin/../lib/gcc/x86_64-w64-mingw32/7.1.0/../../../../x86_64-w64-mingw32/lib/../lib/libkernel32.a(dumds01214.o)
 .data          0x0000000000408250        0x0 c:/Program Files/mingw-w64/x86_64-7.1.0-win32-seh-rt_v5-rev2/mingw64/bin/../lib/gcc/x86_64-w64-mingw32/7.1.0/../../../../x86_64-w64-mingw32/lib/../lib/libkernel32.a(dumds01200.o)
 .data          0x0000000000408250        0x0 c:/Program Files/mingw-w64/x86_64-7.1.0-win32-seh-rt_v5-rev2/mingw64/bin/../lib/gcc/x86_64-w64-mingw32/7.1.0/../../../../x86_64-w64-mingw32/lib/../lib/libkernel32.a(dumds01187.o)
 .data          0x0000000000408250        0x0 c:/Program Files/mingw-w64/x86_64-7.1.0-win32-seh-rt_v5-rev2/mingw64/bin/../lib/gcc/x86_64-w64-mingw32/7.1.0/../../../../x86_64-w64-mingw32/lib/../lib/libkernel32.a(dumds01044.o)
 .data          0x0000000000408250        0x0 c:/Program Files/mingw-w64/x86_64-7.1.0-win32-seh-rt_v5-rev2/mingw64/bin/../lib/gcc/x86_64-w64-mingw32/7.1.0/../../../../x86_64-w64-mingw32/lib/../lib/libkernel32.a(dumds01037.o)
 .data          0x0000000000408250        0x0 c:/Program Files/mingw-w64/x86_64-7.1.0-win32-seh-rt_v5-rev2/mingw64/bin/../lib/gcc/x86_64-w64-mingw32/7.1.0/../../../../x86_64-w64-mingw32/lib/../lib/libkernel32.a(dumds01030.o)
 .data          0x0000000000408250        0x0 c:/Program Files/mingw-w64/x86_64-7.1.0-win32-seh-rt_v5-rev2/mingw64/bin/../lib/gcc/x86_64-w64-mingw32/7.1.0/../../../../x86_64-w64-mingw32/lib/../lib/libkernel32.a(dumds01029.o)
 .data          0x0000000000408250        0x0 c:/Program Files/mingw-w64/x86_64-7.1.0-win32-seh-rt_v5-rev2/mingw64/bin/../lib/gcc/x86_64-w64-mingw32/7.1.0/../../../../x86_64-w64-mingw32/lib/../lib/libkernel32.a(dumds00959.o)
 .data          0x0000000000408250        0x0 c:/Program Files/mingw-w64/x86_64-7.1.0-win32-seh-rt_v5-rev2/mingw64/bin/../lib/gcc/x86_64-w64-mingw32/7.1.0/../../../../x86_64-w64-mingw32/lib/../lib/libkernel32.a(dumds00958.o)
 .data          0x0000000000408250        0x0 c:/Program Files/mingw-w64/x86_64-7.1.0-win32-seh-rt_v5-rev2/mingw64/bin/../lib/gcc/x86_64-w64-mingw32/7.1.0/../../../../x86_64-w64-mingw32/lib/../lib/libkernel32.a(dumds00844.o)
 .data          0x0000000000408250        0x0 c:/Program Files/mingw-w64/x86_64-7.1.0-win32-seh-rt_v5-rev2/mingw64/bin/../lib/gcc/x86_64-w64-mingw32/7.1.0/../../../../x86_64-w64-mingw32/lib/../lib/libkernel32.a(dumds00762.o)
 .data          0x0000000000408250        0x0 c:/Program Files/mingw-w64/x86_64-7.1.0-win32-seh-rt_v5-rev2/mingw64/bin/../lib/gcc/x86_64-w64-mingw32/7.1.0/../../../../x86_64-w64-mingw32/lib/../lib/libkernel32.a(dumds00678.o)
 .data          0x0000000000408250        0x0 c:/Program Files/mingw-w64/x86_64-7.1.0-win32-seh-rt_v5-rev2/mingw64/bin/../lib/gcc/x86_64-w64-mingw32/7.1.0/../../../../x86_64-w64-mingw32/lib/../lib/libkernel32.a(dumds00651.o)
 .data          0x0000000000408250        0x0 c:/Program Files/mingw-w64/x86_64-7.1.0-win32-seh-rt_v5-rev2/mingw64/bin/../lib/gcc/x86_64-w64-mingw32/7.1.0/../../../../x86_64-w64-mingw32/lib/../lib/libkernel32.a(dumds00628.o)
 .data          0x0000000000408250        0x0 c:/Program Files/mingw-w64/x86_64-7.1.0-win32-seh-rt_v5-rev2/mingw64/bin/../lib/gcc/x86_64-w64-mingw32/7.1.0/../../../../x86_64-w64-mingw32/lib/../lib/libkernel32.a(dumds00529.o)
 .data          0x0000000000408250        0x0 c:/Program Files/mingw-w64/x86_64-7.1.0-win32-seh-rt_v5-rev2/mingw64/bin/../lib/gcc/x86_64-w64-mingw32/7.1.0/../../../../x86_64-w64-mingw32/lib/../lib/libkernel32.a(dumds00467.o)
 .data          0x0000000000408250        0x0 c:/Program Files/mingw-w64/x86_64-7.1.0-win32-seh-rt_v5-rev2/mingw64/bin/../lib/gcc/x86_64-w64-mingw32/7.1.0/../../../../x86_64-w64-mingw32/lib/../lib/libkernel32.a(dumds00463.o)
 .data          0x0000000000408250        0x0 c:/Program Files/mingw-w64/x86_64-7.1.0-win32-seh-rt_v5-rev2/mingw64/bin/../lib/gcc/x86_64-w64-mingw32/7.1.0/../../../../x86_64-w64-mingw32/lib/../lib/libkernel32.a(dumds00462.o)
 .data          0x0000000000408250        0x0 c:/Program Files/mingw-w64/x86_64-7.1.0-win32-seh-rt_v5-rev2/mingw64/bin/../lib/gcc/x86_64-w64-mingw32/7.1.0/../../../../x86_64-w64-mingw32/lib/../lib/libkernel32.a(dumds00249.o)
 .data          0x0000000000408250        0x0 c:/Program Files/mingw-w64/x86_64-7.1.0-win32-seh-rt_v5-rev2/mingw64/bin/../lib/gcc/x86_64-w64-mingw32/7.1.0/../../../../x86_64-w64-mingw32/lib/../lib/libkernel32.a(dumds00216.o)
 .data          0x0000000000408250        0x0 c:/Program Files/mingw-w64/x86_64-7.1.0-win32-seh-rt_v5-rev2/mingw64/bin/../lib/gcc/x86_64-w64-mingw32/7.1.0/../../../../x86_64-w64-mingw32/lib/../lib/libkernel32.a(dumds00186.o)
 .data          0x0000000000408250        0x0 c:/Program Files/mingw-w64/x86_64-7.1.0-win32-seh-rt_v5-rev2/mingw64/bin/../lib/gcc/x86_64-w64-mingw32/7.1.0/../../../../x86_64-w64-mingw32/lib/../lib/libkernel32.a(dumds00085.o)
 .data          0x0000000000408250        0x0 c:/Program Files/mingw-w64/x86_64-7.1.0-win32-seh-rt_v5-rev2/mingw64/bin/../lib/gcc/x86_64-w64-mingw32/7.1.0/../../../../x86_64-w64-mingw32/lib/../lib/libkernel32.a(dumdh.o)
 .data          0x0000000000408250        0x0 c:/Program Files/mingw-w64/x86_64-7.1.0-win32-seh-rt_v5-rev2/mingw64/bin/../lib/gcc/x86_64-w64-mingw32/7.1.0/../../../../x86_64-w64-mingw32/lib/../lib/libkernel32.a(dumdt.o)
 .data          0x0000000000408250        0x0 c:/Program Files/mingw-w64/x86_64-7.1.0-win32-seh-rt_v5-rev2/mingw64/bin/../lib/gcc/x86_64-w64-mingw32/7.1.0/crtend.o
 *(.data2)
 *(SORT(.data$*))
 .data$__security_cookie
                0x0000000000408250       0x10 c:/Program Files/mingw-w64/x86_64-7.1.0-win32-seh-rt_v5-rev2/mingw64/bin/../lib/gcc/x86_64-w64-mingw32/7.1.0/../../../../x86_64-w64-mingw32/lib/../lib/libmingw32.a(lib64_libmingw32_a-gs_support.o)
                0x0000000000408250                __security_cookie
 .data$__security_cookie_complement
                0x0000000000408260       0x10 c:/Program Files/mingw-w64/x86_64-7.1.0-win32-seh-rt_v5-rev2/mingw64/bin/../lib/gcc/x86_64-w64-mingw32/7.1.0/../../../../x86_64-w64-mingw32/lib/../lib/libmingw32.a(lib64_libmingw32_a-gs_support.o)
                0x0000000000408260                __security_cookie_complement
 *(.jcr)
                0x0000000000408270                __data_end__ = .
 *(.data_cygwin_nocopy)

.rdata          0x0000000000409000     0x1000
 *(.rdata)
 .rdata         0x0000000000409000      0x360 windows/build/obj/main.o
 .rdata         0x0000000000409360       0x40 windows/lib/libexsys_w.a(adder_tag_space.o)
 .rdata         0x00000000004093a0       0x40 windows/lib/libexsys_w.a(delayer_tag_space.o)
 .rdata         0x00000000004093e0      0x160 windows/lib/libexsys_w.a(espdevice_tag_space.o)
 .rdata         0x0000000000409540       0x90 windows/lib/libexsys_w.a(mqtt_tag_space.o)
 .rdata         0x00000000004095d0       0x70 windows/lib/libexsys_w.a(rf_tag_space.o)
 .rdata         0x0000000000409640       0x40 windows/lib/libexsys_w.a(setting_tag_space.o)
 .rdata         0x0000000000409680       0xa0 windows/lib/libexsys_w.a(dbg_tag_space.o)
 .rdata         0x0000000000409720       0x10 c:/Program Files/mingw-w64/x86_64-7.1.0-win32-seh-rt_v5-rev2/mingw64/bin/../lib/gcc/x86_64-w64-mingw32/7.1.0/../../../../x86_64-w64-mingw32/lib/../lib/libmingw32.a(lib64_libmingw32_a-gs_support.o)
 .rdata         0x0000000000409730       0x10 c:/Program Files/mingw-w64/x86_64-7.1.0-win32-seh-rt_v5-rev2/mingw64/bin/../lib/gcc/x86_64-w64-mingw32/7.1.0/../../../../x86_64-w64-mingw32/lib/../lib/libmingw32.a(lib64_libmingw32_a-tlssup.o)
                0x0000000000409730                __dyn_tls_init_callback
 .rdata         0x0000000000409740      0x140 c:/Program Files/mingw-w64/x86_64-7.1.0-win32-seh-rt_v5-rev2/mingw64/bin/../lib/gcc/x86_64-w64-mingw32/7.1.0/../../../../x86_64-w64-mingw32/lib/../lib/libmingw32.a(lib64_libmingw32_a-merr.o)
 .rdata         0x0000000000409880      0x110 c:/Program Files/mingw-w64/x86_64-7.1.0-win32-seh-rt_v5-rev2/mingw64/bin/../lib/gcc/x86_64-w64-mingw32/7.1.0/../../../../x86_64-w64-mingw32/lib/../lib/libmingw32.a(lib64_libmingw32_a-pseudo-reloc.o)
 .rdata         0x0000000000409990       0x10 c:/Program Files/mingw-w64/x86_64-7.1.0-win32-seh-rt_v5-rev2/mingw64/bin/../lib/gcc/x86_64-w64-mingw32/7.1.0/../../../../x86_64-w64-mingw32/lib/../lib/libmingw32.a(lib64_libmingw32_a-crt_handler.o)
 *(SORT(.rdata$*))
 .rdata$.refptr._CRT_MT
                0x00000000004099a0       0x10 c:/Program Files/mingw-w64/x86_64-7.1.0-win32-seh-rt_v5-rev2/mingw64/bin/../lib/gcc/x86_64-w64-mingw32/7.1.0/../../../../x86_64-w64-mingw32/lib/../lib/libmingw32.a(lib64_libmingw32_a-tlssup.o)
                0x00000000004099a0                .refptr._CRT_MT
 .rdata$.refptr._MINGW_INSTALL_DEBUG_MATHERR
                0x00000000004099b0       0x10 c:/Program Files/mingw-w64/x86_64-7.1.0-win32-seh-rt_v5-rev2/mingw64/bin/../lib/gcc/x86_64-w64-mingw32/7.1.0/../../../../x86_64-w64-mingw32/lib/../lib/crt2.o
                0x00000000004099b0                .refptr._MINGW_INSTALL_DEBUG_MATHERR
 .rdata$.refptr.__CTOR_LIST__
                0x00000000004099c0       0x10 c:/Program Files/mingw-w64/x86_64-7.1.0-win32-seh-rt_v5-rev2/mingw64/bin/../lib/gcc/x86_64-w64-mingw32/7.1.0/../../../../x86_64-w64-mingw32/lib/../lib/libmingw32.a(lib64_libmingw32_a-gccmain.o)
                0x00000000004099c0                .refptr.__CTOR_LIST__
 .rdata$.refptr.__RUNTIME_PSEUDO_RELOC_LIST_END__
                0x00000000004099d0       0x10 c:/Program Files/mingw-w64/x86_64-7.1.0-win32-seh-rt_v5-rev2/mingw64/bin/../lib/gcc/x86_64-w64-mingw32/7.1.0/../../../../x86_64-w64-mingw32/lib/../lib/libmingw32.a(lib64_libmingw32_a-pseudo-reloc.o)
                0x00000000004099d0                .refptr.__RUNTIME_PSEUDO_RELOC_LIST_END__
 .rdata$.refptr.__RUNTIME_PSEUDO_RELOC_LIST__
                0x00000000004099e0       0x10 c:/Program Files/mingw-w64/x86_64-7.1.0-win32-seh-rt_v5-rev2/mingw64/bin/../lib/gcc/x86_64-w64-mingw32/7.1.0/../../../../x86_64-w64-mingw32/lib/../lib/libmingw32.a(lib64_libmingw32_a-pseudo-reloc.o)
                0x00000000004099e0                .refptr.__RUNTIME_PSEUDO_RELOC_LIST__
 .rdata$.refptr.__dyn_tls_init_callback
                0x00000000004099f0       0x10 c:/Program Files/mingw-w64/x86_64-7.1.0-win32-seh-rt_v5-rev2/mingw64/bin/../lib/gcc/x86_64-w64-mingw32/7.1.0/../../../../x86_64-w64-mingw32/lib/../lib/crt2.o
                0x00000000004099f0                .refptr.__dyn_tls_init_callback
 .rdata$.refptr.__image_base__
                0x0000000000409a00       0x10 c:/Program Files/mingw-w64/x86_64-7.1.0-win32-seh-rt_v5-rev2/mingw64/bin/../lib/gcc/x86_64-w64-mingw32/7.1.0/../../../../x86_64-w64-mingw32/lib/../lib/crt2.o
                0x0000000000409a00                .refptr.__image_base__
 .rdata$.refptr.__imp___initenv
                0x0000000000409a10       0x10 c:/Program Files/mingw-w64/x86_64-7.1.0-win32-seh-rt_v5-rev2/mingw64/bin/../lib/gcc/x86_64-w64-mingw32/7.1.0/../../../../x86_64-w64-mingw32/lib/../lib/crt2.o
                0x0000000000409a10                .refptr.__imp___initenv
 .rdata$.refptr.__imp__acmdln
                0x0000000000409a20       0x10 c:/Program Files/mingw-w64/x86_64-7.1.0-win32-seh-rt_v5-rev2/mingw64/bin/../lib/gcc/x86_64-w64-mingw32/7.1.0/../../../../x86_64-w64-mingw32/lib/../lib/crt2.o
                0x0000000000409a20                .refptr.__imp__acmdln
 .rdata$.refptr.__imp__fmode
                0x0000000000409a30       0x10 c:/Program Files/mingw-w64/x86_64-7.1.0-win32-seh-rt_v5-rev2/mingw64/bin/../lib/gcc/x86_64-w64-mingw32/7.1.0/../../../../x86_64-w64-mingw32/lib/../lib/crt2.o
                0x0000000000409a30                .refptr.__imp__fmode
 .rdata$.refptr.__imp__onexit
                0x0000000000409a40       0x10 c:/Program Files/mingw-w64/x86_64-7.1.0-win32-seh-rt_v5-rev2/mingw64/bin/../lib/gcc/x86_64-w64-mingw32/7.1.0/../../../../x86_64-w64-mingw32/lib/../lib/libmingw32.a(lib64_libmingw32_a-atonexit.o)
                0x0000000000409a40                .refptr.__imp__onexit
 .rdata$.refptr.__mingw_oldexcpt_handler
                0x0000000000409a50       0x10 c:/Program Files/mingw-w64/x86_64-7.1.0-win32-seh-rt_v5-rev2/mingw64/bin/../lib/gcc/x86_64-w64-mingw32/7.1.0/../../../../x86_64-w64-mingw32/lib/../lib/crt2.o
                0x0000000000409a50                .refptr.__mingw_oldexcpt_handler
 .rdata$.refptr.__native_startup_lock
                0x0000000000409a60       0x10 c:/Program Files/mingw-w64/x86_64-7.1.0-win32-seh-rt_v5-rev2/mingw64/bin/../lib/gcc/x86_64-w64-mingw32/7.1.0/../../../../x86_64-w64-mingw32/lib/../lib/crt2.o
                0x0000000000409a60                .refptr.__native_startup_lock
 .rdata$.refptr.__native_startup_state
                0x0000000000409a70       0x10 c:/Program Files/mingw-w64/x86_64-7.1.0-win32-seh-rt_v5-rev2/mingw64/bin/../lib/gcc/x86_64-w64-mingw32/7.1.0/../../../../x86_64-w64-mingw32/lib/../lib/crt2.o
                0x0000000000409a70                .refptr.__native_startup_state
 .rdata$.refptr.__onexitbegin
                0x0000000000409a80       0x10 c:/Program Files/mingw-w64/x86_64-7.1.0-win32-seh-rt_v5-rev2/mingw64/bin/../lib/gcc/x86_64-w64-mingw32/7.1.0/../../../../x86_64-w64-mingw32/lib/../lib/crt2.o
                0x0000000000409a80                .refptr.__onexitbegin
 .rdata$.refptr.__onexitend
                0x0000000000409a90       0x10 c:/Program Files/mingw-w64/x86_64-7.1.0-win32-seh-rt_v5-rev2/mingw64/bin/../lib/gcc/x86_64-w64-mingw32/7.1.0/../../../../x86_64-w64-mingw32/lib/../lib/crt2.o
                0x0000000000409a90                .refptr.__onexitend
 .rdata$.refptr.__xc_a
                0x0000000000409aa0       0x10 c:/Program Files/mingw-w64/x86_64-7.1.0-win32-seh-rt_v5-rev2/mingw64/bin/../lib/gcc/x86_64-w64-mingw32/7.1.0/../../../../x86_64-w64-mingw32/lib/../lib/crt2.o
                0x0000000000409aa0                .refptr.__xc_a
 .rdata$.refptr.__xc_z
                0x0000000000409ab0       0x10 c:/Program Files/mingw-w64/x86_64-7.1.0-win32-seh-rt_v5-rev2/mingw64/bin/../lib/gcc/x86_64-w64-mingw32/7.1.0/../../../../x86_64-w64-mingw32/lib/../lib/crt2.o
                0x0000000000409ab0                .refptr.__xc_z
 .rdata$.refptr.__xi_a
                0x0000000000409ac0       0x10 c:/Program Files/mingw-w64/x86_64-7.1.0-win32-seh-rt_v5-rev2/mingw64/bin/../lib/gcc/x86_64-w64-mingw32/7.1.0/../../../../x86_64-w64-mingw32/lib/../lib/crt2.o
                0x0000000000409ac0                .refptr.__xi_a
 .rdata$.refptr.__xi_z
                0x0000000000409ad0       0x10 c:/Program Files/mingw-w64/x86_64-7.1.0-win32-seh-rt_v5-rev2/mingw64/bin/../lib/gcc/x86_64-w64-mingw32/7.1.0/../../../../x86_64-w64-mingw32/lib/../lib/crt2.o
                0x0000000000409ad0                .refptr.__xi_z
 .rdata$.refptr._dowildcard
                0x0000000000409ae0       0x10 c:/Program Files/mingw-w64/x86_64-7.1.0-win32-seh-rt_v5-rev2/mingw64/bin/../lib/gcc/x86_64-w64-mingw32/7.1.0/../../../../x86_64-w64-mingw32/lib/../lib/crt2.o
                0x0000000000409ae0                .refptr._dowildcard
 .rdata$.refptr._fmode
                0x0000000000409af0       0x10 c:/Program Files/mingw-w64/x86_64-7.1.0-win32-seh-rt_v5-rev2/mingw64/bin/../lib/gcc/x86_64-w64-mingw32/7.1.0/../../../../x86_64-w64-mingw32/lib/../lib/crt2.o
                0x0000000000409af0                .refptr._fmode
 .rdata$.refptr._gnu_exception_handler
                0x0000000000409b00       0x10 c:/Program Files/mingw-w64/x86_64-7.1.0-win32-seh-rt_v5-rev2/mingw64/bin/../lib/gcc/x86_64-w64-mingw32/7.1.0/../../../../x86_64-w64-mingw32/lib/../lib/crt2.o
                0x0000000000409b00                .refptr._gnu_exception_handler
 .rdata$.refptr._matherr
                0x0000000000409b10       0x10 c:/Program Files/mingw-w64/x86_64-7.1.0-win32-seh-rt_v5-rev2/mingw64/bin/../lib/gcc/x86_64-w64-mingw32/7.1.0/../../../../x86_64-w64-mingw32/lib/../lib/crt2.o
                0x0000000000409b10                .refptr._matherr
 .rdata$.refptr._newmode
                0x0000000000409b20       0x10 c:/Program Files/mingw-w64/x86_64-7.1.0-win32-seh-rt_v5-rev2/mingw64/bin/../lib/gcc/x86_64-w64-mingw32/7.1.0/../../../../x86_64-w64-mingw32/lib/../lib/crt2.o
                0x0000000000409b20                .refptr._newmode
 .rdata$.refptr.mingw_app_type
                0x0000000000409b30       0x10 c:/Program Files/mingw-w64/x86_64-7.1.0-win32-seh-rt_v5-rev2/mingw64/bin/../lib/gcc/x86_64-w64-mingw32/7.1.0/../../../../x86_64-w64-mingw32/lib/../lib/crt2.o
                0x0000000000409b30                .refptr.mingw_app_type
 .rdata$.refptr.mingw_initcharmax
                0x0000000000409b40       0x10 c:/Program Files/mingw-w64/x86_64-7.1.0-win32-seh-rt_v5-rev2/mingw64/bin/../lib/gcc/x86_64-w64-mingw32/7.1.0/../../../../x86_64-w64-mingw32/lib/../lib/crt2.o
                0x0000000000409b40                .refptr.mingw_initcharmax
 .rdata$.refptr.mingw_initltsdrot_force
                0x0000000000409b50       0x10 c:/Program Files/mingw-w64/x86_64-7.1.0-win32-seh-rt_v5-rev2/mingw64/bin/../lib/gcc/x86_64-w64-mingw32/7.1.0/../../../../x86_64-w64-mingw32/lib/../lib/crt2.o
                0x0000000000409b50                .refptr.mingw_initltsdrot_force
 .rdata$.refptr.mingw_initltsdyn_force
                0x0000000000409b60       0x10 c:/Program Files/mingw-w64/x86_64-7.1.0-win32-seh-rt_v5-rev2/mingw64/bin/../lib/gcc/x86_64-w64-mingw32/7.1.0/../../../../x86_64-w64-mingw32/lib/../lib/crt2.o
                0x0000000000409b60                .refptr.mingw_initltsdyn_force
 .rdata$.refptr.mingw_initltssuo_force
                0x0000000000409b70       0x10 c:/Program Files/mingw-w64/x86_64-7.1.0-win32-seh-rt_v5-rev2/mingw64/bin/../lib/gcc/x86_64-w64-mingw32/7.1.0/../../../../x86_64-w64-mingw32/lib/../lib/crt2.o
                0x0000000000409b70                .refptr.mingw_initltssuo_force
 .rdata$zzz     0x0000000000409b80       0x40 windows/build/obj/main.o
 .rdata$zzz     0x0000000000409bc0       0x40 windows/build/obj/win_platform.o
 .rdata$zzz     0x0000000000409c00       0x40 windows/lib/libexsys_w.a(adder_tag_space.o)
 .rdata$zzz     0x0000000000409c40       0x40 windows/lib/libexsys_w.a(config.o)
 .rdata$zzz     0x0000000000409c80       0x40 windows/lib/libexsys_w.a(delayer_tag_space.o)
 .rdata$zzz     0x0000000000409cc0       0x40 windows/lib/libexsys_w.a(espdevice_tag_space.o)
 .rdata$zzz     0x0000000000409d00       0x40 windows/lib/libexsys_w.a(mqtt_tag_space.o)
 .rdata$zzz     0x0000000000409d40       0x40 windows/lib/libexsys_w.a(rf_tag_space.o)
 .rdata$zzz     0x0000000000409d80       0x40 windows/lib/libexsys_w.a(setting_tag_space.o)
 .rdata$zzz     0x0000000000409dc0       0x40 windows/lib/libexsys_w.a(tag_space.o)
 .rdata$zzz     0x0000000000409e00       0x40 windows/lib/libexsys_w.a(tag_type_registr.o)
 .rdata$zzz     0x0000000000409e40       0x40 windows/lib/libexsys_w.a(dbg_tag_space.o)
                0x0000000000409e80                __rt_psrelocs_start = .
 *(.rdata_runtime_pseudo_reloc)
                0x0000000000409e80                __rt_psrelocs_end = .
                0x0000000000000000                __rt_psrelocs_size = (__rt_psrelocs_end - __rt_psrelocs_start)
                0x0000000000409e80                ___RUNTIME_PSEUDO_RELOC_LIST_END__ = .
                0x0000000000409e80                __RUNTIME_PSEUDO_RELOC_LIST_END__ = .
                0x0000000000409e80                ___RUNTIME_PSEUDO_RELOC_LIST__ = (. - __rt_psrelocs_size)
                0x0000000000409e80                __RUNTIME_PSEUDO_RELOC_LIST__ = (. - __rt_psrelocs_size)

.eh_frame
 *(.eh_frame*)

.pdata          0x000000000040a000      0x800
 *(.pdata*)
 .pdata         0x000000000040a000       0x48 c:/Program Files/mingw-w64/x86_64-7.1.0-win32-seh-rt_v5-rev2/mingw64/bin/../lib/gcc/x86_64-w64-mingw32/7.1.0/../../../../x86_64-w64-mingw32/lib/../lib/crt2.o
 .pdata         0x000000000040a048       0x18 c:/Program Files/mingw-w64/x86_64-7.1.0-win32-seh-rt_v5-rev2/mingw64/bin/../lib/gcc/x86_64-w64-mingw32/7.1.0/crtbegin.o
 .pdata         0x000000000040a060       0x48 windows/build/obj/main.o
 .pdata         0x000000000040a0a8       0x18 windows/build/obj/win_platform.o
 .pdata         0x000000000040a0c0       0x48 windows/lib/libexsys_w.a(adder_tag_space.o)
 .pdata         0x000000000040a108        0xc windows/lib/libexsys_w.a(config.o)
 .pdata         0x000000000040a114       0x48 windows/lib/libexsys_w.a(delayer_tag_space.o)
 .pdata         0x000000000040a15c       0x60 windows/lib/libexsys_w.a(espdevice_tag_space.o)
 .pdata         0x000000000040a1bc       0xc0 windows/lib/libexsys_w.a(mqtt_tag_space.o)
 .pdata         0x000000000040a27c       0x54 windows/lib/libexsys_w.a(rf_tag_space.o)
 .pdata         0x000000000040a2d0       0x48 windows/lib/libexsys_w.a(setting_tag_space.o)
 .pdata         0x000000000040a318      0x174 windows/lib/libexsys_w.a(tag_space.o)
 .pdata         0x000000000040a48c       0x30 windows/lib/libexsys_w.a(tag_type_registr.o)
 .pdata         0x000000000040a4bc       0x30 windows/lib/libexsys_w.a(dbg_tag_space.o)
 .pdata         0x000000000040a4ec       0x18 c:/Program Files/mingw-w64/x86_64-7.1.0-win32-seh-rt_v5-rev2/mingw64/bin/../lib/gcc/x86_64-w64-mingw32/7.1.0/../../../../x86_64-w64-mingw32/lib/../lib/libmingw32.a(lib64_libmingw32_a-atonexit.o)
 .pdata         0x000000000040a504       0x24 c:/Program Files/mingw-w64/x86_64-7.1.0-win32-seh-rt_v5-rev2/mingw64/bin/../lib/gcc/x86_64-w64-mingw32/7.1.0/../../../../x86_64-w64-mingw32/lib/../lib/libmingw32.a(lib64_libmingw32_a-gccmain.o)
 .pdata         0x000000000040a528        0xc c:/Program Files/mingw-w64/x86_64-7.1.0-win32-seh-rt_v5-rev2/mingw64/bin/../lib/gcc/x86_64-w64-mingw32/7.1.0/../../../../x86_64-w64-mingw32/lib/../lib/libmingw32.a(lib64_libmingw32_a-charmax.o)
 .pdata         0x000000000040a534        0xc c:/Program Files/mingw-w64/x86_64-7.1.0-win32-seh-rt_v5-rev2/mingw64/bin/../lib/gcc/x86_64-w64-mingw32/7.1.0/../../../../x86_64-w64-mingw32/lib/../lib/libmingw32.a(lib64_libmingw32_a-dllargv.o)
 .pdata         0x000000000040a540       0x18 c:/Program Files/mingw-w64/x86_64-7.1.0-win32-seh-rt_v5-rev2/mingw64/bin/../lib/gcc/x86_64-w64-mingw32/7.1.0/../../../../x86_64-w64-mingw32/lib/../lib/libmingw32.a(lib64_libmingw32_a-gs_support.o)
 .pdata         0x000000000040a558       0x24 c:/Program Files/mingw-w64/x86_64-7.1.0-win32-seh-rt_v5-rev2/mingw64/bin/../lib/gcc/x86_64-w64-mingw32/7.1.0/../../../../x86_64-w64-mingw32/lib/../lib/libmingw32.a(lib64_libmingw32_a-tlssup.o)
 .pdata         0x000000000040a57c       0x24 c:/Program Files/mingw-w64/x86_64-7.1.0-win32-seh-rt_v5-rev2/mingw64/bin/../lib/gcc/x86_64-w64-mingw32/7.1.0/../../../../x86_64-w64-mingw32/lib/../lib/libmingw32.a(lib64_libmingw32_a-merr.o)
 .pdata         0x000000000040a5a0        0xc c:/Program Files/mingw-w64/x86_64-7.1.0-win32-seh-rt_v5-rev2/mingw64/bin/../lib/gcc/x86_64-w64-mingw32/7.1.0/../../../../x86_64-w64-mingw32/lib/../lib/libmingw32.a(lib64_libmingw32_a-CRT_fp10.o)
 .pdata         0x000000000040a5ac       0x18 c:/Program Files/mingw-w64/x86_64-7.1.0-win32-seh-rt_v5-rev2/mingw64/bin/../lib/gcc/x86_64-w64-mingw32/7.1.0/../../../../x86_64-w64-mingw32/lib/../lib/libmingw32.a(lib64_libmingw32_a-mingw_helpers.o)
 .pdata         0x000000000040a5c4       0x24 c:/Program Files/mingw-w64/x86_64-7.1.0-win32-seh-rt_v5-rev2/mingw64/bin/../lib/gcc/x86_64-w64-mingw32/7.1.0/../../../../x86_64-w64-mingw32/lib/../lib/libmingw32.a(lib64_libmingw32_a-pseudo-reloc.o)
 .pdata         0x000000000040a5e8       0x24 c:/Program Files/mingw-w64/x86_64-7.1.0-win32-seh-rt_v5-rev2/mingw64/bin/../lib/gcc/x86_64-w64-mingw32/7.1.0/../../../../x86_64-w64-mingw32/lib/../lib/libmingw32.a(lib64_libmingw32_a-crt_handler.o)
 .pdata         0x000000000040a60c       0x30 c:/Program Files/mingw-w64/x86_64-7.1.0-win32-seh-rt_v5-rev2/mingw64/bin/../lib/gcc/x86_64-w64-mingw32/7.1.0/../../../../x86_64-w64-mingw32/lib/../lib/libmingw32.a(lib64_libmingw32_a-tlsthrd.o)
 .pdata         0x000000000040a63c       0x78 c:/Program Files/mingw-w64/x86_64-7.1.0-win32-seh-rt_v5-rev2/mingw64/bin/../lib/gcc/x86_64-w64-mingw32/7.1.0/../../../../x86_64-w64-mingw32/lib/../lib/libmingw32.a(lib64_libmingw32_a-pesect.o)
 .pdata         0x000000000040a6b4       0x18 c:/Program Files/mingw-w64/x86_64-7.1.0-win32-seh-rt_v5-rev2/mingw64/bin/../lib/gcc/x86_64-w64-mingw32/7.1.0/../../../../x86_64-w64-mingw32/lib/../lib/libmsvcrt.a(lib64_libmsvcrt_a-invalid_parameter_handler.o)
 .pdata.startup
                0x000000000040a6cc        0xc c:/Program Files/mingw-w64/x86_64-7.1.0-win32-seh-rt_v5-rev2/mingw64/bin/../lib/gcc/x86_64-w64-mingw32/7.1.0/crtend.o

.xdata          0x000000000040b000      0x800
 *(.xdata*)
 .xdata         0x000000000040b000       0x68 c:/Program Files/mingw-w64/x86_64-7.1.0-win32-seh-rt_v5-rev2/mingw64/bin/../lib/gcc/x86_64-w64-mingw32/7.1.0/../../../../x86_64-w64-mingw32/lib/../lib/crt2.o
 .xdata         0x000000000040b068       0x10 c:/Program Files/mingw-w64/x86_64-7.1.0-win32-seh-rt_v5-rev2/mingw64/bin/../lib/gcc/x86_64-w64-mingw32/7.1.0/crtbegin.o
 .xdata         0x000000000040b078       0x44 windows/build/obj/main.o
 .xdata         0x000000000040b0bc       0x18 windows/build/obj/win_platform.o
 .xdata         0x000000000040b0d4       0x44 windows/lib/libexsys_w.a(adder_tag_space.o)
 .xdata         0x000000000040b118        0xc windows/lib/libexsys_w.a(config.o)
 .xdata         0x000000000040b124       0x48 windows/lib/libexsys_w.a(delayer_tag_space.o)
 .xdata         0x000000000040b16c       0x54 windows/lib/libexsys_w.a(espdevice_tag_space.o)
 .xdata         0x000000000040b1c0       0xb4 windows/lib/libexsys_w.a(mqtt_tag_space.o)
 .xdata         0x000000000040b274       0x4c windows/lib/libexsys_w.a(rf_tag_space.o)
 .xdata         0x000000000040b2c0       0x44 windows/lib/libexsys_w.a(setting_tag_space.o)
 .xdata         0x000000000040b304      0x164 windows/lib/libexsys_w.a(tag_space.o)
 .xdata         0x000000000040b468       0x2c windows/lib/libexsys_w.a(tag_type_registr.o)
 .xdata         0x000000000040b494       0x30 windows/lib/libexsys_w.a(dbg_tag_space.o)
 .xdata         0x000000000040b4c4       0x10 c:/Program Files/mingw-w64/x86_64-7.1.0-win32-seh-rt_v5-rev2/mingw64/bin/../lib/gcc/x86_64-w64-mingw32/7.1.0/../../../../x86_64-w64-mingw32/lib/../lib/libmingw32.a(lib64_libmingw32_a-atonexit.o)
 .xdata         0x000000000040b4d4       0x18 c:/Program Files/mingw-w64/x86_64-7.1.0-win32-seh-rt_v5-rev2/mingw64/bin/../lib/gcc/x86_64-w64-mingw32/7.1.0/../../../../x86_64-w64-mingw32/lib/../lib/libmingw32.a(lib64_libmingw32_a-gccmain.o)
 .xdata         0x000000000040b4ec        0x4 c:/Program Files/mingw-w64/x86_64-7.1.0-win32-seh-rt_v5-rev2/mingw64/bin/../lib/gcc/x86_64-w64-mingw32/7.1.0/../../../../x86_64-w64-mingw32/lib/../lib/libmingw32.a(lib64_libmingw32_a-charmax.o)
 .xdata         0x000000000040b4f0        0x4 c:/Program Files/mingw-w64/x86_64-7.1.0-win32-seh-rt_v5-rev2/mingw64/bin/../lib/gcc/x86_64-w64-mingw32/7.1.0/../../../../x86_64-w64-mingw32/lib/../lib/libmingw32.a(lib64_libmingw32_a-dllargv.o)
 .xdata         0x000000000040b4f4       0x20 c:/Program Files/mingw-w64/x86_64-7.1.0-win32-seh-rt_v5-rev2/mingw64/bin/../lib/gcc/x86_64-w64-mingw32/7.1.0/../../../../x86_64-w64-mingw32/lib/../lib/libmingw32.a(lib64_libmingw32_a-gs_support.o)
 .xdata         0x000000000040b514       0x18 c:/Program Files/mingw-w64/x86_64-7.1.0-win32-seh-rt_v5-rev2/mingw64/bin/../lib/gcc/x86_64-w64-mingw32/7.1.0/../../../../x86_64-w64-mingw32/lib/../lib/libmingw32.a(lib64_libmingw32_a-tlssup.o)
 .xdata         0x000000000040b52c       0x24 c:/Program Files/mingw-w64/x86_64-7.1.0-win32-seh-rt_v5-rev2/mingw64/bin/../lib/gcc/x86_64-w64-mingw32/7.1.0/../../../../x86_64-w64-mingw32/lib/../lib/libmingw32.a(lib64_libmingw32_a-merr.o)
 .xdata         0x000000000040b550        0x4 c:/Program Files/mingw-w64/x86_64-7.1.0-win32-seh-rt_v5-rev2/mingw64/bin/../lib/gcc/x86_64-w64-mingw32/7.1.0/../../../../x86_64-w64-mingw32/lib/../lib/libmingw32.a(lib64_libmingw32_a-CRT_fp10.o)
 .xdata         0x000000000040b554        0x8 c:/Program Files/mingw-w64/x86_64-7.1.0-win32-seh-rt_v5-rev2/mingw64/bin/../lib/gcc/x86_64-w64-mingw32/7.1.0/../../../../x86_64-w64-mingw32/lib/../lib/libmingw32.a(lib64_libmingw32_a-mingw_helpers.o)
 .xdata         0x000000000040b55c       0x38 c:/Program Files/mingw-w64/x86_64-7.1.0-win32-seh-rt_v5-rev2/mingw64/bin/../lib/gcc/x86_64-w64-mingw32/7.1.0/../../../../x86_64-w64-mingw32/lib/../lib/libmingw32.a(lib64_libmingw32_a-pseudo-reloc.o)
 .xdata         0x000000000040b594       0x20 c:/Program Files/mingw-w64/x86_64-7.1.0-win32-seh-rt_v5-rev2/mingw64/bin/../lib/gcc/x86_64-w64-mingw32/7.1.0/../../../../x86_64-w64-mingw32/lib/../lib/libmingw32.a(lib64_libmingw32_a-crt_handler.o)
 .xdata         0x000000000040b5b4       0x30 c:/Program Files/mingw-w64/x86_64-7.1.0-win32-seh-rt_v5-rev2/mingw64/bin/../lib/gcc/x86_64-w64-mingw32/7.1.0/../../../../x86_64-w64-mingw32/lib/../lib/libmingw32.a(lib64_libmingw32_a-tlsthrd.o)
 .xdata         0x000000000040b5e4       0x48 c:/Program Files/mingw-w64/x86_64-7.1.0-win32-seh-rt_v5-rev2/mingw64/bin/../lib/gcc/x86_64-w64-mingw32/7.1.0/../../../../x86_64-w64-mingw32/lib/../lib/libmingw32.a(lib64_libmingw32_a-pesect.o)
 .xdata         0x000000000040b62c        0x8 c:/Program Files/mingw-w64/x86_64-7.1.0-win32-seh-rt_v5-rev2/mingw64/bin/../lib/gcc/x86_64-w64-mingw32/7.1.0/../../../../x86_64-w64-mingw32/lib/../lib/libmsvcrt.a(lib64_libmsvcrt_a-invalid_parameter_handler.o)
 .xdata.startup
                0x000000000040b634        0x8 c:/Program Files/mingw-w64/x86_64-7.1.0-win32-seh-rt_v5-rev2/mingw64/bin/../lib/gcc/x86_64-w64-mingw32/7.1.0/crtend.o

.bss            0x000000000040c000     0x1da8
                0x000000000040c000                __bss_start__ = .
 *(.bss)
 .bss           0x000000000040c000       0x30 c:/Program Files/mingw-w64/x86_64-7.1.0-win32-seh-rt_v5-rev2/mingw64/bin/../lib/gcc/x86_64-w64-mingw32/7.1.0/../../../../x86_64-w64-mingw32/lib/../lib/crt2.o
 .bss           0x000000000040c030        0x0 c:/Program Files/mingw-w64/x86_64-7.1.0-win32-seh-rt_v5-rev2/mingw64/bin/../lib/gcc/x86_64-w64-mingw32/7.1.0/crtbegin.o
 .bss           0x000000000040c030        0x0 windows/build/obj/main.o
 .bss           0x000000000040c030       0x10 windows/build/obj/win_platform.o
 .bss           0x000000000040c040       0x10 windows/lib/libexsys_w.a(adder_tag_space.o)
 .bss           0x000000000040c050        0x0 windows/lib/libexsys_w.a(config.o)
 .bss           0x000000000040c050       0x10 windows/lib/libexsys_w.a(delayer_tag_space.o)
 .bss           0x000000000040c060       0x10 windows/lib/libexsys_w.a(espdevice_tag_space.o)
 .bss           0x000000000040c070       0x20 windows/lib/libexsys_w.a(mqtt_tag_space.o)
 .bss           0x000000000040c090       0x10 windows/lib/libexsys_w.a(rf_tag_space.o)
 .bss           0x000000000040c0a0       0x10 windows/lib/libexsys_w.a(setting_tag_space.o)
 *fill*         0x000000000040c0b0       0x10 
 .bss           0x000000000040c0c0     0x1040 windows/lib/libexsys_w.a(tag_space.o)
 .bss           0x000000000040d100      0x340 windows/lib/libexsys_w.a(tag_type_registr.o)
 .bss           0x000000000040d440        0x0 windows/lib/libexsys_w.a(dbg_tag_space.o)
 .bss           0x000000000040d440        0x0 c:/Program Files/mingw-w64/x86_64-7.1.0-win32-seh-rt_v5-rev2/mingw64/bin/../lib/gcc/x86_64-w64-mingw32/7.1.0/../../../../x86_64-w64-mingw32/lib/../lib/libmingw32.a(lib64_libmingw32_a-atonexit.o)
 .bss           0x000000000040d440       0x10 c:/Program Files/mingw-w64/x86_64-7.1.0-win32-seh-rt_v5-rev2/mingw64/bin/../lib/gcc/x86_64-w64-mingw32/7.1.0/../../../../x86_64-w64-mingw32/lib/../lib/libmingw32.a(lib64_libmingw32_a-gccmain.o)
 .bss           0x000000000040d450        0x0 c:/Program Files/mingw-w64/x86_64-7.1.0-win32-seh-rt_v5-rev2/mingw64/bin/../lib/gcc/x86_64-w64-mingw32/7.1.0/../../../../x86_64-w64-mingw32/lib/../lib/libmingw32.a(lib64_libmingw32_a-natstart.o)
 .bss           0x000000000040d450        0x0 c:/Program Files/mingw-w64/x86_64-7.1.0-win32-seh-rt_v5-rev2/mingw64/bin/../lib/gcc/x86_64-w64-mingw32/7.1.0/../../../../x86_64-w64-mingw32/lib/../lib/libmingw32.a(lib64_libmingw32_a-wildcard.o)
 .bss           0x000000000040d450       0x10 c:/Program Files/mingw-w64/x86_64-7.1.0-win32-seh-rt_v5-rev2/mingw64/bin/../lib/gcc/x86_64-w64-mingw32/7.1.0/../../../../x86_64-w64-mingw32/lib/../lib/libmingw32.a(lib64_libmingw32_a-charmax.o)
                0x000000000040d450                mingw_initcharmax
 .bss           0x000000000040d460        0x0 c:/Program Files/mingw-w64/x86_64-7.1.0-win32-seh-rt_v5-rev2/mingw64/bin/../lib/gcc/x86_64-w64-mingw32/7.1.0/../../../../x86_64-w64-mingw32/lib/../lib/libmingw32.a(lib64_libmingw32_a-dllargv.o)
 .bss           0x000000000040d460      0x580 c:/Program Files/mingw-w64/x86_64-7.1.0-win32-seh-rt_v5-rev2/mingw64/bin/../lib/gcc/x86_64-w64-mingw32/7.1.0/../../../../x86_64-w64-mingw32/lib/../lib/libmingw32.a(lib64_libmingw32_a-gs_support.o)
 .bss           0x000000000040d9e0       0x10 c:/Program Files/mingw-w64/x86_64-7.1.0-win32-seh-rt_v5-rev2/mingw64/bin/../lib/gcc/x86_64-w64-mingw32/7.1.0/../../../../x86_64-w64-mingw32/lib/../lib/libmingw32.a(lib64_libmingw32_a-_newmode.o)
                0x000000000040d9e0                _newmode
 .bss           0x000000000040d9f0       0x10 c:/Program Files/mingw-w64/x86_64-7.1.0-win32-seh-rt_v5-rev2/mingw64/bin/../lib/gcc/x86_64-w64-mingw32/7.1.0/../../../../x86_64-w64-mingw32/lib/../lib/libmingw32.a(lib64_libmingw32_a-tlssup.o)
                0x000000000040d9f0                mingw_initltssuo_force
                0x000000000040d9f4                mingw_initltsdyn_force
                0x000000000040d9f8                mingw_initltsdrot_force
                0x000000000040d9fc                _tls_index
 .bss           0x000000000040da00        0x0 c:/Program Files/mingw-w64/x86_64-7.1.0-win32-seh-rt_v5-rev2/mingw64/bin/../lib/gcc/x86_64-w64-mingw32/7.1.0/../../../../x86_64-w64-mingw32/lib/../lib/libmingw32.a(lib64_libmingw32_a-cinitexe.o)
 .bss           0x000000000040da00       0x10 c:/Program Files/mingw-w64/x86_64-7.1.0-win32-seh-rt_v5-rev2/mingw64/bin/../lib/gcc/x86_64-w64-mingw32/7.1.0/../../../../x86_64-w64-mingw32/lib/../lib/libmingw32.a(lib64_libmingw32_a-merr.o)
 .bss           0x000000000040da10        0x0 c:/Program Files/mingw-w64/x86_64-7.1.0-win32-seh-rt_v5-rev2/mingw64/bin/../lib/gcc/x86_64-w64-mingw32/7.1.0/../../../../x86_64-w64-mingw32/lib/../lib/libmingw32.a(lib64_libmingw32_a-CRT_fp10.o)
 .bss           0x000000000040da10       0x10 c:/Program Files/mingw-w64/x86_64-7.1.0-win32-seh-rt_v5-rev2/mingw64/bin/../lib/gcc/x86_64-w64-mingw32/7.1.0/../../../../x86_64-w64-mingw32/lib/../lib/libmingw32.a(lib64_libmingw32_a-mingw_helpers.o)
                0x000000000040da10                mingw_app_type
 .bss           0x000000000040da20       0x10 c:/Program Files/mingw-w64/x86_64-7.1.0-win32-seh-rt_v5-rev2/mingw64/bin/../lib/gcc/x86_64-w64-mingw32/7.1.0/../../../../x86_64-w64-mingw32/lib/../lib/libmingw32.a(lib64_libmingw32_a-pseudo-reloc.o)
 .bss           0x000000000040da30       0x10 c:/Program Files/mingw-w64/x86_64-7.1.0-win32-seh-rt_v5-rev2/mingw64/bin/../lib/gcc/x86_64-w64-mingw32/7.1.0/../../../../x86_64-w64-mingw32/lib/../lib/libmingw32.a(lib64_libmingw32_a-xtxtmode.o)
                0x000000000040da30                _fmode
 .bss           0x000000000040da40      0x2a0 c:/Program Files/mingw-w64/x86_64-7.1.0-win32-seh-rt_v5-rev2/mingw64/bin/../lib/gcc/x86_64-w64-mingw32/7.1.0/../../../../x86_64-w64-mingw32/lib/../lib/libmingw32.a(lib64_libmingw32_a-crt_handler.o)