Archive member included to satisfy reference by file (symbol)

windows/lib/libexsys_w.a(adder_tag_space.o)
                              windows/build/obj/main.o (adder_type_initialization)
windows/lib/libexsys_w.a(delayer_tag_space.o)
                              windows/build/obj/main.o (delayer_type_initialization)
windows/lib/libexsys_w.a(mqtt_tag_space.o)
                              windows/build/obj/main.o (mqtt_type_initialization)
windows/lib/libexsys_w.a(rf_tag_space.o)
                              windows/build/obj/main.o (rf_sensor_type_initialization)
windows/lib/libexsys_w.a(tag_space.o)
                              windows/build/obj/main.o (get_main_chain)
windows/lib/libexsys_w.a(tag_type_registr.o)
                              windows/lib/libexsys_w.a(adder_tag_space.o) (add_tag_type_registation)
windows/lib/libexsys_w.a(dbg_tag_space.o)
                              windows/build/obj/main.o (dbg_head_print)
c:/Program Files/mingw-w64/x86_64-7.1.0-win32-seh-rt_v5-rev2/mingw64/bin/../lib/gcc/x86_64-w64-mingw32/7.1.0/../../../../x86_64-w64-mingw32/lib/../lib/libmingw32.a(lib64_libmingw32_a-atonexit.o)
                              c:/Program Files/mingw-w64/x86_64-7.1.0-win32-seh-rt_v5-rev2/mingw64/bin/../lib/gcc/x86_64-w64-mingw32/7.1.0/crtbegin.o (atexit)
c:/Program Files/mingw-w64/x86_64-7.1.0-win32-seh-rt_v5-rev2/mingw64/bin/../lib/gcc/x86_64-w64-mingw32/7.1.0/../../../../x86_64-w64-mingw32/lib/../lib/libmingw32.a(lib64_libmingw32_a-gccmain.o)
                              c:/Program Files/mingw-w64/x86_64-7.1.0-win32-seh-rt_v5-rev2/mingw64/bin/../lib/gcc/x86_64-w64-mingw32/7.1.0/../../../../x86_64-w64-mingw32/lib/../lib/crt2.o (__main)
c:/Program Files/mingw-w64/x86_64-7.1.0-win32-seh-rt_v5-rev2/mingw64/bin/../lib/gcc/x86_64-w64-mingw32/7.1.0/../../../../x86_64-w64-mingw32/lib/../lib/libmingw32.a(lib64_libmingw32_a-natstart.o)
                              c:/Program Files/mingw-w64/x86_64-7.1.0-win32-seh-rt_v5-rev2/mingw64/bin/../lib/gcc/x86_64-w64-mingw32/7.1.0/../../../../x86_64-w64-mingw32/lib/../lib/crt2.o (__native_startup_lock)
c:/Program Files/mingw-w64/x86_64-7.1.0-win32-seh-rt_v5-rev2/mingw64/bin/../lib/gcc/x86_64-w64-mingw32/7.1.0/../../../../x86_64-w64-mingw32/lib/../lib/libmingw32.a(lib64_libmingw32_a-wildcard.o)
                              c:/Program Files/mingw-w64/x86_64-7.1.0-win32-seh-rt_v5-rev2/mingw64/bin/../lib/gcc/x86_64-w64-mingw32/7.1.0/../../../../x86_64-w64-mingw32/lib/../lib/crt2.o (_dowildcard)
c:/Program Files/mingw-w64/x86_64-7.1.0-win32-seh-rt_v5-rev2/mingw64/bin/../lib/gcc/x86_64-w64-mingw32/7.1.0/../../../../x86_64-w64-mingw32/lib/../lib/libmingw32.a(lib64_libmingw32_a-charmax.o)
                              c:/Program Files/mingw-w64/x86_64-7.1.0-win32-seh-rt_v5-rev2/mingw64/bin/../lib/gcc/x86_64-w64-mingw32/7.1.0/../../../../x86_64-w64-mingw32/lib/../lib/crt2.o (mingw_initcharmax)
c:/Program Files/mingw-w64/x86_64-7.1.0-win32-seh-rt_v5-rev2/mingw64/bin/../lib/gcc/x86_64-w64-mingw32/7.1.0/../../../../x86_64-w64-mingw32/lib/../lib/libmingw32.a(lib64_libmingw32_a-dllargv.o)
                              c:/Program Files/mingw-w64/x86_64-7.1.0-win32-seh-rt_v5-rev2/mingw64/bin/../lib/gcc/x86_64-w64-mingw32/7.1.0/../../../../x86_64-w64-mingw32/lib/../lib/crt2.o (_setargv)
c:/Program Files/mingw-w64/x86_64-7.1.0-win32-seh-rt_v5-rev2/mingw64/bin/../lib/gcc/x86_64-w64-mingw32/7.1.0/../../../../x86_64-w64-mingw32/lib/../lib/libmingw32.a(lib64_libmingw32_a-gs_support.o)
                              c:/Program Files/mingw-w64/x86_64-7.1.0-win32-seh-rt_v5-rev2/mingw64/bin/../lib/gcc/x86_64-w64-mingw32/7.1.0/../../../../x86_64-w64-mingw32/lib/../lib/crt2.o (__security_init_cookie)
c:/Program Files/mingw-w64/x86_64-7.1.0-win32-seh-rt_v5-rev2/mingw64/bin/../lib/gcc/x86_64-w64-mingw32/7.1.0/../../../../x86_64-w64-mingw32/lib/../lib/libmingw32.a(lib64_libmingw32_a-_newmode.o)
                              c:/Program Files/mingw-w64/x86_64-7.1.0-win32-seh-rt_v5-rev2/mingw64/bin/../lib/gcc/x86_64-w64-mingw32/7.1.0/../../../../x86_64-w64-mingw32/lib/../lib/crt2.o (_newmode)
c:/Program Files/mingw-w64/x86_64-7.1.0-win32-seh-rt_v5-rev2/mingw64/bin/../lib/gcc/x86_64-w64-mingw32/7.1.0/../../../../x86_64-w64-mingw32/lib/../lib/libmingw32.a(lib64_libmingw32_a-tlssup.o)
                              c:/Program Files/mingw-w64/x86_64-7.1.0-win32-seh-rt_v5-rev2/mingw64/bin/../lib/gcc/x86_64-w64-mingw32/7.1.0/../../../../x86_64-w64-mingw32/lib/../lib/crt2.o (mingw_initltssuo_force)
c:/Program Files/mingw-w64/x86_64-7.1.0-win32-seh-rt_v5-rev2/mingw64/bin/../lib/gcc/x86_64-w64-mingw32/7.1.0/../../../../x86_64-w64-mingw32/lib/../lib/libmingw32.a(lib64_libmingw32_a-cinitexe.o)
                              c:/Program Files/mingw-w64/x86_64-7.1.0-win32-seh-rt_v5-rev2/mingw64/bin/../lib/gcc/x86_64-w64-mingw32/7.1.0/../../../../x86_64-w64-mingw32/lib/../lib/crt2.o (__xc_z)
[...]
Memory Configuration

Name             Origin             Length             Attributes
*default*        0x0000000000000000 0xffffffffffffffff

Linker script and memory map

                0x0000000000400000                __image_base__ = 0x400000
                0x0000000000000000                __dll__ = 0x0
                0x0000000000400000                __ImageBase = 0x400000
                0x0000000000001000                __section_alignment__ = 0x1000
                0x0000000000000200                __file_alignment__ = 0x200
                0x0000000000000004                __major_os_version__ = 0x4
                0x0000000000000000                __minor_os_version__ = 0x0
                0x0000000000000000                __major_image_version__ = 0x0
                0x0000000000000000                __minor_image_version__ = 0x0
                0x0000000000000005                __major_subsystem_version__ = 0x5
                0x0000000000000002                __minor_subsystem_version__ = 0x2
                0x0000000000000003                __subsystem__ = 0x3
                0x0000000000200000                __size_of_stack_reserve__ = 0x200000
                0x0000000000001000                __size_of_stack_commit__ = 0x1000
                0x0000000000100000                __size_of_heap_reserve__ = 0x100000
                0x0000000000001000                __size_of_heap_commit__ = 0x1000
                0x0000000000000000                __loader_flags__ = 0x0
                0x0000000000000000                __dll_characteristics__ = 0x0
LOAD c:/Program Files/mingw-w64/x86_64-7.1.0-win32-seh-rt_v5-rev2/mingw64/bin/../lib/gcc/x86_64-w64-mingw32/7.1.0/../../../../x86_64-w64-mingw32/lib/../lib/crt2.o
LOAD c:/Program Files/mingw-w64/x86_64-7.1.0-win32-seh-rt_v5-rev2/mingw64/bin/../lib/gcc/x86_64-w64-mingw32/7.1.0/crtbegin.o
LOAD windows/build/obj/main.o
LOAD windows/build/obj/win_platform.o
LOAD windows/build/obj/config.o
LOAD windows/build/obj/dbg_config.o
LOAD windows/lib/libexsys_w.a
LOAD windows/lib/libexsys_w.a
LOAD c:/Program Files/mingw-w64/x86_64-7.1.0-win32-seh-rt_v5-rev2/mingw64/bin/../lib/gcc/x86_64-w64-mingw32/7.1.0/../../../../x86_64-w64-mingw32/lib/../lib/libmingw32.a
LOAD c:/Program Files/mingw-w64/x86_64-7.1.0-win32-seh-rt_v5-rev2/mingw64/bin/../lib/gcc/x86_64-w64-mingw32/7.1.0/libgcc.a
LOAD c:/Program Files/mingw-w64/x86_64-7.1.0-win32-seh-rt_v5-rev2/mingw64/bin/../lib/gcc/x86_64-w64-mingw32/7.1.0/libgcc_eh.a
LOAD c:/Program Files/mingw-w64/x86_64-7.1.0-win32-seh-rt_v5-rev2/mingw64/bin/../lib/gcc/x86_64-w64-mingw32/7.1.0/../../../../x86_64-w64-mingw32/lib/../lib/libmoldname.a
LOAD c:/Program Files/mingw-w64/x86_64-7.1.0-win32-seh-rt_v5-rev2/mingw64/bin/../lib/gcc/x86_64-w64-mingw32/7.1.0/../../../../x86_64-w64-mingw32/lib/../lib/libmingwex.a
LOAD c:/Program Files/mingw-w64/x86_64-7.1.0-win32-seh-rt_v5-rev2/mingw64/bin/../lib/gcc/x86_64-w64-mingw32/7.1.0/../../../../x86_64-w64-mingw32/lib/../lib/libmsvcrt.a
LOAD c:/Program Files/mingw-w64/x86_64-7.1.0-win32-seh-rt_v5-rev2/mingw64/bin/../lib/gcc/x86_64-w64-mingw32/7.1.0/../../../../x86_64-w64-mingw32/lib/../lib/libadvapi32.a
LOAD c:/Program Files/mingw-w64/x86_64-7.1.0-win32-seh-rt_v5-rev2/mingw64/bin/../lib/gcc/x86_64-w64-mingw32/7.1.0/../../../../x86_64-w64-mingw32/lib/../lib/libshell32.a
LOAD c:/Program Files/mingw-w64/x86_64-7.1.0-win32-seh-rt_v5-rev2/mingw64/bin/../lib/gcc/x86_64-w64-mingw32/7.1.0/../../../../x86_64-w64-mingw32/lib/../lib/libuser32.a
LOAD c:/Program Files/mingw-w64/x86_64-7.1.0-win32-seh-rt_v5-rev2/mingw64/bin/../lib/gcc/x86_64-w64-mingw32/7.1.0/../../../../x86_64-w64-mingw32/lib/../lib/libkernel32.a
LOAD c:/Program Files/mingw-w64/x86_64-7.1.0-win32-seh-rt_v5-rev2/mingw64/bin/../lib/gcc/x86_64-w64-mingw32/7.1.0/../../../../x86_64-w64-mingw32/lib/../lib/libiconv.a
LOAD c:/Program Files/mingw-w64/x86_64-7.1.0-win32-seh-rt_v5-rev2/mingw64/bin/../lib/gcc/x86_64-w64-mingw32/7.1.0/../../../../x86_64-w64-mingw32/lib/../lib/libmingw32.a
LOAD c:/Program Files/mingw-w64/x86_64-7.1.0-win32-seh-rt_v5-rev2/mingw64/bin/../lib/gcc/x86_64-w64-mingw32/7.1.0/libgcc.a
LOAD c:/Program Files/mingw-w64/x86_64-7.1.0-win32-seh-rt_v5-rev2/mingw64/bin/../lib/gcc/x86_64-w64-mingw32/7.1.0/libgcc_eh.a
LOAD c:/Program Files/mingw-w64/x86_64-7.1.0-win32-seh-rt_v5-rev2/mingw64/bin/../lib/gcc/x86_64-w64-mingw32/7.1.0/../../../../x86_64-w64-mingw32/lib/../lib/libmoldname.a
LOAD c:/Program Files/mingw-w64/x86_64-7.1.0-win32-seh-rt_v5-rev2/mingw64/bin/../lib/gcc/x86_64-w64-mingw32/7.1.0/../../../../x86_64-w64-mingw32/lib/../lib/libmingwex.a
LOAD c:/Program Files/mingw-w64/x86_64-7.1.0-win32-seh-rt_v5-rev2/mingw64/bin/../lib/gcc/x86_64-w64-mingw32/7.1.0/../../../../x86_64-w64-mingw32/lib/../lib/libmsvcrt.a
LOAD c:/Program Files/mingw-w64/x86_64-7.1.0-win32-seh-rt_v5-rev2/mingw64/bin/../lib/gcc/x86_64-w64-mingw32/7.1.0/crtend.o
                0x00000000000003b8                . = SIZEOF_HEADERS
                0x0000000000001000                . = ALIGN (__section_alignment__)

.text           0x0000000000401000     0x4200
 *(.init)
 *(.text)
 .text          0x0000000000401000      0x530 c:/Program Files/mingw-w64/x86_64-7.1.0-win32-seh-rt_v5-rev2/mingw64/bin/../lib/gcc/x86_64-w64-mingw32/7.1.0/../../../../x86_64-w64-mingw32/lib/../lib/crt2.o
                0x00000000004014d0                WinMainCRTStartup
                0x0000000000401500                mainCRTStartup
 .text          0x0000000000401530       0x30 c:/Program Files/mingw-w64/x86_64-7.1.0-win32-seh-rt_v5-rev2/mingw64/bin/../lib/gcc/x86_64-w64-mingw32/7.1.0/crtbegin.o
                0x0000000000401530                __gcc_register_frame
                0x0000000000401550                __gcc_deregister_frame
 .text          0x0000000000401560       0x50 windows/build/obj/main.o
 .text          0x00000000004015b0       0x60 windows/build/obj/win_platform.o
                0x00000000004015b0                init_time_counter
                0x00000000004015d0                get_ms_time
 .text          0x0000000000401610      0x570 windows/build/obj/config.o
                0x0000000000401610                CFG_Load
 .text          0x0000000000401b80      0x140 windows/build/obj/dbg_config.o
                0x0000000000401b80                CFG_Print
 .text          0x0000000000401cc0      0x210 windows/lib/libexsys_w.a(adder_tag_space.o)
                0x0000000000401ec0                adder_type_initialization
 .text          0x0000000000401ed0      0x150 windows/lib/libexsys_w.a(delayer_tag_space.o)
                0x0000000000402010                delayer_type_initialization
 .text          0x0000000000402020      0x480 windows/lib/libexsys_w.a(mqtt_tag_space.o)
                0x0000000000402110                mqtt_tag_write_input
                0x00000000004022b0                mqtt_tags_publication
                0x0000000000402350                mqtt_connection_ready
                0x00000000004023e0                mqtt_connection_not_ready
                0x00000000004023f0                mqtt_tag_input_data
                0x0000000000402480                mqtt_type_initialization
 .text          0x00000000004024a0      0x220 windows/lib/libexsys_w.a(rf_tag_space.o)
                0x0000000000402600                rf_tag_input_data
                0x00000000004026b0                rf_sensor_type_initialization
 .text          0x00000000004026c0      0x930 windows/lib/libexsys_w.a(tag_space.o)
                0x00000000004026c0                get_main_chain
                0x00000000004026d0                tags_execution
                0x00000000004027d0                common_part_deserializarion
                0x00000000004027f0                deserialization
                0x00000000004028a0                tag_update_connect
                0x0000000000402930                increment_types
                0x00000000004029d0                increment_links
                0x00000000004029e0                space_initialization
                0x0000000000402a80                get_tag_by_id
                0x0000000000402ad0                links_initialization
                0x0000000000402b00                link_deserialization
                0x0000000000402bf0                links_optimization
                0x0000000000402e30                tag_get_input
                0x0000000000402ed0                tag_first_input
                0x0000000000402ef0                tag_eof_input
                0x0000000000402f10                tag_next_input
                0x0000000000402f60                tag_first_link
                0x0000000000402f80                tag_eof_link
                0x0000000000402fa0                tag_next_link
 .text          0x0000000000402ff0       0xb0 windows/lib/libexsys_w.a(tag_type_registr.o)
                0x0000000000402ff0                add_tag_type_registation
                0x0000000000403010                reg_first
                0x0000000000403030                reg_eof
                0x0000000000403050                reg_next
 .text          0x00000000004030a0      0x320 windows/lib/libexsys_w.a(dbg_tag_space.o)
                0x00000000004030a0                dbg_head_print
                0x00000000004030c0                dbg_full_print
                0x00000000004032d0                dbg_link_print
                0x0000000000403320                dbg_write_input
 .text          0x00000000004033c0       0xd0 c:/Program Files/mingw-w64/x86_64-7.1.0-win32-seh-rt_v5-rev2/mingw64/bin/../lib/gcc/x86_64-w64-mingw32/7.1.0/../../../../x86_64-w64-mingw32/lib/../lib/libmingw32.a(lib64_libmingw32_a-atonexit.o)
                0x00000000004033c0                mingw_onexit
                0x0000000000403470                atexit
 .text          0x0000000000403490       0xd0 c:/Program Files/mingw-w64/x86_64-7.1.0-win32-seh-rt_v5-rev2/mingw64/bin/../lib/gcc/x86_64-w64-mingw32/7.1.0/../../../../x86_64-w64-mingw32/lib/../lib/libmingw32.a(lib64_libmingw32_a-gccmain.o)
                0x0000000000403490                __do_global_dtors
                0x00000000004034d0                __do_global_ctors
                0x0000000000403540                __main
 .text          0x0000000000403560        0x0 c:/Program Files/mingw-w64/x86_64-7.1.0-win32-seh-rt_v5-rev2/mingw64/bin/../lib/gcc/x86_64-w64-mingw32/7.1.0/../../../../x86_64-w64-mingw32/lib/../lib/libmingw32.a(lib64_libmingw32_a-natstart.o)
 .text          0x0000000000403560        0x0 c:/Program Files/mingw-w64/x86_64-7.1.0-win32-seh-rt_v5-rev2/mingw64/bin/../lib/gcc/x86_64-w64-mingw32/7.1.0/../../../../x86_64-w64-mingw32/lib/../lib/libmingw32.a(lib64_libmingw32_a-wildcard.o)
 .text          0x0000000000403560       0x10 c:/Program Files/mingw-w64/x86_64-7.1.0-win32-seh-rt_v5-rev2/mingw64/bin/../lib/gcc/x86_64-w64-mingw32/7.1.0/../../../../x86_64-w64-mingw32/lib/../lib/libmingw32.a(lib64_libmingw32_a-charmax.o)
 .text          0x0000000000403570       0x10 c:/Program Files/mingw-w64/x86_64-7.1.0-win32-seh-rt_v5-rev2/mingw64/bin/../lib/gcc/x86_64-w64-mingw32/7.1.0/../../../../x86_64-w64-mingw32/lib/../lib/libmingw32.a(lib64_libmingw32_a-dllargv.o)
                0x0000000000403570                _setargv
 .text          0x0000000000403580      0x1e0 c:/Program Files/mingw-w64/x86_64-7.1.0-win32-seh-rt_v5-rev2/mingw64/bin/../lib/gcc/x86_64-w64-mingw32/7.1.0/../../../../x86_64-w64-mingw32/lib/../lib/libmingw32.a(lib64_libmingw32_a-gs_support.o)
                0x0000000000403580                __security_init_cookie
                0x0000000000403660                __report_gsfailure
 .text          0x0000000000403760        0x0 c:/Program Files/mingw-w64/x86_64-7.1.0-win32-seh-rt_v5-rev2/mingw64/bin/../lib/gcc/x86_64-w64-mingw32/7.1.0/../../../../x86_64-w64-mingw32/lib/../lib/libmingw32.a(lib64_libmingw32_a-_newmode.o)
 .text          0x0000000000403760       0xb0 c:/Program Files/mingw-w64/x86_64-7.1.0-win32-seh-rt_v5-rev2/mingw64/bin/../lib/gcc/x86_64-w64-mingw32/7.1.0/../../../../x86_64-w64-mingw32/lib/../lib/libmingw32.a(lib64_libmingw32_a-tlssup.o)
                0x0000000000403790                __dyn_tls_init
                0x0000000000403800                __tlregdtor
 .text          0x0000000000403810        0x0 c:/Program Files/mingw-w64/x86_64-7.1.0-win32-seh-rt_v5-rev2/mingw64/bin/../lib/gcc/x86_64-w64-mingw32/7.1.0/../../../../x86_64-w64-mingw32/lib/../lib/libmingw32.a(lib64_libmingw32_a-cinitexe.o)
 .text          0x0000000000403810      0x150 c:/Program Files/mingw-w64/x86_64-7.1.0-win32-seh-rt_v5-rev2/mingw64/bin/../lib/gcc/x86_64-w64-mingw32/7.1.0/../../../../x86_64-w64-mingw32/lib/../lib/libmingw32.a(lib64_libmingw32_a-merr.o)
                0x0000000000403810                __mingw_raise_matherr
                0x0000000000403860                __mingw_setusermatherr
                0x0000000000403870                _matherr
 .text          0x0000000000403960       0x10 c:/Program Files/mingw-w64/x86_64-7.1.0-win32-seh-rt_v5-rev2/mingw64/bin/../lib/gcc/x86_64-w64-mingw32/7.1.0/../../../../x86_64-w64-mingw32/lib/../lib/libmingw32.a(lib64_libmingw32_a-CRT_fp10.o)
                0x0000000000403960                fpreset
                0x0000000000403960                _fpreset
 .text          0x0000000000403970       0x20 c:/Program Files/mingw-w64/x86_64-7.1.0-win32-seh-rt_v5-rev2/mingw64/bin/../lib/gcc/x86_64-w64-mingw32/7.1.0/../../../../x86_64-w64-mingw32/lib/../lib/libmingw32.a(lib64_libmingw32_a-mingw_helpers.o)
                0x0000000000403970                _decode_pointer
                0x0000000000403980                _encode_pointer
 .text          0x0000000000403990      0x4b0 c:/Program Files/mingw-w64/x86_64-7.1.0-win32-seh-rt_v5-rev2/mingw64/bin/../lib/gcc/x86_64-w64-mingw32/7.1.0/../../../../x86_64-w64-mingw32/lib/../lib/libmingw32.a(lib64_libmingw32_a-pseudo-reloc.o)
                0x0000000000403b70                _pei386_runtime_relocator
 .text          0x0000000000403e40        0x0 c:/Program Files/mingw-w64/x86_64-7.1.0-win32-seh-rt_v5-rev2/mingw64/bin/../lib/gcc/x86_64-w64-mingw32/7.1.0/../../../../x86_64-w64-mingw32/lib/../lib/libmingw32.a(lib64_libmingw32_a-xtxtmode.o)
 .text          0x0000000000403e40      0x470 c:/Program Files/mingw-w64/x86_64-7.1.0-win32-seh-rt_v5-rev2/mingw64/bin/../lib/gcc/x86_64-w64-mingw32/7.1.0/../../../../x86_64-w64-mingw32/lib/../lib/libmingw32.a(lib64_libmingw32_a-crt_handler.o)
                0x0000000000403e40                __mingw_SEH_error_handler
                0x0000000000403fe0                __mingw_init_ehandler
                0x00000000004040d0                _gnu_exception_handler
 .text          0x00000000004042b0      0x270 c:/Program Files/mingw-w64/x86_64-7.1.0-win32-seh-rt_v5-rev2/mingw64/bin/../lib/gcc/x86_64-w64-mingw32/7.1.0/../../../../x86_64-w64-mingw32/lib/../lib/libmingw32.a(lib64_libmingw32_a-tlsthrd.o)
                0x0000000000404320                ___w64_mingwthr_add_key_dtor
                0x00000000004043a0                ___w64_mingwthr_remove_key_dtor
                0x0000000000404440                __mingw_TLScallback
 .text          0x0000000000404520        0x0 c:/Program Files/mingw-w64/x86_64-7.1.0-win32-seh-rt_v5-rev2/mingw64/bin/../lib/gcc/x86_64-w64-mingw32/7.1.0/../../../../x86_64-w64-mingw32/lib/../lib/libmingw32.a(lib64_libmingw32_a-tlsmcrt.o)
 .text          0x0000000000404520        0x0 c:/Program Files/mingw-w64/x86_64-7.1.0-win32-seh-rt_v5-rev2/mingw64/bin/../lib/gcc/x86_64-w64-mingw32/7.1.0/../../../../x86_64-w64-mingw32/lib/../lib/libmingw32.a(lib64_libmingw32_a-pseudo-reloc-list.o)
 .text          0x0000000000404520      0x420 c:/Program Files/mingw-w64/x86_64-7.1.0-win32-seh-rt_v5-rev2/mingw64/bin/../lib/gcc/x86_64-w64-mingw32/7.1.0/../../../../x86_64-w64-mingw32/lib/../lib/libmingw32.a(lib64_libmingw32_a-pesect.o)
                0x0000000000404540                _ValidateImageBase
                0x0000000000404560                _FindPESection
                0x00000000004045b0                _FindPESectionByName
                0x0000000000404640                __mingw_GetSectionForAddress
                0x00000000004046d0                __mingw_GetSectionCount
                0x0000000000404710                _FindPESectionExec
                0x0000000000404790                _GetPEImageBase
                0x00000000004047d0                _IsNonwritableInCurrentImage
                0x0000000000404870                __mingw_enum_import_library_names
 .text          0x0000000000404940       0x40 c:/Program Files/mingw-w64/x86_64-7.1.0-win32-seh-rt_v5-rev2/mingw64/bin/../lib/gcc/x86_64-w64-mingw32/7.1.0/libgcc.a(_chkstk_ms.o)
                0x0000000000404940                ___chkstk_ms
 .text          0x0000000000404980        0x0 c:/Program Files/mingw-w64/x86_64-7.1.0-win32-seh-rt_v5-rev2/mingw64/bin/../lib/gcc/x86_64-w64-mingw32/7.1.0/libgcc.a(_ctors.o)
 .text          0x0000000000404980        0x0 c:/Program Files/mingw-w64/x86_64-7.1.0-win32-seh-rt_v5-rev2/mingw64/bin/../lib/gcc/x86_64-w64-mingw32/7.1.0/../../../../x86_64-w64-mingw32/lib/../lib/libmingwex.a(lib64_libmingwex_a-mingw_matherr.o)
 .text          0x0000000000404980        0x8 c:/Program Files/mingw-w64/x86_64-7.1.0-win32-seh-rt_v5-rev2/mingw64/bin/../lib/gcc/x86_64-w64-mingw32/7.1.0/../../../../x86_64-w64-mingw32/lib/../lib/libmsvcrt.a(deeds01240.o)
                0x0000000000404980                vfprintf
 .text          0x0000000000404988        0x8 c:/Program Files/mingw-w64/x86_64-7.1.0-win32-seh-rt_v5-rev2/mingw64/bin/../lib/gcc/x86_64-w64-mingw32/7.1.0/../../../../x86_64-w64-mingw32/lib/../lib/libmsvcrt.a(deeds01208.o)
                0x0000000000404988                strncmp
 .text          0x0000000000404990        0x8 c:/Program Files/mingw-w64/x86_64-7.1.0-win32-seh-rt_v5-rev2/mingw64/bin/../lib/gcc/x86_64-w64-mingw32/7.1.0/../../../../x86_64-w64-mingw32/lib/../lib/libmsvcrt.a(deeds01205.o)
                0x0000000000404990                strlen
 .text          0x0000000000404998        0x8 c:/Program Files/mingw-w64/x86_64-7.1.0-win32-seh-rt_v5-rev2/mingw64/bin/../lib/gcc/x86_64-w64-mingw32/7.1.0/../../../../x86_64-w64-mingw32/lib/../lib/libmsvcrt.a(deeds01198.o)
                0x0000000000404998                strcmp
 .text          0x00000000004049a0        0x8 c:/Program Files/mingw-w64/x86_64-7.1.0-win32-seh-rt_v5-rev2/mingw64/bin/../lib/gcc/x86_64-w64-mingw32/7.1.0/../../../../x86_64-w64-mingw32/lib/../lib/libmsvcrt.a(deeds01189.o)
                0x00000000004049a0                sprintf
 .text          0x00000000004049a8        0x8 c:/Program Files/mingw-w64/x86_64-7.1.0-win32-seh-rt_v5-rev2/mingw64/bin/../lib/gcc/x86_64-w64-mingw32/7.1.0/../../../../x86_64-w64-mingw32/lib/../lib/libmsvcrt.a(deeds01184.o)
                0x00000000004049a8                signal
 .text          0x00000000004049b0        0x8 c:/Program Files/mingw-w64/x86_64-7.1.0-win32-seh-rt_v5-rev2/mingw64/bin/../lib/gcc/x86_64-w64-mingw32/7.1.0/../../../../x86_64-w64-mingw32/lib/../lib/libmsvcrt.a(deeds01183.o)
                0x00000000004049b0                setvbuf
 .text          0x00000000004049b8        0x8 c:/Program Files/mingw-w64/x86_64-7.1.0-win32-seh-rt_v5-rev2/mingw64/bin/../lib/gcc/x86_64-w64-mingw32/7.1.0/../../../../x86_64-w64-mingw32/lib/../lib/libmsvcrt.a(deeds01178.o)
                0x00000000004049b8                scanf
 .text          0x00000000004049c0        0x8 c:/Program Files/mingw-w64/x86_64-7.1.0-win32-seh-rt_v5-rev2/mingw64/bin/../lib/gcc/x86_64-w64-mingw32/7.1.0/../../../../x86_64-w64-mingw32/lib/../lib/libmsvcrt.a(deeds01167.o)
                0x00000000004049c0                puts
 .text          0x00000000004049c8        0x8 c:/Program Files/mingw-w64/x86_64-7.1.0-win32-seh-rt_v5-rev2/mingw64/bin/../lib/gcc/x86_64-w64-mingw32/7.1.0/../../../../x86_64-w64-mingw32/lib/../lib/libmsvcrt.a(deeds01163.o)
                0x00000000004049c8                printf
 .text          0x00000000004049d0        0x8 c:/Program Files/mingw-w64/x86_64-7.1.0-win32-seh-rt_v5-rev2/mingw64/bin/../lib/gcc/x86_64-w64-mingw32/7.1.0/../../../../x86_64-w64-mingw32/lib/../lib/libmsvcrt.a(deeds01154.o)
                0x00000000004049d0                memcpy
 .text          0x00000000004049d8        0x8 c:/Program Files/mingw-w64/x86_64-7.1.0-win32-seh-rt_v5-rev2/mingw64/bin/../lib/gcc/x86_64-w64-mingw32/7.1.0/../../../../x86_64-w64-mingw32/lib/../lib/libmsvcrt.a(deeds01146.o)
                0x00000000004049d8                malloc
 .text          0x00000000004049e0        0x8 c:/Program Files/mingw-w64/x86_64-7.1.0-win32-seh-rt_v5-rev2/mingw64/bin/../lib/gcc/x86_64-w64-mingw32/7.1.0/../../../../x86_64-w64-mingw32/lib/../lib/libmsvcrt.a(deeds01099.o)
                0x00000000004049e0                fwrite
 .text          0x00000000004049e8        0x8 c:/Program Files/mingw-w64/x86_64-7.1.0-win32-seh-rt_v5-rev2/mingw64/bin/../lib/gcc/x86_64-w64-mingw32/7.1.0/../../../../x86_64-w64-mingw32/lib/../lib/libmsvcrt.a(deeds01095.o)
                0x00000000004049e8                ftell
 .text          0x00000000004049f0        0x8 c:/Program Files/mingw-w64/x86_64-7.1.0-win32-seh-rt_v5-rev2/mingw64/bin/../lib/gcc/x86_64-w64-mingw32/7.1.0/../../../../x86_64-w64-mingw32/lib/../lib/libmsvcrt.a(deeds01093.o)
                0x00000000004049f0                fseek
 .text          0x00000000004049f8        0x8 c:/Program Files/mingw-w64/x86_64-7.1.0-win32-seh-rt_v5-rev2/mingw64/bin/../lib/gcc/x86_64-w64-mingw32/7.1.0/../../../../x86_64-w64-mingw32/lib/../lib/libmsvcrt.a(deeds01087.o)
                0x00000000004049f8                free
 .text          0x0000000000404a00        0x8 c:/Program Files/mingw-w64/x86_64-7.1.0-win32-seh-rt_v5-rev2/mingw64/bin/../lib/gcc/x86_64-w64-mingw32/7.1.0/../../../../x86_64-w64-mingw32/lib/../lib/libmsvcrt.a(deeds01086.o)
                0x0000000000404a00                fread
 .text          0x0000000000404a08        0x8 c:/Program Files/mingw-w64/x86_64-7.1.0-win32-seh-rt_v5-rev2/mingw64/bin/../lib/gcc/x86_64-w64-mingw32/7.1.0/../../../../x86_64-w64-mingw32/lib/../lib/libmsvcrt.a(deeds01080.o)
                0x0000000000404a08                fprintf
 .text          0x0000000000404a10        0x8 c:/Program Files/mingw-w64/x86_64-7.1.0-win32-seh-rt_v5-rev2/mingw64/bin/../lib/gcc/x86_64-w64-mingw32/7.1.0/../../../../x86_64-w64-mingw32/lib/../lib/libmsvcrt.a(deeds01078.o)
                0x0000000000404a10                fopen
 .text          0x0000000000404a18        0x8 c:/Program Files/mingw-w64/x86_64-7.1.0-win32-seh-rt_v5-rev2/mingw64/bin/../lib/gcc/x86_64-w64-mingw32/7.1.0/../../../../x86_64-w64-mingw32/lib/../lib/libmsvcrt.a(deeds01065.o)
                0x0000000000404a18                fclose
 .text          0x0000000000404a20        0x8 c:/Program Files/mingw-w64/x86_64-7.1.0-win32-seh-rt_v5-rev2/mingw64/bin/../lib/gcc/x86_64-w64-mingw32/7.1.0/../../../../x86_64-w64-mingw32/lib/../lib/libmsvcrt.a(deeds01061.o)
                0x0000000000404a20                exit
 .text          0x0000000000404a28        0x8 c:/Program Files/mingw-w64/x86_64-7.1.0-win32-seh-rt_v5-rev2/mingw64/bin/../lib/gcc/x86_64-w64-mingw32/7.1.0/../../../../x86_64-w64-mingw32/lib/../lib/libmsvcrt.a(deeds01048.o)
                0x0000000000404a28                calloc
 .text          0x0000000000404a30        0x8 c:/Program Files/mingw-w64/x86_64-7.1.0-win32-seh-rt_v5-rev2/mingw64/bin/../lib/gcc/x86_64-w64-mingw32/7.1.0/../../../../x86_64-w64-mingw32/lib/../lib/libmsvcrt.a(deeds01044.o)
                0x0000000000404a30                atoi
 .text          0x0000000000404a38        0x8 c:/Program Files/mingw-w64/x86_64-7.1.0-win32-seh-rt_v5-rev2/mingw64/bin/../lib/gcc/x86_64-w64-mingw32/7.1.0/../../../../x86_64-w64-mingw32/lib/../lib/libmsvcrt.a(deeds01028.o)
                0x0000000000404a38                abort
 .text          0x0000000000404a40        0x8 c:/Program Files/mingw-w64/x86_64-7.1.0-win32-seh-rt_v5-rev2/mingw64/bin/../lib/gcc/x86_64-w64-mingw32/7.1.0/../../../../x86_64-w64-mingw32/lib/../lib/libmsvcrt.a(deeds00820.o)
                0x0000000000404a40                _unlock
 .text          0x0000000000404a48        0x8 c:/Program Files/mingw-w64/x86_64-7.1.0-win32-seh-rt_v5-rev2/mingw64/bin/../lib/gcc/x86_64-w64-mingw32/7.1.0/../../../../x86_64-w64-mingw32/lib/../lib/libmsvcrt.a(deeds00611.o)
                0x0000000000404a48                _onexit
 .text          0x0000000000404a50        0x8 c:/Program Files/mingw-w64/x86_64-7.1.0-win32-seh-rt_v5-rev2/mingw64/bin/../lib/gcc/x86_64-w64-mingw32/7.1.0/../../../../x86_64-w64-mingw32/lib/../lib/libmsvcrt.a(deeds00438.o)
                0x0000000000404a50                _lock
 .text          0x0000000000404a58        0x8 c:/Program Files/mingw-w64/x86_64-7.1.0-win32-seh-rt_v5-rev2/mingw64/bin/../lib/gcc/x86_64-w64-mingw32/7.1.0/../../../../x86_64-w64-mingw32/lib/../lib/libmsvcrt.a(deeds00330.o)
                0x0000000000404a58                _initterm
 .text          0x0000000000404a60        0x0 c:/Program Files/mingw-w64/x86_64-7.1.0-win32-seh-rt_v5-rev2/mingw64/bin/../lib/gcc/x86_64-w64-mingw32/7.1.0/../../../../x86_64-w64-mingw32/lib/../lib/libmsvcrt.a(deeds00252.o)
 .text          0x0000000000404a60        0x8 c:/Program Files/mingw-w64/x86_64-7.1.0-win32-seh-rt_v5-rev2/mingw64/bin/../lib/gcc/x86_64-w64-mingw32/7.1.0/../../../../x86_64-w64-mingw32/lib/../lib/libmsvcrt.a(deeds00141.o)
                0x0000000000404a60                _cexit
 .text          0x0000000000404a68        0x8 c:/Program Files/mingw-w64/x86_64-7.1.0-win32-seh-rt_v5-rev2/mingw64/bin/../lib/gcc/x86_64-w64-mingw32/7.1.0/../../../../x86_64-w64-mingw32/lib/../lib/libmsvcrt.a(deeds00123.o)
                0x0000000000404a68                _amsg_exit
 .text          0x0000000000404a70        0x0 c:/Program Files/mingw-w64/x86_64-7.1.0-win32-seh-rt_v5-rev2/mingw64/bin/../lib/gcc/x86_64-w64-mingw32/7.1.0/../../../../x86_64-w64-mingw32/lib/../lib/libmsvcrt.a(deeds00116.o)
 .text          0x0000000000404a70        0x8 c:/Program Files/mingw-w64/x86_64-7.1.0-win32-seh-rt_v5-rev2/mingw64/bin/../lib/gcc/x86_64-w64-mingw32/7.1.0/../../../../x86_64-w64-mingw32/lib/../lib/libmsvcrt.a(deeds00099.o)
                0x0000000000404a70                __setusermatherr
 .text          0x0000000000404a78        0x8 c:/Program Files/mingw-w64/x86_64-7.1.0-win32-seh-rt_v5-rev2/mingw64/bin/../lib/gcc/x86_64-w64-mingw32/7.1.0/../../../../x86_64-w64-mingw32/lib/../lib/libmsvcrt.a(deeds00097.o)
                0x0000000000404a78                __set_app_type
 .text          0x0000000000404a80        0x8 c:/Program Files/mingw-w64/x86_64-7.1.0-win32-seh-rt_v5-rev2/mingw64/bin/../lib/gcc/x86_64-w64-mingw32/7.1.0/../../../../x86_64-w64-mingw32/lib/../lib/libmsvcrt.a(deeds00091.o)
                0x0000000000404a80                __lconv_init
 .text          0x0000000000404a88        0x8 c:/Program Files/mingw-w64/x86_64-7.1.0-win32-seh-rt_v5-rev2/mingw64/bin/../lib/gcc/x86_64-w64-mingw32/7.1.0/../../../../x86_64-w64-mingw32/lib/../lib/libmsvcrt.a(deeds00083.o)
                0x0000000000404a88                __iob_func
 .text          0x0000000000404a90        0x0 c:/Program Files/mingw-w64/x86_64-7.1.0-win32-seh-rt_v5-rev2/mingw64/bin/../lib/gcc/x86_64-w64-mingw32/7.1.0/../../../../x86_64-w64-mingw32/lib/../lib/libmsvcrt.a(deeds00082.o)
 .text          0x0000000000404a90        0x8 c:/Program Files/mingw-w64/x86_64-7.1.0-win32-seh-rt_v5-rev2/mingw64/bin/../lib/gcc/x86_64-w64-mingw32/7.1.0/../../../../x86_64-w64-mingw32/lib/../lib/libmsvcrt.a(deeds00081.o)
                0x0000000000404a90                __getmainargs
 .text          0x0000000000404a98        0x8 c:/Program Files/mingw-w64/x86_64-7.1.0-win32-seh-rt_v5-rev2/mingw64/bin/../lib/gcc/x86_64-w64-mingw32/7.1.0/../../../../x86_64-w64-mingw32/lib/../lib/libmsvcrt.a(deeds00078.o)
                0x0000000000404a98                __dllonexit
 .text          0x0000000000404aa0        0x8 c:/Program Files/mingw-w64/x86_64-7.1.0-win32-seh-rt_v5-rev2/mingw64/bin/../lib/gcc/x86_64-w64-mingw32/7.1.0/../../../../x86_64-w64-mingw32/lib/../lib/libmsvcrt.a(deeds00055.o)
                0x0000000000404aa0                __C_specific_handler
 *fill*         0x0000000000404aa8        0x8 
 .text          0x0000000000404ab0       0x20 c:/Program Files/mingw-w64/x86_64-7.1.0-win32-seh-rt_v5-rev2/mingw64/bin/../lib/gcc/x86_64-w64-mingw32/7.1.0/../../../../x86_64-w64-mingw32/lib/../lib/libmsvcrt.a(lib64_libmsvcrt_a-invalid_parameter_handler.o)
                0x0000000000404ab0                _get_invalid_parameter_handler
                0x0000000000404ac0                _set_invalid_parameter_handler
 .text          0x0000000000404ad0        0x0 c:/Program Files/mingw-w64/x86_64-7.1.0-win32-seh-rt_v5-rev2/mingw64/bin/../lib/gcc/x86_64-w64-mingw32/7.1.0/../../../../x86_64-w64-mingw32/lib/../lib/libmsvcrt.a(deedh.o)
 .text          0x0000000000404ad0        0x0 c:/Program Files/mingw-w64/x86_64-7.1.0-win32-seh-rt_v5-rev2/mingw64/bin/../lib/gcc/x86_64-w64-mingw32/7.1.0/../../../../x86_64-w64-mingw32/lib/../lib/libmsvcrt.a(deedt.o)
 .text          0x0000000000404ad0        0x8 c:/Program Files/mingw-w64/x86_64-7.1.0-win32-seh-rt_v5-rev2/mingw64/bin/../lib/gcc/x86_64-w64-mingw32/7.1.0/../../../../x86_64-w64-mingw32/lib/../lib/libkernel32.a(dumds01266.o)
                0x0000000000404ad0                VirtualQuery
 .text          0x0000000000404ad8        0x8 c:/Program Files/mingw-w64/x86_64-7.1.0-win32-seh-rt_v5-rev2/mingw64/bin/../lib/gcc/x86_64-w64-mingw32/7.1.0/../../../../x86_64-w64-mingw32/lib/../lib/libkernel32.a(dumds01264.o)
                0x0000000000404ad8                VirtualProtect
 .text          0x0000000000404ae0        0x8 c:/Program Files/mingw-w64/x86_64-7.1.0-win32-seh-rt_v5-rev2/mingw64/bin/../lib/gcc/x86_64-w64-mingw32/7.1.0/../../../../x86_64-w64-mingw32/lib/../lib/libkernel32.a(dumds01234.o)
                0x0000000000404ae0                UnhandledExceptionFilter
 .text          0x0000000000404ae8        0x8 c:/Program Files/mingw-w64/x86_64-7.1.0-win32-seh-rt_v5-rev2/mingw64/bin/../lib/gcc/x86_64-w64-mingw32/7.1.0/../../../../x86_64-w64-mingw32/lib/../lib/libkernel32.a(dumds01221.o)
                0x0000000000404ae8                TlsGetValue
 .text          0x0000000000404af0        0x8 c:/Program Files/mingw-w64/x86_64-7.1.0-win32-seh-rt_v5-rev2/mingw64/bin/../lib/gcc/x86_64-w64-mingw32/7.1.0/../../../../x86_64-w64-mingw32/lib/../lib/libkernel32.a(dumds01214.o)
                0x0000000000404af0                TerminateProcess
 .text          0x0000000000404af8        0x8 c:/Program Files/mingw-w64/x86_64-7.1.0-win32-seh-rt_v5-rev2/mingw64/bin/../lib/gcc/x86_64-w64-mingw32/7.1.0/../../../../x86_64-w64-mingw32/lib/../lib/libkernel32.a(dumds01200.o)
                0x0000000000404af8                Sleep
 .text          0x0000000000404b00        0x8 c:/Program Files/mingw-w64/x86_64-7.1.0-win32-seh-rt_v5-rev2/mingw64/bin/../lib/gcc/x86_64-w64-mingw32/7.1.0/../../../../x86_64-w64-mingw32/lib/../lib/libkernel32.a(dumds01187.o)
                0x0000000000404b00                SetUnhandledExceptionFilter
 .text          0x0000000000404b08        0x8 c:/Program Files/mingw-w64/x86_64-7.1.0-win32-seh-rt_v5-rev2/mingw64/bin/../lib/gcc/x86_64-w64-mingw32/7.1.0/../../../../x86_64-w64-mingw32/lib/../lib/libkernel32.a(dumds01044.o)
                0x0000000000404b08                RtlVirtualUnwind
 .text          0x0000000000404b10        0x8 c:/Program Files/mingw-w64/x86_64-7.1.0-win32-seh-rt_v5-rev2/mingw64/bin/../lib/gcc/x86_64-w64-mingw32/7.1.0/../../../../x86_64-w64-mingw32/lib/../lib/libkernel32.a(dumds01037.o)
                0x0000000000404b10                RtlLookupFunctionEntry
 .text          0x0000000000404b18        0x8 c:/Program Files/mingw-w64/x86_64-7.1.0-win32-seh-rt_v5-rev2/mingw64/bin/../lib/gcc/x86_64-w64-mingw32/7.1.0/../../../../x86_64-w64-mingw32/lib/../lib/libkernel32.a(dumds01030.o)
                0x0000000000404b18                RtlCaptureContext
 .text          0x0000000000404b20        0x8 c:/Program Files/mingw-w64/x86_64-7.1.0-win32-seh-rt_v5-rev2/mingw64/bin/../lib/gcc/x86_64-w64-mingw32/7.1.0/../../../../x86_64-w64-mingw32/lib/../lib/libkernel32.a(dumds01029.o)
                0x0000000000404b20                RtlAddFunctionTable
 .text          0x0000000000404b28        0x8 c:/Program Files/mingw-w64/x86_64-7.1.0-win32-seh-rt_v5-rev2/mingw64/bin/../lib/gcc/x86_64-w64-mingw32/7.1.0/../../../../x86_64-w64-mingw32/lib/../lib/libkernel32.a(dumds00959.o)
                0x0000000000404b28                QueryPerformanceFrequency
 .text          0x0000000000404b30        0x8 c:/Program Files/mingw-w64/x86_64-7.1.0-win32-seh-rt_v5-rev2/mingw64/bin/../lib/gcc/x86_64-w64-mingw32/7.1.0/../../../../x86_64-w64-mingw32/lib/../lib/libkernel32.a(dumds00958.o)
                0x0000000000404b30                QueryPerformanceCounter
 .text          0x0000000000404b38        0x8 c:/Program Files/mingw-w64/x86_64-7.1.0-win32-seh-rt_v5-rev2/mingw64/bin/../lib/gcc/x86_64-w64-mingw32/7.1.0/../../../../x86_64-w64-mingw32/lib/../lib/libkernel32.a(dumds00844.o)
                0x0000000000404b38                LeaveCriticalSection
 .text          0x0000000000404b40        0x8 c:/Program Files/mingw-w64/x86_64-7.1.0-win32-seh-rt_v5-rev2/mingw64/bin/../lib/gcc/x86_64-w64-mingw32/7.1.0/../../../../x86_64-w64-mingw32/lib/../lib/libkernel32.a(dumds00762.o)
                0x0000000000404b40                InitializeCriticalSection
 .text          0x0000000000404b48        0x8 c:/Program Files/mingw-w64/x86_64-7.1.0-win32-seh-rt_v5-rev2/mingw64/bin/../lib/gcc/x86_64-w64-mingw32/7.1.0/../../../../x86_64-w64-mingw32/lib/../lib/libkernel32.a(dumds00678.o)
                0x0000000000404b48                GetTickCount
 .text          0x0000000000404b50        0x8 c:/Program Files/mingw-w64/x86_64-7.1.0-win32-seh-rt_v5-rev2/mingw64/bin/../lib/gcc/x86_64-w64-mingw32/7.1.0/../../../../x86_64-w64-mingw32/lib/../lib/libkernel32.a(dumds00651.o)
                0x0000000000404b50                GetSystemTimeAsFileTime
 .text          0x0000000000404b58        0x8 c:/Program Files/mingw-w64/x86_64-7.1.0-win32-seh-rt_v5-rev2/mingw64/bin/../lib/gcc/x86_64-w64-mingw32/7.1.0/../../../../x86_64-w64-mingw32/lib/../lib/libkernel32.a(dumds00628.o)
                0x0000000000404b58                GetStartupInfoA
 .text          0x0000000000404b60        0x8 c:/Program Files/mingw-w64/x86_64-7.1.0-win32-seh-rt_v5-rev2/mingw64/bin/../lib/gcc/x86_64-w64-mingw32/7.1.0/../../../../x86_64-w64-mingw32/lib/../lib/libkernel32.a(dumds00529.o)
                0x0000000000404b60                GetLastError
 .text          0x0000000000404b68        0x8 c:/Program Files/mingw-w64/x86_64-7.1.0-win32-seh-rt_v5-rev2/mingw64/bin/../lib/gcc/x86_64-w64-mingw32/7.1.0/../../../../x86_64-w64-mingw32/lib/../lib/libkernel32.a(dumds00467.o)
                0x0000000000404b68                GetCurrentThreadId
 .text          0x0000000000404b70        0x8 c:/Program Files/mingw-w64/x86_64-7.1.0-win32-seh-rt_v5-rev2/mingw64/bin/../lib/gcc/x86_64-w64-mingw32/7.1.0/../../../../x86_64-w64-mingw32/lib/../lib/libkernel32.a(dumds00463.o)
                0x0000000000404b70                GetCurrentProcessId
 .text          0x0000000000404b78        0x8 c:/Program Files/mingw-w64/x86_64-7.1.0-win32-seh-rt_v5-rev2/mingw64/bin/../lib/gcc/x86_64-w64-mingw32/7.1.0/../../../../x86_64-w64-mingw32/lib/../lib/libkernel32.a(dumds00462.o)
                0x0000000000404b78                GetCurrentProcess
 .text          0x0000000000404b80        0x8 c:/Program Files/mingw-w64/x86_64-7.1.0-win32-seh-rt_v5-rev2/mingw64/bin/../lib/gcc/x86_64-w64-mingw32/7.1.0/../../../../x86_64-w64-mingw32/lib/../lib/libkernel32.a(dumds00249.o)
                0x0000000000404b80                EnterCriticalSection
 .text          0x0000000000404b88        0x8 c:/Program Files/mingw-w64/x86_64-7.1.0-win32-seh-rt_v5-rev2/mingw64/bin/../lib/gcc/x86_64-w64-mingw32/7.1.0/../../../../x86_64-w64-mingw32/lib/../lib/libkernel32.a(dumds00216.o)
                0x0000000000404b88                DeleteCriticalSection
 .text          0x0000000000404b90        0x8 c:/Program Files/mingw-w64/x86_64-7.1.0-win32-seh-rt_v5-rev2/mingw64/bin/../lib/gcc/x86_64-w64-mingw32/7.1.0/../../../../x86_64-w64-mingw32/lib/../lib/libkernel32.a(dumds00186.o)
                0x0000000000404b90                CreateThread
 .text          0x0000000000404b98        0x8 c:/Program Files/mingw-w64/x86_64-7.1.0-win32-seh-rt_v5-rev2/mingw64/bin/../lib/gcc/x86_64-w64-mingw32/7.1.0/../../../../x86_64-w64-mingw32/lib/../lib/libkernel32.a(dumds00085.o)
                0x0000000000404b98                CloseHandle
 .text          0x0000000000404ba0        0x0 c:/Program Files/mingw-w64/x86_64-7.1.0-win32-seh-rt_v5-rev2/mingw64/bin/../lib/gcc/x86_64-w64-mingw32/7.1.0/../../../../x86_64-w64-mingw32/lib/../lib/libkernel32.a(dumdh.o)
 .text          0x0000000000404ba0        0x0 c:/Program Files/mingw-w64/x86_64-7.1.0-win32-seh-rt_v5-rev2/mingw64/bin/../lib/gcc/x86_64-w64-mingw32/7.1.0/../../../../x86_64-w64-mingw32/lib/../lib/libkernel32.a(dumdt.o)
 .text          0x0000000000404ba0        0x0 c:/Program Files/mingw-w64/x86_64-7.1.0-win32-seh-rt_v5-rev2/mingw64/bin/../lib/gcc/x86_64-w64-mingw32/7.1.0/crtend.o
 *(SORT(.text$*))
 *(.text.*)
 .text.startup  0x0000000000404ba0      0x570 windows/build/obj/main.o
                0x0000000000404ba0                main
 .text.startup  0x0000000000405110       0x10 c:/Program Files/mingw-w64/x86_64-7.1.0-win32-seh-rt_v5-rev2/mingw64/bin/../lib/gcc/x86_64-w64-mingw32/7.1.0/crtend.o
 *(.gnu.linkonce.t.*)
 *(.glue_7t)
 *(.glue_7)
                0x0000000000405120                . = ALIGN (0x8)
                0x0000000000405120                ___CTOR_LIST__ = .
                0x0000000000405120                __CTOR_LIST__ = .
                0x0000000000405120        0x4 LONG 0xffffffffffffffff
                0x0000000000405124        0x4 LONG 0xffffffffffffffff
 *(.ctors)
 *(.ctor)
 *(SORT(.ctors.*))
 .ctors.65535   0x0000000000405128        0x8 c:/Program Files/mingw-w64/x86_64-7.1.0-win32-seh-rt_v5-rev2/mingw64/bin/../lib/gcc/x86_64-w64-mingw32/7.1.0/crtend.o
                0x0000000000405130        0x4 LONG 0x0
                0x0000000000405134        0x4 LONG 0x0
                0x0000000000405138                ___DTOR_LIST__ = .
                0x0000000000405138                __DTOR_LIST__ = .
                0x0000000000405138        0x4 LONG 0xffffffffffffffff
                0x000000000040513c        0x4 LONG 0xffffffffffffffff
 *(.dtors)
 *(.dtor)
 *(SORT(.dtors.*))
                0x0000000000405140        0x4 LONG 0x0
                0x0000000000405144        0x4 LONG 0x0
 *(.fini)
 *(.gcc_exc)
                [!provide]                        PROVIDE (etext, .)
 *(.gcc_except_table)

.data           0x0000000000406000      0x200
                0x0000000000406000                __data_start__ = .
 *(.data)
 .data          0x0000000000406000       0x10 c:/Program Files/mingw-w64/x86_64-7.1.0-win32-seh-rt_v5-rev2/mingw64/bin/../lib/gcc/x86_64-w64-mingw32/7.1.0/../../../../x86_64-w64-mingw32/lib/../lib/crt2.o
                0x0000000000406000                __mingw_winmain_nShowCmd
 .data          0x0000000000406010        0x0 c:/Program Files/mingw-w64/x86_64-7.1.0-win32-seh-rt_v5-rev2/mingw64/bin/../lib/gcc/x86_64-w64-mingw32/7.1.0/crtbegin.o
 .data          0x0000000000406010        0x0 windows/build/obj/main.o
 .data          0x0000000000406010        0x0 windows/build/obj/win_platform.o
 .data          0x0000000000406010        0x0 windows/build/obj/config.o
 .data          0x0000000000406010        0x0 windows/build/obj/dbg_config.o
 *fill*         0x0000000000406010       0x10 
 .data          0x0000000000406020       0x40 windows/lib/libexsys_w.a(adder_tag_space.o)
 .data          0x0000000000406060       0x40 windows/lib/libexsys_w.a(delayer_tag_space.o)
 .data          0x00000000004060a0       0x80 windows/lib/libexsys_w.a(mqtt_tag_space.o)
 .data          0x0000000000406120       0x40 windows/lib/libexsys_w.a(rf_tag_space.o)
 .data          0x0000000000406160        0x0 windows/lib/libexsys_w.a(tag_space.o)
 .data          0x0000000000406160        0x0 windows/lib/libexsys_w.a(tag_type_registr.o)
 .data          0x0000000000406160        0x0 windows/lib/libexsys_w.a(dbg_tag_space.o)
 .data          0x0000000000406160        0x0 c:/Program Files/mingw-w64/x86_64-7.1.0-win32-seh-rt_v5-rev2/mingw64/bin/../lib/gcc/x86_64-w64-mingw32/7.1.0/../../../../x86_64-w64-mingw32/lib/../lib/libmingw32.a(lib64_libmingw32_a-atonexit.o)
 .data          0x0000000000406160       0x10 c:/Program Files/mingw-w64/x86_64-7.1.0-win32-seh-rt_v5-rev2/mingw64/bin/../lib/gcc/x86_64-w64-mingw32/7.1.0/../../../../x86_64-w64-mingw32/lib/../lib/libmingw32.a(lib64_libmingw32_a-gccmain.o)
 .data          0x0000000000406170       0x10 c:/Program Files/mingw-w64/x86_64-7.1.0-win32-seh-rt_v5-rev2/mingw64/bin/../lib/gcc/x86_64-w64-mingw32/7.1.0/../../../../x86_64-w64-mingw32/lib/../lib/libmingw32.a(lib64_libmingw32_a-natstart.o)
                0x0000000000406170                __native_vcclrit_reason
                0x0000000000406174                __native_dllmain_reason
 .data          0x0000000000406180       0x10 c:/Program Files/mingw-w64/x86_64-7.1.0-win32-seh-rt_v5-rev2/mingw64/bin/../lib/gcc/x86_64-w64-mingw32/7.1.0/../../../../x86_64-w64-mingw32/lib/../lib/libmingw32.a(lib64_libmingw32_a-wildcard.o)
                0x0000000000406180                _dowildcard
 .data          0x0000000000406190       0x10 c:/Program Files/mingw-w64/x86_64-7.1.0-win32-seh-rt_v5-rev2/mingw64/bin/../lib/gcc/x86_64-w64-mingw32/7.1.0/../../../../x86_64-w64-mingw32/lib/../lib/libmingw32.a(lib64_libmingw32_a-charmax.o)
                0x0000000000406190                _charmax
 .data          0x00000000004061a0        0x0 c:/Program Files/mingw-w64/x86_64-7.1.0-win32-seh-rt_v5-rev2/mingw64/bin/../lib/gcc/x86_64-w64-mingw32/7.1.0/../../../../x86_64-w64-mingw32/lib/../lib/libmingw32.a(lib64_libmingw32_a-dllargv.o)
 .data          0x00000000004061a0        0x0 c:/Program Files/mingw-w64/x86_64-7.1.0-win32-seh-rt_v5-rev2/mingw64/bin/../lib/gcc/x86_64-w64-mingw32/7.1.0/../../../../x86_64-w64-mingw32/lib/../lib/libmingw32.a(lib64_libmingw32_a-gs_support.o)
 .data          0x00000000004061a0        0x0 c:/Program Files/mingw-w64/x86_64-7.1.0-win32-seh-rt_v5-rev2/mingw64/bin/../lib/gcc/x86_64-w64-mingw32/7.1.0/../../../../x86_64-w64-mingw32/lib/../lib/libmingw32.a(lib64_libmingw32_a-_newmode.o)
 .data          0x00000000004061a0        0x0 c:/Program Files/mingw-w64/x86_64-7.1.0-win32-seh-rt_v5-rev2/mingw64/bin/../lib/gcc/x86_64-w64-mingw32/7.1.0/../../../../x86_64-w64-mingw32/lib/../lib/libmingw32.a(lib64_libmingw32_a-tlssup.o)
 .data          0x00000000004061a0        0x0 c:/Program Files/mingw-w64/x86_64-7.1.0-win32-seh-rt_v5-rev2/mingw64/bin/../lib/gcc/x86_64-w64-mingw32/7.1.0/../../../../x86_64-w64-mingw32/lib/../lib/libmingw32.a(lib64_libmingw32_a-cinitexe.o)
 .data          0x00000000004061a0        0x0 c:/Program Files/mingw-w64/x86_64-7.1.0-win32-seh-rt_v5-rev2/mingw64/bin/../lib/gcc/x86_64-w64-mingw32/7.1.0/../../../../x86_64-w64-mingw32/lib/../lib/libmingw32.a(lib64_libmingw32_a-merr.o)
 .data          0x00000000004061a0        0x0 c:/Program Files/mingw-w64/x86_64-7.1.0-win32-seh-rt_v5-rev2/mingw64/bin/../lib/gcc/x86_64-w64-mingw32/7.1.0/../../../../x86_64-w64-mingw32/lib/../lib/libmingw32.a(lib64_libmingw32_a-CRT_fp10.o)
 .data          0x00000000004061a0        0x0 c:/Program Files/mingw-w64/x86_64-7.1.0-win32-seh-rt_v5-rev2/mingw64/bin/../lib/gcc/x86_64-w64-mingw32/7.1.0/../../../../x86_64-w64-mingw32/lib/../lib/libmingw32.a(lib64_libmingw32_a-mingw_helpers.o)
 .data          0x00000000004061a0        0x0 c:/Program Files/mingw-w64/x86_64-7.1.0-win32-seh-rt_v5-rev2/mingw64/bin/../lib/gcc/x86_64-w64-mingw32/7.1.0/../../../../x86_64-w64-mingw32/lib/../lib/libmingw32.a(lib64_libmingw32_a-pseudo-reloc.o)
 .data          0x00000000004061a0        0x0 c:/Program Files/mingw-w64/x86_64-7.1.0-win32-seh-rt_v5-rev2/mingw64/bin/../lib/gcc/x86_64-w64-mingw32/7.1.0/../../../../x86_64-w64-mingw32/lib/../lib/libmingw32.a(lib64_libmingw32_a-xtxtmode.o)
 .data          0x00000000004061a0        0x0 c:/Program Files/mingw-w64/x86_64-7.1.0-win32-seh-rt_v5-rev2/mingw64/bin/../lib/gcc/x86_64-w64-mingw32/7.1.0/../../../../x86_64-w64-mingw32/lib/../lib/libmingw32.a(lib64_libmingw32_a-crt_handler.o)
 .data          0x00000000004061a0        0x0 c:/Program Files/mingw-w64/x86_64-7.1.0-win32-seh-rt_v5-rev2/mingw64/bin/../lib/gcc/x86_64-w64-mingw32/7.1.0/../../../../x86_64-w64-mingw32/lib/../lib/libmingw32.a(lib64_libmingw32_a-tlsthrd.o)
 .data          0x00000000004061a0       0x10 c:/Program Files/mingw-w64/x86_64-7.1.0-win32-seh-rt_v5-rev2/mingw64/bin/../lib/gcc/x86_64-w64-mingw32/7.1.0/../../../../x86_64-w64-mingw32/lib/../lib/libmingw32.a(lib64_libmingw32_a-tlsmcrt.o)
                0x00000000004061a0                _CRT_MT
 .data          0x00000000004061b0        0x0 c:/Program Files/mingw-w64/x86_64-7.1.0-win32-seh-rt_v5-rev2/mingw64/bin/../lib/gcc/x86_64-w64-mingw32/7.1.0/../../../../x86_64-w64-mingw32/lib/../lib/libmingw32.a(lib64_libmingw32_a-pseudo-reloc-list.o)
 .data          0x00000000004061b0        0x0 c:/Program Files/mingw-w64/x86_64-7.1.0-win32-seh-rt_v5-rev2/mingw64/bin/../lib/gcc/x86_64-w64-mingw32/7.1.0/../../../../x86_64-w64-mingw32/lib/../lib/libmingw32.a(lib64_libmingw32_a-pesect.o)
 .data          0x00000000004061b0        0x0 c:/Program Files/mingw-w64/x86_64-7.1.0-win32-seh-rt_v5-rev2/mingw64/bin/../lib/gcc/x86_64-w64-mingw32/7.1.0/libgcc.a(_chkstk_ms.o)
 .data          0x00000000004061b0        0x0 c:/Program Files/mingw-w64/x86_64-7.1.0-win32-seh-rt_v5-rev2/mingw64/bin/../lib/gcc/x86_64-w64-mingw32/7.1.0/libgcc.a(_ctors.o)
 .data          0x00000000004061b0       0x10 c:/Program Files/mingw-w64/x86_64-7.1.0-win32-seh-rt_v5-rev2/mingw64/bin/../lib/gcc/x86_64-w64-mingw32/7.1.0/../../../../x86_64-w64-mingw32/lib/../lib/libmingwex.a(lib64_libmingwex_a-mingw_matherr.o)
                0x00000000004061b0                _MINGW_INSTALL_DEBUG_MATHERR
 .data          0x00000000004061c0        0x0 c:/Program Files/mingw-w64/x86_64-7.1.0-win32-seh-rt_v5-rev2/mingw64/bin/../lib/gcc/x86_64-w64-mingw32/7.1.0/../../../../x86_64-w64-mingw32/lib/../lib/libmsvcrt.a(deeds01240.o)
 .data          0x00000000004061c0        0x0 c:/Program Files/mingw-w64/x86_64-7.1.0-win32-seh-rt_v5-rev2/mingw64/bin/../lib/gcc/x86_64-w64-mingw32/7.1.0/../../../../x86_64-w64-mingw32/lib/../lib/libmsvcrt.a(deeds01208.o)
 .data          0x00000000004061c0        0x0 c:/Program Files/mingw-w64/x86_64-7.1.0-win32-seh-rt_v5-rev2/mingw64/bin/../lib/gcc/x86_64-w64-mingw32/7.1.0/../../../../x86_64-w64-mingw32/lib/../lib/libmsvcrt.a(deeds01205.o)
 .data          0x00000000004061c0        0x0 c:/Program Files/mingw-w64/x86_64-7.1.0-win32-seh-rt_v5-rev2/mingw64/bin/../lib/gcc/x86_64-w64-mingw32/7.1.0/../../../../x86_64-w64-mingw32/lib/../lib/libmsvcrt.a(deeds01198.o)
 .data          0x00000000004061c0        0x0 c:/Program Files/mingw-w64/x86_64-7.1.0-win32-seh-rt_v5-rev2/mingw64/bin/../lib/gcc/x86_64-w64-mingw32/7.1.0/../../../../x86_64-w64-mingw32/lib/../lib/libmsvcrt.a(deeds01189.o)
 .data          0x00000000004061c0        0x0 c:/Program Files/mingw-w64/x86_64-7.1.0-win32-seh-rt_v5-rev2/mingw64/bin/../lib/gcc/x86_64-w64-mingw32/7.1.0/../../../../x86_64-w64-mingw32/lib/../lib/libmsvcrt.a(deeds01184.o)
 .data          0x00000000004061c0        0x0 c:/Program Files/mingw-w64/x86_64-7.1.0-win32-seh-rt_v5-rev2/mingw64/bin/../lib/gcc/x86_64-w64-mingw32/7.1.0/../../../../x86_64-w64-mingw32/lib/../lib/libmsvcrt.a(deeds01183.o)
 .data          0x00000000004061c0        0x0 c:/Program Files/mingw-w64/x86_64-7.1.0-win32-seh-rt_v5-rev2/mingw64/bin/../lib/gcc/x86_64-w64-mingw32/7.1.0/../../../../x86_64-w64-mingw32/lib/../lib/libmsvcrt.a(deeds01178.o)
 .data          0x00000000004061c0        0x0 c:/Program Files/mingw-w64/x86_64-7.1.0-win32-seh-rt_v5-rev2/mingw64/bin/../lib/gcc/x86_64-w64-mingw32/7.1.0/../../../../x86_64-w64-mingw32/lib/../lib/libmsvcrt.a(deeds01167.o)
 .data          0x00000000004061c0        0x0 c:/Program Files/mingw-w64/x86_64-7.1.0-win32-seh-rt_v5-rev2/mingw64/bin/../lib/gcc/x86_64-w64-mingw32/7.1.0/../../../../x86_64-w64-mingw32/lib/../lib/libmsvcrt.a(deeds01163.o)
 .data          0x00000000004061c0        0x0 c:/Program Files/mingw-w64/x86_64-7.1.0-win32-seh-rt_v5-rev2/mingw64/bin/../lib/gcc/x86_64-w64-mingw32/7.1.0/../../../../x86_64-w64-mingw32/lib/../lib/libmsvcrt.a(deeds01154.o)
 .data          0x00000000004061c0        0x0 c:/Program Files/mingw-w64/x86_64-7.1.0-win32-seh-rt_v5-rev2/mingw64/bin/../lib/gcc/x86_64-w64-mingw32/7.1.0/../../../../x86_64-w64-mingw32/lib/../lib/libmsvcrt.a(deeds01146.o)
 .data          0x00000000004061c0        0x0 c:/Program Files/mingw-w64/x86_64-7.1.0-win32-seh-rt_v5-rev2/mingw64/bin/../lib/gcc/x86_64-w64-mingw32/7.1.0/../../../../x86_64-w64-mingw32/lib/../lib/libmsvcrt.a(deeds01099.o)
 .data          0x00000000004061c0        0x0 c:/Program Files/mingw-w64/x86_64-7.1.0-win32-seh-rt_v5-rev2/mingw64/bin/../lib/gcc/x86_64-w64-mingw32/7.1.0/../../../../x86_64-w64-mingw32/lib/../lib/libmsvcrt.a(deeds01095.o)
 .data          0x00000000004061c0        0x0 c:/Program Files/mingw-w64/x86_64-7.1.0-win32-seh-rt_v5-rev2/mingw64/bin/../lib/gcc/x86_64-w64-mingw32/7.1.0/../../../../x86_64-w64-mingw32/lib/../lib/libmsvcrt.a(deeds01093.o)
 .data          0x00000000004061c0        0x0 c:/Program Files/mingw-w64/x86_64-7.1.0-win32-seh-rt_v5-rev2/mingw64/bin/../lib/gcc/x86_64-w64-mingw32/7.1.0/../../../../x86_64-w64-mingw32/lib/../lib/libmsvcrt.a(deeds01087.o)
 .data          0x00000000004061c0        0x0 c:/Program Files/mingw-w64/x86_64-7.1.0-win32-seh-rt_v5-rev2/mingw64/bin/../lib/gcc/x86_64-w64-mingw32/7.1.0/../../../../x86_64-w64-mingw32/lib/../lib/libmsvcrt.a(deeds01086.o)
 .data          0x00000000004061c0        0x0 c:/Program Files/mingw-w64/x86_64-7.1.0-win32-seh-rt_v5-rev2/mingw64/bin/../lib/gcc/x86_64-w64-mingw32/7.1.0/../../../../x86_64-w64-mingw32/lib/../lib/libmsvcrt.a(deeds01080.o)
 .data          0x00000000004061c0        0x0 c:/Program Files/mingw-w64/x86_64-7.1.0-win32-seh-rt_v5-rev2/mingw64/bin/../lib/gcc/x86_64-w64-mingw32/7.1.0/../../../../x86_64-w64-mingw32/lib/../lib/libmsvcrt.a(deeds01078.o)
 .data          0x00000000004061c0        0x0 c:/Program Files/mingw-w64/x86_64-7.1.0-win32-seh-rt_v5-rev2/mingw64/bin/../lib/gcc/x86_64-w64-mingw32/7.1.0/../../../../x86_64-w64-mingw32/lib/../lib/libmsvcrt.a(deeds01065.o)
 .data          0x00000000004061c0        0x0 c:/Program Files/mingw-w64/x86_64-7.1.0-win32-seh-rt_v5-rev2/mingw64/bin/../lib/gcc/x86_64-w64-mingw32/7.1.0/../../../../x86_64-w64-mingw32/lib/../lib/libmsvcrt.a(deeds01061.o)
 .data          0x00000000004061c0        0x0 c:/Program Files/mingw-w64/x86_64-7.1.0-win32-seh-rt_v5-rev2/mingw64/bin/../lib/gcc/x86_64-w64-mingw32/7.1.0/../../../../x86_64-w64-mingw32/lib/../lib/libmsvcrt.a(deeds01048.o)
 .data          0x00000000004061c0        0x0 c:/Program Files/mingw-w64/x86_64-7.1.0-win32-seh-rt_v5-rev2/mingw64/bin/../lib/gcc/x86_64-w64-mingw32/7.1.0/../../../../x86_64-w64-mingw32/lib/../lib/libmsvcrt.a(deeds01044.o)
 .data          0x00000000004061c0        0x0 c:/Program Files/mingw-w64/x86_64-7.1.0-win32-seh-rt_v5-rev2/mingw64/bin/../lib/gcc/x86_64-w64-mingw32/7.1.0/../../../../x86_64-w64-mingw32/lib/../lib/libmsvcrt.a(deeds01028.o)
 .data          0x00000000004061c0        0x0 c:/Program Files/mingw-w64/x86_64-7.1.0-win32-seh-rt_v5-rev2/mingw64/bin/../lib/gcc/x86_64-w64-mingw32/7.1.0/../../../../x86_64-w64-mingw32/lib/../lib/libmsvcrt.a(deeds00820.o)
 .data          0x00000000004061c0        0x0 c:/Program Files/mingw-w64/x86_64-7.1.0-win32-seh-rt_v5-rev2/mingw64/bin/../lib/gcc/x86_64-w64-mingw32/7.1.0/../../../../x86_64-w64-mingw32/lib/../lib/libmsvcrt.a(deeds00611.o)
 .data          0x00000000004061c0        0x0 c:/Program Files/mingw-w64/x86_64-7.1.0-win32-seh-rt_v5-rev2/mingw64/bin/../lib/gcc/x86_64-w64-mingw32/7.1.0/../../../../x86_64-w64-mingw32/lib/../lib/libmsvcrt.a(deeds00438.o)
 .data          0x00000000004061c0        0x0 c:/Program Files/mingw-w64/x86_64-7.1.0-win32-seh-rt_v5-rev2/mingw64/bin/../lib/gcc/x86_64-w64-mingw32/7.1.0/../../../../x86_64-w64-mingw32/lib/../lib/libmsvcrt.a(deeds00330.o)
 .data          0x00000000004061c0        0x0 c:/Program Files/mingw-w64/x86_64-7.1.0-win32-seh-rt_v5-rev2/mingw64/bin/../lib/gcc/x86_64-w64-mingw32/7.1.0/../../../../x86_64-w64-mingw32/lib/../lib/libmsvcrt.a(deeds00252.o)
 .data          0x00000000004061c0        0x0 c:/Program Files/mingw-w64/x86_64-7.1.0-win32-seh-rt_v5-rev2/mingw64/bin/../lib/gcc/x86_64-w64-mingw32/7.1.0/../../../../x86_64-w64-mingw32/lib/../lib/libmsvcrt.a(deeds00141.o)
 .data          0x00000000004061c0        0x0 c:/Program Files/mingw-w64/x86_64-7.1.0-win32-seh-rt_v5-rev2/mingw64/bin/../lib/gcc/x86_64-w64-mingw32/7.1.0/../../../../x86_64-w64-mingw32/lib/../lib/libmsvcrt.a(deeds00123.o)
 .data          0x00000000004061c0        0x0 c:/Program Files/mingw-w64/x86_64-7.1.0-win32-seh-rt_v5-rev2/mingw64/bin/../lib/gcc/x86_64-w64-mingw32/7.1.0/../../../../x86_64-w64-mingw32/lib/../lib/libmsvcrt.a(deeds00116.o)
 .data          0x00000000004061c0        0x0 c:/Program Files/mingw-w64/x86_64-7.1.0-win32-seh-rt_v5-rev2/mingw64/bin/../lib/gcc/x86_64-w64-mingw32/7.1.0/../../../../x86_64-w64-mingw32/lib/../lib/libmsvcrt.a(deeds00099.o)
 .data          0x00000000004061c0        0x0 c:/Program Files/mingw-w64/x86_64-7.1.0-win32-seh-rt_v5-rev2/mingw64/bin/../lib/gcc/x86_64-w64-mingw32/7.1.0/../../../../x86_64-w64-mingw32/lib/../lib/libmsvcrt.a(deeds00097.o)
 .data          0x00000000004061c0        0x0 c:/Program Files/mingw-w64/x86_64-7.1.0-win32-seh-rt_v5-rev2/mingw64/bin/../lib/gcc/x86_64-w64-mingw32/7.1.0/../../../../x86_64-w64-mingw32/lib/../lib/libmsvcrt.a(deeds00091.o)
 .data          0x00000000004061c0        0x0 c:/Program Files/mingw-w64/x86_64-7.1.0-win32-seh-rt_v5-rev2/mingw64/bin/../lib/gcc/x86_64-w64-mingw32/7.1.0/../../../../x86_64-w64-mingw32/lib/../lib/libmsvcrt.a(deeds00083.o)
 .data          0x00000000004061c0        0x0 c:/Program Files/mingw-w64/x86_64-7.1.0-win32-seh-rt_v5-rev2/mingw64/bin/../lib/gcc/x86_64-w64-mingw32/7.1.0/../../../../x86_64-w64-mingw32/lib/../lib/libmsvcrt.a(deeds00082.o)
 .data          0x00000000004061c0        0x0 c:/Program Files/mingw-w64/x86_64-7.1.0-win32-seh-rt_v5-rev2/mingw64/bin/../lib/gcc/x86_64-w64-mingw32/7.1.0/../../../../x86_64-w64-mingw32/lib/../lib/libmsvcrt.a(deeds00081.o)
 .data          0x00000000004061c0        0x0 c:/Program Files/mingw-w64/x86_64-7.1.0-win32-seh-rt_v5-rev2/mingw64/bin/../lib/gcc/x86_64-w64-mingw32/7.1.0/../../../../x86_64-w64-mingw32/lib/../lib/libmsvcrt.a(deeds00078.o)
 .data          0x00000000004061c0        0x0 c:/Program Files/mingw-w64/x86_64-7.1.0-win32-seh-rt_v5-rev2/mingw64/bin/../lib/gcc/x86_64-w64-mingw32/7.1.0/../../../../x86_64-w64-mingw32/lib/../lib/libmsvcrt.a(deeds00055.o)
 .data          0x00000000004061c0       0x10 c:/Program Files/mingw-w64/x86_64-7.1.0-win32-seh-rt_v5-rev2/mingw64/bin/../lib/gcc/x86_64-w64-mingw32/7.1.0/../../../../x86_64-w64-mingw32/lib/../lib/libmsvcrt.a(lib64_libmsvcrt_a-invalid_parameter_handler.o)
                0x00000000004061c0                __imp__get_invalid_parameter_handler
                0x00000000004061c8                __imp__set_invalid_parameter_handler
 .data          0x00000000004061d0        0x0 c:/Program Files/mingw-w64/x86_64-7.1.0-win32-seh-rt_v5-rev2/mingw64/bin/../lib/gcc/x86_64-w64-mingw32/7.1.0/../../../../x86_64-w64-mingw32/lib/../lib/libmsvcrt.a(deedh.o)
 .data          0x00000000004061d0        0x0 c:/Program Files/mingw-w64/x86_64-7.1.0-win32-seh-rt_v5-rev2/mingw64/bin/../lib/gcc/x86_64-w64-mingw32/7.1.0/../../../../x86_64-w64-mingw32/lib/../lib/libmsvcrt.a(deedt.o)
 .data          0x00000000004061d0        0x0 c:/Program Files/mingw-w64/x86_64-7.1.0-win32-seh-rt_v5-rev2/mingw64/bin/../lib/gcc/x86_64-w64-mingw32/7.1.0/../../../../x86_64-w64-mingw32/lib/../lib/libkernel32.a(dumds01266.o)
 .data          0x00000000004061d0        0x0 c:/Program Files/mingw-w64/x86_64-7.1.0-win32-seh-rt_v5-rev2/mingw64/bin/../lib/gcc/x86_64-w64-mingw32/7.1.0/../../../../x86_64-w64-mingw32/lib/../lib/libkernel32.a(dumds01264.o)
 .data          0x00000000004061d0        0x0 c:/Program Files/mingw-w64/x86_64-7.1.0-win32-seh-rt_v5-rev2/mingw64/bin/../lib/gcc/x86_64-w64-mingw32/7.1.0/../../../../x86_64-w64-mingw32/lib/../lib/libkernel32.a(dumds01234.o)
 .data          0x00000000004061d0        0x0 c:/Program Files/mingw-w64/x86_64-7.1.0-win32-seh-rt_v5-rev2/mingw64/bin/../lib/gcc/x86_64-w64-mingw32/7.1.0/../../../../x86_64-w64-mingw32/lib/../lib/libkernel32.a(dumds01221.o)
 .data          0x00000000004061d0        0x0 c:/Program Files/mingw-w64/x86_64-7.1.0-win32-seh-rt_v5-rev2/mingw64/bin/../lib/gcc/x86_64-w64-mingw32/7.1.0/../../../../x86_64-w64-mingw32/lib/../lib/libkernel32.a(dumds01214.o)
 .data          0x00000000004061d0        0x0 c:/Program Files/mingw-w64/x86_64-7.1.0-win32-seh-rt_v5-rev2/mingw64/bin/../lib/gcc/x86_64-w64-mingw32/7.1.0/../../../../x86_64-w64-mingw32/lib/../lib/libkernel32.a(dumds01200.o)
 .data          0x00000000004061d0        0x0 c:/Program Files/mingw-w64/x86_64-7.1.0-win32-seh-rt_v5-rev2/mingw64/bin/../lib/gcc/x86_64-w64-mingw32/7.1.0/../../../../x86_64-w64-mingw32/lib/../lib/libkernel32.a(dumds01187.o)
 .data          0x00000000004061d0        0x0 c:/Program Files/mingw-w64/x86_64-7.1.0-win32-seh-rt_v5-rev2/mingw64/bin/../lib/gcc/x86_64-w64-mingw32/7.1.0/../../../../x86_64-w64-mingw32/lib/../lib/libkernel32.a(dumds01044.o)
 .data          0x00000000004061d0        0x0 c:/Program Files/mingw-w64/x86_64-7.1.0-win32-seh-rt_v5-rev2/mingw64/bin/../lib/gcc/x86_64-w64-mingw32/7.1.0/../../../../x86_64-w64-mingw32/lib/../lib/libkernel32.a(dumds01037.o)
 .data          0x00000000004061d0        0x0 c:/Program Files/mingw-w64/x86_64-7.1.0-win32-seh-rt_v5-rev2/mingw64/bin/../lib/gcc/x86_64-w64-mingw32/7.1.0/../../../../x86_64-w64-mingw32/lib/../lib/libkernel32.a(dumds01030.o)
 .data          0x00000000004061d0        0x0 c:/Program Files/mingw-w64/x86_64-7.1.0-win32-seh-rt_v5-rev2/mingw64/bin/../lib/gcc/x86_64-w64-mingw32/7.1.0/../../../../x86_64-w64-mingw32/lib/../lib/libkernel32.a(dumds01029.o)
 .data          0x00000000004061d0        0x0 c:/Program Files/mingw-w64/x86_64-7.1.0-win32-seh-rt_v5-rev2/mingw64/bin/../lib/gcc/x86_64-w64-mingw32/7.1.0/../../../../x86_64-w64-mingw32/lib/../lib/libkernel32.a(dumds00959.o)
 .data          0x00000000004061d0        0x0 c:/Program Files/mingw-w64/x86_64-7.1.0-win32-seh-rt_v5-rev2/mingw64/bin/../lib/gcc/x86_64-w64-mingw32/7.1.0/../../../../x86_64-w64-mingw32/lib/../lib/libkernel32.a(dumds00958.o)
 .data          0x00000000004061d0        0x0 c:/Program Files/mingw-w64/x86_64-7.1.0-win32-seh-rt_v5-rev2/mingw64/bin/../lib/gcc/x86_64-w64-mingw32/7.1.0/../../../../x86_64-w64-mingw32/lib/../lib/libkernel32.a(dumds00844.o)
 .data          0x00000000004061d0        0x0 c:/Program Files/mingw-w64/x86_64-7.1.0-win32-seh-rt_v5-rev2/mingw64/bin/../lib/gcc/x86_64-w64-mingw32/7.1.0/../../../../x86_64-w64-mingw32/lib/../lib/libkernel32.a(dumds00762.o)
 .data          0x00000000004061d0        0x0 c:/Program Files/mingw-w64/x86_64-7.1.0-win32-seh-rt_v5-rev2/mingw64/bin/../lib/gcc/x86_64-w64-mingw32/7.1.0/../../../../x86_64-w64-mingw32/lib/../lib/libkernel32.a(dumds00678.o)
 .data          0x00000000004061d0        0x0 c:/Program Files/mingw-w64/x86_64-7.1.0-win32-seh-rt_v5-rev2/mingw64/bin/../lib/gcc/x86_64-w64-mingw32/7.1.0/../../../../x86_64-w64-mingw32/lib/../lib/libkernel32.a(dumds00651.o)
 .data          0x00000000004061d0        0x0 c:/Program Files/mingw-w64/x86_64-7.1.0-win32-seh-rt_v5-rev2/mingw64/bin/../lib/gcc/x86_64-w64-mingw32/7.1.0/../../../../x86_64-w64-mingw32/lib/../lib/libkernel32.a(dumds00628.o)
 .data          0x00000000004061d0        0x0 c:/Program Files/mingw-w64/x86_64-7.1.0-win32-seh-rt_v5-rev2/mingw64/bin/../lib/gcc/x86_64-w64-mingw32/7.1.0/../../../../x86_64-w64-mingw32/lib/../lib/libkernel32.a(dumds00529.o)
 .data          0x00000000004061d0        0x0 c:/Program Files/mingw-w64/x86_64-7.1.0-win32-seh-rt_v5-rev2/mingw64/bin/../lib/gcc/x86_64-w64-mingw32/7.1.0/../../../../x86_64-w64-mingw32/lib/../lib/libkernel32.a(dumds00467.o)
 .data          0x00000000004061d0        0x0 c:/Program Files/mingw-w64/x86_64-7.1.0-win32-seh-rt_v5-rev2/mingw64/bin/../lib/gcc/x86_64-w64-mingw32/7.1.0/../../../../x86_64-w64-mingw32/lib/../lib/libkernel32.a(dumds00463.o)
 .data          0x00000000004061d0        0x0 c:/Program Files/mingw-w64/x86_64-7.1.0-win32-seh-rt_v5-rev2/mingw64/bin/../lib/gcc/x86_64-w64-mingw32/7.1.0/../../../../x86_64-w64-mingw32/lib/../lib/libkernel32.a(dumds00462.o)
 .data          0x00000000004061d0        0x0 c:/Program Files/mingw-w64/x86_64-7.1.0-win32-seh-rt_v5-rev2/mingw64/bin/../lib/gcc/x86_64-w64-mingw32/7.1.0/../../../../x86_64-w64-mingw32/lib/../lib/libkernel32.a(dumds00249.o)
 .data          0x00000000004061d0        0x0 c:/Program Files/mingw-w64/x86_64-7.1.0-win32-seh-rt_v5-rev2/mingw64/bin/../lib/gcc/x86_64-w64-mingw32/7.1.0/../../../../x86_64-w64-mingw32/lib/../lib/libkernel32.a(dumds00216.o)
 .data          0x00000000004061d0        0x0 c:/Program Files/mingw-w64/x86_64-7.1.0-win32-seh-rt_v5-rev2/mingw64/bin/../lib/gcc/x86_64-w64-mingw32/7.1.0/../../../../x86_64-w64-mingw32/lib/../lib/libkernel32.a(dumds00186.o)
 .data          0x00000000004061d0        0x0 c:/Program Files/mingw-w64/x86_64-7.1.0-win32-seh-rt_v5-rev2/mingw64/bin/../lib/gcc/x86_64-w64-mingw32/7.1.0/../../../../x86_64-w64-mingw32/lib/../lib/libkernel32.a(dumds00085.o)
 .data          0x00000000004061d0        0x0 c:/Program Files/mingw-w64/x86_64-7.1.0-win32-seh-rt_v5-rev2/mingw64/bin/../lib/gcc/x86_64-w64-mingw32/7.1.0/../../../../x86_64-w64-mingw32/lib/../lib/libkernel32.a(dumdh.o)
 .data          0x00000000004061d0        0x0 c:/Program Files/mingw-w64/x86_64-7.1.0-win32-seh-rt_v5-rev2/mingw64/bin/../lib/gcc/x86_64-w64-mingw32/7.1.0/../../../../x86_64-w64-mingw32/lib/../lib/libkernel32.a(dumdt.o)
 .data          0x00000000004061d0        0x0 c:/Program Files/mingw-w64/x86_64-7.1.0-win32-seh-rt_v5-rev2/mingw64/bin/../lib/gcc/x86_64-w64-mingw32/7.1.0/crtend.o
 *(.data2)
 *(SORT(.data$*))
 .data$__security_cookie
                0x00000000004061d0       0x10 c:/Program Files/mingw-w64/x86_64-7.1.0-win32-seh-rt_v5-rev2/mingw64/bin/../lib/gcc/x86_64-w64-mingw32/7.1.0/../../../../x86_64-w64-mingw32/lib/../lib/libmingw32.a(lib64_libmingw32_a-gs_support.o)
                0x00000000004061d0                __security_cookie
 .data$__security_cookie_complement
                0x00000000004061e0       0x10 c:/Program Files/mingw-w64/x86_64-7.1.0-win32-seh-rt_v5-rev2/mingw64/bin/../lib/gcc/x86_64-w64-mingw32/7.1.0/../../../../x86_64-w64-mingw32/lib/../lib/libmingw32.a(lib64_libmingw32_a-gs_support.o)
                0x00000000004061e0                __security_cookie_complement
 *(.jcr)
                0x00000000004061f0                __data_end__ = .
 *(.data_cygwin_nocopy)

.rdata          0x0000000000407000      0xe00
 *(.rdata)
 .rdata         0x0000000000407000      0x260 windows/build/obj/main.o
 .rdata         0x0000000000407260      0x180 windows/build/obj/dbg_config.o
 .rdata         0x00000000004073e0       0x40 windows/lib/libexsys_w.a(adder_tag_space.o)
 .rdata         0x0000000000407420       0x50 windows/lib/libexsys_w.a(delayer_tag_space.o)
 .rdata         0x0000000000407470       0x60 windows/lib/libexsys_w.a(mqtt_tag_space.o)
 .rdata         0x00000000004074d0       0x70 windows/lib/libexsys_w.a(rf_tag_space.o)
 .rdata         0x0000000000407540       0x90 windows/lib/libexsys_w.a(dbg_tag_space.o)
 .rdata         0x00000000004075d0       0x10 c:/Program Files/mingw-w64/x86_64-7.1.0-win32-seh-rt_v5-rev2/mingw64/bin/../lib/gcc/x86_64-w64-mingw32/7.1.0/../../../../x86_64-w64-mingw32/lib/../lib/libmingw32.a(lib64_libmingw32_a-gs_support.o)
 .rdata         0x00000000004075e0       0x10 c:/Program Files/mingw-w64/x86_64-7.1.0-win32-seh-rt_v5-rev2/mingw64/bin/../lib/gcc/x86_64-w64-mingw32/7.1.0/../../../../x86_64-w64-mingw32/lib/../lib/libmingw32.a(lib64_libmingw32_a-tlssup.o)
                0x00000000004075e0                __dyn_tls_init_callback
 .rdata         0x00000000004075f0      0x140 c:/Program Files/mingw-w64/x86_64-7.1.0-win32-seh-rt_v5-rev2/mingw64/bin/../lib/gcc/x86_64-w64-mingw32/7.1.0/../../../../x86_64-w64-mingw32/lib/../lib/libmingw32.a(lib64_libmingw32_a-merr.o)
 .rdata         0x0000000000407730      0x110 c:/Program Files/mingw-w64/x86_64-7.1.0-win32-seh-rt_v5-rev2/mingw64/bin/../lib/gcc/x86_64-w64-mingw32/7.1.0/../../../../x86_64-w64-mingw32/lib/../lib/libmingw32.a(lib64_libmingw32_a-pseudo-reloc.o)
 .rdata         0x0000000000407840       0x10 c:/Program Files/mingw-w64/x86_64-7.1.0-win32-seh-rt_v5-rev2/mingw64/bin/../lib/gcc/x86_64-w64-mingw32/7.1.0/../../../../x86_64-w64-mingw32/lib/../lib/libmingw32.a(lib64_libmingw32_a-crt_handler.o)
 *(SORT(.rdata$*))
 .rdata$.refptr._CRT_MT
                0x0000000000407850       0x10 c:/Program Files/mingw-w64/x86_64-7.1.0-win32-seh-rt_v5-rev2/mingw64/bin/../lib/gcc/x86_64-w64-mingw32/7.1.0/../../../../x86_64-w64-mingw32/lib/../lib/libmingw32.a(lib64_libmingw32_a-tlssup.o)
                0x0000000000407850                .refptr._CRT_MT
 .rdata$.refptr._MINGW_INSTALL_DEBUG_MATHERR
                0x0000000000407860       0x10 c:/Program Files/mingw-w64/x86_64-7.1.0-win32-seh-rt_v5-rev2/mingw64/bin/../lib/gcc/x86_64-w64-mingw32/7.1.0/../../../../x86_64-w64-mingw32/lib/../lib/crt2.o
                0x0000000000407860                .refptr._MINGW_INSTALL_DEBUG_MATHERR
 .rdata$.refptr.__CTOR_LIST__
                0x0000000000407870       0x10 c:/Program Files/mingw-w64/x86_64-7.1.0-win32-seh-rt_v5-rev2/mingw64/bin/../lib/gcc/x86_64-w64-mingw32/7.1.0/../../../../x86_64-w64-mingw32/lib/../lib/libmingw32.a(lib64_libmingw32_a-gccmain.o)
                0x0000000000407870                .refptr.__CTOR_LIST__
 .rdata$.refptr.__RUNTIME_PSEUDO_RELOC_LIST_END__
                0x0000000000407880       0x10 c:/Program Files/mingw-w64/x86_64-7.1.0-win32-seh-rt_v5-rev2/mingw64/bin/../lib/gcc/x86_64-w64-mingw32/7.1.0/../../../../x86_64-w64-mingw32/lib/../lib/libmingw32.a(lib64_libmingw32_a-pseudo-reloc.o)
                0x0000000000407880                .refptr.__RUNTIME_PSEUDO_RELOC_LIST_END__
 .rdata$.refptr.__RUNTIME_PSEUDO_RELOC_LIST__
                0x0000000000407890       0x10 c:/Program Files/mingw-w64/x86_64-7.1.0-win32-seh-rt_v5-rev2/mingw64/bin/../lib/gcc/x86_64-w64-mingw32/7.1.0/../../../../x86_64-w64-mingw32/lib/../lib/libmingw32.a(lib64_libmingw32_a-pseudo-reloc.o)
                0x0000000000407890                .refptr.__RUNTIME_PSEUDO_RELOC_LIST__
 .rdata$.refptr.__dyn_tls_init_callback
                0x00000000004078a0       0x10 c:/Program Files/mingw-w64/x86_64-7.1.0-win32-seh-rt_v5-rev2/mingw64/bin/../lib/gcc/x86_64-w64-mingw32/7.1.0/../../../../x86_64-w64-mingw32/lib/../lib/crt2.o
                0x00000000004078a0                .refptr.__dyn_tls_init_callback
 .rdata$.refptr.__image_base__
                0x00000000004078b0       0x10 c:/Program Files/mingw-w64/x86_64-7.1.0-win32-seh-rt_v5-rev2/mingw64/bin/../lib/gcc/x86_64-w64-mingw32/7.1.0/../../../../x86_64-w64-mingw32/lib/../lib/crt2.o
                0x00000000004078b0                .refptr.__image_base__
 .rdata$.refptr.__imp___initenv
                0x00000000004078c0       0x10 c:/Program Files/mingw-w64/x86_64-7.1.0-win32-seh-rt_v5-rev2/mingw64/bin/../lib/gcc/x86_64-w64-mingw32/7.1.0/../../../../x86_64-w64-mingw32/lib/../lib/crt2.o
                0x00000000004078c0                .refptr.__imp___initenv
 .rdata$.refptr.__imp__acmdln
                0x00000000004078d0       0x10 c:/Program Files/mingw-w64/x86_64-7.1.0-win32-seh-rt_v5-rev2/mingw64/bin/../lib/gcc/x86_64-w64-mingw32/7.1.0/../../../../x86_64-w64-mingw32/lib/../lib/crt2.o
                0x00000000004078d0                .refptr.__imp__acmdln
 .rdata$.refptr.__imp__fmode
                0x00000000004078e0       0x10 c:/Program Files/mingw-w64/x86_64-7.1.0-win32-seh-rt_v5-rev2/mingw64/bin/../lib/gcc/x86_64-w64-mingw32/7.1.0/../../../../x86_64-w64-mingw32/lib/../lib/crt2.o
                0x00000000004078e0                .refptr.__imp__fmode
 .rdata$.refptr.__imp__onexit
                0x00000000004078f0       0x10 c:/Program Files/mingw-w64/x86_64-7.1.0-win32-seh-rt_v5-rev2/mingw64/bin/../lib/gcc/x86_64-w64-mingw32/7.1.0/../../../../x86_64-w64-mingw32/lib/../lib/libmingw32.a(lib64_libmingw32_a-atonexit.o)
                0x00000000004078f0                .refptr.__imp__onexit
 .rdata$.refptr.__mingw_oldexcpt_handler
                0x0000000000407900       0x10 c:/Program Files/mingw-w64/x86_64-7.1.0-win32-seh-rt_v5-rev2/mingw64/bin/../lib/gcc/x86_64-w64-mingw32/7.1.0/../../../../x86_64-w64-mingw32/lib/../lib/crt2.o
                0x0000000000407900                .refptr.__mingw_oldexcpt_handler
 .rdata$.refptr.__native_startup_lock
                0x0000000000407910       0x10 c:/Program Files/mingw-w64/x86_64-7.1.0-win32-seh-rt_v5-rev2/mingw64/bin/../lib/gcc/x86_64-w64-mingw32/7.1.0/../../../../x86_64-w64-mingw32/lib/../lib/crt2.o
                0x0000000000407910                .refptr.__native_startup_lock
 .rdata$.refptr.__native_startup_state
                0x0000000000407920       0x10 c:/Program Files/mingw-w64/x86_64-7.1.0-win32-seh-rt_v5-rev2/mingw64/bin/../lib/gcc/x86_64-w64-mingw32/7.1.0/../../../../x86_64-w64-mingw32/lib/../lib/crt2.o
                0x0000000000407920                .refptr.__native_startup_state
 .rdata$.refptr.__onexitbegin
                0x0000000000407930       0x10 c:/Program Files/mingw-w64/x86_64-7.1.0-win32-seh-rt_v5-rev2/mingw64/bin/../lib/gcc/x86_64-w64-mingw32/7.1.0/../../../../x86_64-w64-mingw32/lib/../lib/crt2.o
                0x0000000000407930                .refptr.__onexitbegin
 .rdata$.refptr.__onexitend
                0x0000000000407940       0x10 c:/Program Files/mingw-w64/x86_64-7.1.0-win32-seh-rt_v5-rev2/mingw64/bin/../lib/gcc/x86_64-w64-mingw32/7.1.0/../../../../x86_64-w64-mingw32/lib/../lib/crt2.o
                0x0000000000407940                .refptr.__onexitend
 .rdata$.refptr.__xc_a
                0x0000000000407950       0x10 c:/Program Files/mingw-w64/x86_64-7.1.0-win32-seh-rt_v5-rev2/mingw64/bin/../lib/gcc/x86_64-w64-mingw32/7.1.0/../../../../x86_64-w64-mingw32/lib/../lib/crt2.o
                0x0000000000407950                .refptr.__xc_a
 .rdata$.refptr.__xc_z
                0x0000000000407960       0x10 c:/Program Files/mingw-w64/x86_64-7.1.0-win32-seh-rt_v5-rev2/mingw64/bin/../lib/gcc/x86_64-w64-mingw32/7.1.0/../../../../x86_64-w64-mingw32/lib/../lib/crt2.o
                0x0000000000407960                .refptr.__xc_z
 .rdata$.refptr.__xi_a
                0x0000000000407970       0x10 c:/Program Files/mingw-w64/x86_64-7.1.0-win32-seh-rt_v5-rev2/mingw64/bin/../lib/gcc/x86_64-w64-mingw32/7.1.0/../../../../x86_64-w64-mingw32/lib/../lib/crt2.o
                0x0000000000407970                .refptr.__xi_a
 .rdata$.refptr.__xi_z
                0x0000000000407980       0x10 c:/Program Files/mingw-w64/x86_64-7.1.0-win32-seh-rt_v5-rev2/mingw64/bin/../lib/gcc/x86_64-w64-mingw32/7.1.0/../../../../x86_64-w64-mingw32/lib/../lib/crt2.o
                0x0000000000407980                .refptr.__xi_z
 .rdata$.refptr._dowildcard
                0x0000000000407990       0x10 c:/Program Files/mingw-w64/x86_64-7.1.0-win32-seh-rt_v5-rev2/mingw64/bin/../lib/gcc/x86_64-w64-mingw32/7.1.0/../../../../x86_64-w64-mingw32/lib/../lib/crt2.o
                0x0000000000407990                .refptr._dowildcard
 .rdata$.refptr._fmode
                0x00000000004079a0       0x10 c:/Program Files/mingw-w64/x86_64-7.1.0-win32-seh-rt_v5-rev2/mingw64/bin/../lib/gcc/x86_64-w64-mingw32/7.1.0/../../../../x86_64-w64-mingw32/lib/../lib/crt2.o
                0x00000000004079a0                .refptr._fmode
 .rdata$.refptr._gnu_exception_handler
                0x00000000004079b0       0x10 c:/Program Files/mingw-w64/x86_64-7.1.0-win32-seh-rt_v5-rev2/mingw64/bin/../lib/gcc/x86_64-w64-mingw32/7.1.0/../../../../x86_64-w64-mingw32/lib/../lib/crt2.o
                0x00000000004079b0                .refptr._gnu_exception_handler
 .rdata$.refptr._matherr
                0x00000000004079c0       0x10 c:/Program Files/mingw-w64/x86_64-7.1.0-win32-seh-rt_v5-rev2/mingw64/bin/../lib/gcc/x86_64-w64-mingw32/7.1.0/../../../../x86_64-w64-mingw32/lib/../lib/crt2.o
                0x00000000004079c0                .refptr._matherr
 .rdata$.refptr._newmode
                0x00000000004079d0       0x10 c:/Program Files/mingw-w64/x86_64-7.1.0-win32-seh-rt_v5-rev2/mingw64/bin/../lib/gcc/x86_64-w64-mingw32/7.1.0/../../../../x86_64-w64-mingw32/lib/../lib/crt2.o
                0x00000000004079d0                .refptr._newmode
 .rdata$.refptr.mingw_app_type
                0x00000000004079e0       0x10 c:/Program Files/mingw-w64/x86_64-7.1.0-win32-seh-rt_v5-rev2/mingw64/bin/../lib/gcc/x86_64-w64-mingw32/7.1.0/../../../../x86_64-w64-mingw32/lib/../lib/crt2.o
                0x00000000004079e0                .refptr.mingw_app_type
 .rdata$.refptr.mingw_initcharmax
                0x00000000004079f0       0x10 c:/Program Files/mingw-w64/x86_64-7.1.0-win32-seh-rt_v5-rev2/mingw64/bin/../lib/gcc/x86_64-w64-mingw32/7.1.0/../../../../x86_64-w64-mingw32/lib/../lib/crt2.o
                0x00000000004079f0                .refptr.mingw_initcharmax
 .rdata$.refptr.mingw_initltsdrot_force
                0x0000000000407a00       0x10 c:/Program Files/mingw-w64/x86_64-7.1.0-win32-seh-rt_v5-rev2/mingw64/bin/../lib/gcc/x86_64-w64-mingw32/7.1.0/../../../../x86_64-w64-mingw32/lib/../lib/crt2.o
                0x0000000000407a00                .refptr.mingw_initltsdrot_force
 .rdata$.refptr.mingw_initltsdyn_force
                0x0000000000407a10       0x10 c:/Program Files/mingw-w64/x86_64-7.1.0-win32-seh-rt_v5-rev2/mingw64/bin/../lib/gcc/x86_64-w64-mingw32/7.1.0/../../../../x86_64-w64-mingw32/lib/../lib/crt2.o
                0x0000000000407a10                .refptr.mingw_initltsdyn_force
 .rdata$.refptr.mingw_initltssuo_force
                0x0000000000407a20       0x10 c:/Program Files/mingw-w64/x86_64-7.1.0-win32-seh-rt_v5-rev2/mingw64/bin/../lib/gcc/x86_64-w64-mingw32/7.1.0/../../../../x86_64-w64-mingw32/lib/../lib/crt2.o
                0x0000000000407a20                .refptr.mingw_initltssuo_force
 .rdata$zzz     0x0000000000407a30       0x40 windows/build/obj/main.o
 .rdata$zzz     0x0000000000407a70       0x40 windows/build/obj/win_platform.o
 .rdata$zzz     0x0000000000407ab0       0x40 windows/build/obj/config.o
 .rdata$zzz     0x0000000000407af0       0x40 windows/build/obj/dbg_config.o
 .rdata$zzz     0x0000000000407b30       0x40 windows/lib/libexsys_w.a(adder_tag_space.o)
 .rdata$zzz     0x0000000000407b70       0x40 windows/lib/libexsys_w.a(delayer_tag_space.o)
 .rdata$zzz     0x0000000000407bb0       0x40 windows/lib/libexsys_w.a(mqtt_tag_space.o)
 .rdata$zzz     0x0000000000407bf0       0x40 windows/lib/libexsys_w.a(rf_tag_space.o)
 .rdata$zzz     0x0000000000407c30       0x40 windows/lib/libexsys_w.a(tag_space.o)
 .rdata$zzz     0x0000000000407c70       0x40 windows/lib/libexsys_w.a(tag_type_registr.o)
 .rdata$zzz     0x0000000000407cb0       0x40 windows/lib/libexsys_w.a(dbg_tag_space.o)
                0x0000000000407cf0                __rt_psrelocs_start = .
 *(.rdata_runtime_pseudo_reloc)
                0x0000000000407cf0                __rt_psrelocs_end = .
                0x0000000000000000                __rt_psrelocs_size = (__rt_psrelocs_end - __rt_psrelocs_start)
                0x0000000000407cf0                ___RUNTIME_PSEUDO_RELOC_LIST_END__ = .
                0x0000000000407cf0                __RUNTIME_PSEUDO_RELOC_LIST_END__ = .
                0x0000000000407cf0                ___RUNTIME_PSEUDO_RELOC_LIST__ = (. - __rt_psrelocs_size)
                0x0000000000407cf0                __RUNTIME_PSEUDO_RELOC_LIST__ = (. - __rt_psrelocs_size)

.eh_frame
 *(.eh_frame*)

.pdata          0x0000000000408000      0x600
 *(.pdata*)
 .pdata         0x0000000000408000       0x48 c:/Program Files/mingw-w64/x86_64-7.1.0-win32-seh-rt_v5-rev2/mingw64/bin/../lib/gcc/x86_64-w64-mingw32/7.1.0/../../../../x86_64-w64-mingw32/lib/../lib/crt2.o
 .pdata         0x0000000000408048       0x18 c:/Program Files/mingw-w64/x86_64-7.1.0-win32-seh-rt_v5-rev2/mingw64/bin/../lib/gcc/x86_64-w64-mingw32/7.1.0/crtbegin.o
 .pdata         0x0000000000408060        0xc windows/build/obj/main.o
 .pdata.startup
                0x000000000040806c        0xc windows/build/obj/main.o
 .pdata         0x0000000000408078       0x18 windows/build/obj/win_platform.o
 .pdata         0x0000000000408090        0xc windows/build/obj/config.o
 .pdata         0x000000000040809c        0xc windows/build/obj/dbg_config.o
 .pdata         0x00000000004080a8       0x48 windows/lib/libexsys_w.a(adder_tag_space.o)
 .pdata         0x00000000004080f0       0x48 windows/lib/libexsys_w.a(delayer_tag_space.o)
 .pdata         0x0000000000408138       0x84 windows/lib/libexsys_w.a(mqtt_tag_space.o)
 .pdata         0x00000000004081bc       0x54 windows/lib/libexsys_w.a(rf_tag_space.o)
 .pdata         0x0000000000408210       0xe4 windows/lib/libexsys_w.a(tag_space.o)
 .pdata         0x00000000004082f4       0x30 windows/lib/libexsys_w.a(tag_type_registr.o)
 .pdata         0x0000000000408324       0x30 windows/lib/libexsys_w.a(dbg_tag_space.o)
 .pdata         0x0000000000408354       0x18 c:/Program Files/mingw-w64/x86_64-7.1.0-win32-seh-rt_v5-rev2/mingw64/bin/../lib/gcc/x86_64-w64-mingw32/7.1.0/../../../../x86_64-w64-mingw32/lib/../lib/libmingw32.a(lib64_libmingw32_a-atonexit.o)
 .pdata         0x000000000040836c       0x24 c:/Program Files/mingw-w64/x86_64-7.1.0-win32-seh-rt_v5-rev2/mingw64/bin/../lib/gcc/x86_64-w64-mingw32/7.1.0/../../../../x86_64-w64-mingw32/lib/../lib/libmingw32.a(lib64_libmingw32_a-gccmain.o)
 .pdata         0x0000000000408390        0xc c:/Program Files/mingw-w64/x86_64-7.1.0-win32-seh-rt_v5-rev2/mingw64/bin/../lib/gcc/x86_64-w64-mingw32/7.1.0/../../../../x86_64-w64-mingw32/lib/../lib/libmingw32.a(lib64_libmingw32_a-charmax.o)
 .pdata         0x000000000040839c        0xc c:/Program Files/mingw-w64/x86_64-7.1.0-win32-seh-rt_v5-rev2/mingw64/bin/../lib/gcc/x86_64-w64-mingw32/7.1.0/../../../../x86_64-w64-mingw32/lib/../lib/libmingw32.a(lib64_libmingw32_a-dllargv.o)
 .pdata         0x00000000004083a8       0x18 c:/Program Files/mingw-w64/x86_64-7.1.0-win32-seh-rt_v5-rev2/mingw64/bin/../lib/gcc/x86_64-w64-mingw32/7.1.0/../../../../x86_64-w64-mingw32/lib/../lib/libmingw32.a(lib64_libmingw32_a-gs_support.o)
 .pdata         0x00000000004083c0       0x24 c:/Program Files/mingw-w64/x86_64-7.1.0-win32-seh-rt_v5-rev2/mingw64/bin/../lib/gcc/x86_64-w64-mingw32/7.1.0/../../../../x86_64-w64-mingw32/lib/../lib/libmingw32.a(lib64_libmingw32_a-tlssup.o)
 .pdata         0x00000000004083e4       0x24 c:/Program Files/mingw-w64/x86_64-7.1.0-win32-seh-rt_v5-rev2/mingw64/bin/../lib/gcc/x86_64-w64-mingw32/7.1.0/../../../../x86_64-w64-mingw32/lib/../lib/libmingw32.a(lib64_libmingw32_a-merr.o)
 .pdata         0x0000000000408408        0xc c:/Program Files/mingw-w64/x86_64-7.1.0-win32-seh-rt_v5-rev2/mingw64/bin/../lib/gcc/x86_64-w64-mingw32/7.1.0/../../../../x86_64-w64-mingw32/lib/../lib/libmingw32.a(lib64_libmingw32_a-CRT_fp10.o)
 .pdata         0x0000000000408414       0x18 c:/Program Files/mingw-w64/x86_64-7.1.0-win32-seh-rt_v5-rev2/mingw64/bin/../lib/gcc/x86_64-w64-mingw32/7.1.0/../../../../x86_64-w64-mingw32/lib/../lib/libmingw32.a(lib64_libmingw32_a-mingw_helpers.o)
 .pdata         0x000000000040842c       0x24 c:/Program Files/mingw-w64/x86_64-7.1.0-win32-seh-rt_v5-rev2/mingw64/bin/../lib/gcc/x86_64-w64-mingw32/7.1.0/../../../../x86_64-w64-mingw32/lib/../lib/libmingw32.a(lib64_libmingw32_a-pseudo-reloc.o)
 .pdata         0x0000000000408450       0x24 c:/Program Files/mingw-w64/x86_64-7.1.0-win32-seh-rt_v5-rev2/mingw64/bin/../lib/gcc/x86_64-w64-mingw32/7.1.0/../../../../x86_64-w64-mingw32/lib/../lib/libmingw32.a(lib64_libmingw32_a-crt_handler.o)
 .pdata         0x0000000000408474       0x30 c:/Program Files/mingw-w64/x86_64-7.1.0-win32-seh-rt_v5-rev2/mingw64/bin/../lib/gcc/x86_64-w64-mingw32/7.1.0/../../../../x86_64-w64-mingw32/lib/../lib/libmingw32.a(lib64_libmingw32_a-tlsthrd.o)
 .pdata         0x00000000004084a4       0x78 c:/Program Files/mingw-w64/x86_64-7.1.0-win32-seh-rt_v5-rev2/mingw64/bin/../lib/gcc/x86_64-w64-mingw32/7.1.0/../../../../x86_64-w64-mingw32/lib/../lib/libmingw32.a(lib64_libmingw32_a-pesect.o)
 .pdata         0x000000000040851c       0x18 c:/Program Files/mingw-w64/x86_64-7.1.0-win32-seh-rt_v5-rev2/mingw64/bin/../lib/gcc/x86_64-w64-mingw32/7.1.0/../../../../x86_64-w64-mingw32/lib/../lib/libmsvcrt.a(lib64_libmsvcrt_a-invalid_parameter_handler.o)
 .pdata.startup
                0x0000000000408534        0xc c:/Program Files/mingw-w64/x86_64-7.1.0-win32-seh-rt_v5-rev2/mingw64/bin/../lib/gcc/x86_64-w64-mingw32/7.1.0/crtend.o

.xdata          0x0000000000409000      0x600
 *(.xdata*)
 .xdata         0x0000000000409000       0x68 c:/Program Files/mingw-w64/x86_64-7.1.0-win32-seh-rt_v5-rev2/mingw64/bin/../lib/gcc/x86_64-w64-mingw32/7.1.0/../../../../x86_64-w64-mingw32/lib/../lib/crt2.o
 .xdata         0x0000000000409068       0x10 c:/Program Files/mingw-w64/x86_64-7.1.0-win32-seh-rt_v5-rev2/mingw64/bin/../lib/gcc/x86_64-w64-mingw32/7.1.0/crtbegin.o
 .xdata         0x0000000000409078        0xc windows/build/obj/main.o
 .xdata.startup
                0x0000000000409084       0x18 windows/build/obj/main.o
 .xdata         0x000000000040909c       0x10 windows/build/obj/win_platform.o
 .xdata         0x00000000004090ac       0x18 windows/build/obj/config.o
 .xdata         0x00000000004090c4        0x8 windows/build/obj/dbg_config.o
 .xdata         0x00000000004090cc       0x38 windows/lib/libexsys_w.a(adder_tag_space.o)
 .xdata         0x0000000000409104       0x28 windows/lib/libexsys_w.a(delayer_tag_space.o)
 .xdata         0x000000000040912c       0x74 windows/lib/libexsys_w.a(mqtt_tag_space.o)
 .xdata         0x00000000004091a0       0x40 windows/lib/libexsys_w.a(rf_tag_space.o)
 .xdata         0x00000000004091e0       0xb0 windows/lib/libexsys_w.a(tag_space.o)
 .xdata         0x0000000000409290       0x10 windows/lib/libexsys_w.a(tag_type_registr.o)
 .xdata         0x00000000004092a0       0x34 windows/lib/libexsys_w.a(dbg_tag_space.o)
 .xdata         0x00000000004092d4       0x10 c:/Program Files/mingw-w64/x86_64-7.1.0-win32-seh-rt_v5-rev2/mingw64/bin/../lib/gcc/x86_64-w64-mingw32/7.1.0/../../../../x86_64-w64-mingw32/lib/../lib/libmingw32.a(lib64_libmingw32_a-atonexit.o)
 .xdata         0x00000000004092e4       0x18 c:/Program Files/mingw-w64/x86_64-7.1.0-win32-seh-rt_v5-rev2/mingw64/bin/../lib/gcc/x86_64-w64-mingw32/7.1.0/../../../../x86_64-w64-mingw32/lib/../lib/libmingw32.a(lib64_libmingw32_a-gccmain.o)
 .xdata         0x00000000004092fc        0x4 c:/Program Files/mingw-w64/x86_64-7.1.0-win32-seh-rt_v5-rev2/mingw64/bin/../lib/gcc/x86_64-w64-mingw32/7.1.0/../../../../x86_64-w64-mingw32/lib/../lib/libmingw32.a(lib64_libmingw32_a-charmax.o)
 .xdata         0x0000000000409300        0x4 c:/Program Files/mingw-w64/x86_64-7.1.0-win32-seh-rt_v5-rev2/mingw64/bin/../lib/gcc/x86_64-w64-mingw32/7.1.0/../../../../x86_64-w64-mingw32/lib/../lib/libmingw32.a(lib64_libmingw32_a-dllargv.o)
 .xdata         0x0000000000409304       0x20 c:/Program Files/mingw-w64/x86_64-7.1.0-win32-seh-rt_v5-rev2/mingw64/bin/../lib/gcc/x86_64-w64-mingw32/7.1.0/../../../../x86_64-w64-mingw32/lib/../lib/libmingw32.a(lib64_libmingw32_a-gs_support.o)
 .xdata         0x0000000000409324       0x18 c:/Program Files/mingw-w64/x86_64-7.1.0-win32-seh-rt_v5-rev2/mingw64/bin/../lib/gcc/x86_64-w64-mingw32/7.1.0/../../../../x86_64-w64-mingw32/lib/../lib/libmingw32.a(lib64_libmingw32_a-tlssup.o)
 .xdata         0x000000000040933c       0x24 c:/Program Files/mingw-w64/x86_64-7.1.0-win32-seh-rt_v5-rev2/mingw64/bin/../lib/gcc/x86_64-w64-mingw32/7.1.0/../../../../x86_64-w64-mingw32/lib/../lib/libmingw32.a(lib64_libmingw32_a-merr.o)
 .xdata         0x0000000000409360        0x4 c:/Program Files/mingw-w64/x86_64-7.1.0-win32-seh-rt_v5-rev2/mingw64/bin/../lib/gcc/x86_64-w64-mingw32/7.1.0/../../../../x86_64-w64-mingw32/lib/../lib/libmingw32.a(lib64_libmingw32_a-CRT_fp10.o)
 .xdata         0x0000000000409364        0x8 c:/Program Files/mingw-w64/x86_64-7.1.0-win32-seh-rt_v5-rev2/mingw64/bin/../lib/gcc/x86_64-w64-mingw32/7.1.0/../../../../x86_64-w64-mingw32/lib/../lib/libmingw32.a(lib64_libmingw32_a-mingw_helpers.o)
 .xdata         0x000000000040936c       0x38 c:/Program Files/mingw-w64/x86_64-7.1.0-win32-seh-rt_v5-rev2/mingw64/bin/../lib/gcc/x86_64-w64-mingw32/7.1.0/../../../../x86_64-w64-mingw32/lib/../lib/libmingw32.a(lib64_libmingw32_a-pseudo-reloc.o)
 .xdata         0x00000000004093a4       0x20 c:/Program Files/mingw-w64/x86_64-7.1.0-win32-seh-rt_v5-rev2/mingw64/bin/../lib/gcc/x86_64-w64-mingw32/7.1.0/../../../../x86_64-w64-mingw32/lib/../lib/libmingw32.a(lib64_libmingw32_a-crt_handler.o)
 .xdata         0x00000000004093c4       0x30 c:/Program Files/mingw-w64/x86_64-7.1.0-win32-seh-rt_v5-rev2/mingw64/bin/../lib/gcc/x86_64-w64-mingw32/7.1.0/../../../../x86_64-w64-mingw32/lib/../lib/libmingw32.a(lib64_libmingw32_a-tlsthrd.o)
 .xdata         0x00000000004093f4       0x48 c:/Program Files/mingw-w64/x86_64-7.1.0-win32-seh-rt_v5-rev2/mingw64/bin/../lib/gcc/x86_64-w64-mingw32/7.1.0/../../../../x86_64-w64-mingw32/lib/../lib/libmingw32.a(lib64_libmingw32_a-pesect.o)
 .xdata         0x000000000040943c        0x8 c:/Program Files/mingw-w64/x86_64-7.1.0-win32-seh-rt_v5-rev2/mingw64/bin/../lib/gcc/x86_64-w64-mingw32/7.1.0/../../../../x86_64-w64-mingw32/lib/../lib/libmsvcrt.a(lib64_libmsvcrt_a-invalid_parameter_handler.o)
 .xdata.startup
                0x0000000000409444        0x8 c:/Program Files/mingw-w64/x86_64-7.1.0-win32-seh-rt_v5-rev2/mingw64/bin/../lib/gcc/x86_64-w64-mingw32/7.1.0/crtend.o

.bss            0x000000000040a000      0xda8
                0x000000000040a000                __bss_start__ = .
 *(.bss)
 .bss           0x000000000040a000       0x30 c:/Program Files/mingw-w64/x86_64-7.1.0-win32-seh-rt_v5-rev2/mingw64/bin/../lib/gcc/x86_64-w64-mingw32/7.1.0/../../../../x86_64-w64-mingw32/lib/../lib/crt2.o
 .bss           0x000000000040a030        0x0 c:/Program Files/mingw-w64/x86_64-7.1.0-win32-seh-rt_v5-rev2/mingw64/bin/../lib/gcc/x86_64-w64-mingw32/7.1.0/crtbegin.o
 .bss           0x000000000040a030        0x0 windows/build/obj/main.o
 .bss           0x000000000040a030       0x10 windows/build/obj/win_platform.o
 .bss           0x000000000040a040        0x0 windows/build/obj/config.o
 .bss           0x000000000040a040        0x0 windows/build/obj/dbg_config.o
 .bss           0x000000000040a040       0x10 windows/lib/libexsys_w.a(adder_tag_space.o)
 .bss           0x000000000040a050       0x10 windows/lib/libexsys_w.a(delayer_tag_space.o)
 .bss           0x000000000040a060       0x20 windows/lib/libexsys_w.a(mqtt_tag_space.o)
 .bss           0x000000000040a080       0x10 windows/lib/libexsys_w.a(rf_tag_space.o)
 *fill*         0x000000000040a090       0x10 
 .bss           0x000000000040a0a0       0x60 windows/lib/libexsys_w.a(tag_space.o)
 .bss           0x000000000040a100      0x340 windows/lib/libexsys_w.a(tag_type_registr.o)
 .bss           0x000000000040a440        0x0 windows/lib/libexsys_w.a(dbg_tag_space.o)
 .bss           0x000000000040a440        0x0 c:/Program Files/mingw-w64/x86_64-7.1.0-win32-seh-rt_v5-rev2/mingw64/bin/../lib/gcc/x86_64-w64-mingw32/7.1.0/../../../../x86_64-w64-mingw32/lib/../lib/libmingw32.a(lib64_libmingw32_a-atonexit.o)
 .bss           0x000000000040a440       0x10 c:/Program Files/mingw-w64/x86_64-7.1.0-win32-seh-rt_v5-rev2/mingw64/bin/../lib/gcc/x86_64-w64-mingw32/7.1.0/../../../../x86_64-w64-mingw32/lib/../lib/libmingw32.a(lib64_libmingw32_a-gccmain.o)
 .bss           0x000000000040a450        0x0 c:/Program Files/mingw-w64/x86_64-7.1.0-win32-seh-rt_v5-rev2/mingw64/bin/../lib/gcc/x86_64-w64-mingw32/7.1.0/../../../../x86_64-w64-mingw32/lib/../lib/libmingw32.a(lib64_libmingw32_a-natstart.o)
 .bss           0x000000000040a450        0x0 c:/Program Files/mingw-w64/x86_64-7.1.0-win32-seh-rt_v5-rev2/mingw64/bin/../lib/gcc/x86_64-w64-mingw32/7.1.0/../../../../x86_64-w64-mingw32/lib/../lib/libmingw32.a(lib64_libmingw32_a-wildcard.o)
 .bss           0x000000000040a450       0x10 c:/Program Files/mingw-w64/x86_64-7.1.0-win32-seh-rt_v5-rev2/mingw64/bin/../lib/gcc/x86_64-w64-mingw32/7.1.0/../../../../x86_64-w64-mingw32/lib/../lib/libmingw32.a(lib64_libmingw32_a-charmax.o)
                0x000000000040a450                mingw_initcharmax
 .bss           0x000000000040a460        0x0 c:/Program Files/mingw-w64/x86_64-7.1.0-win32-seh-rt_v5-rev2/mingw64/bin/../lib/gcc/x86_64-w64-mingw32/7.1.0/../../../../x86_64-w64-mingw32/lib/../lib/libmingw32.a(lib64_libmingw32_a-dllargv.o)
 .bss           0x000000000040a460      0x580 c:/Program Files/mingw-w64/x86_64-7.1.0-win32-seh-rt_v5-rev2/mingw64/bin/../lib/gcc/x86_64-w64-mingw32/7.1.0/../../../../x86_64-w64-mingw32/lib/../lib/libmingw32.a(lib64_libmingw32_a-gs_support.o)
 .bss           0x000000000040a9e0       0x10 c:/Program Files/mingw-w64/x86_64-7.1.0-win32-seh-rt_v5-rev2/mingw64/bin/../lib/gcc/x86_64-w64-mingw32/7.1.0/../../../../x86_64-w64-mingw32/lib/../lib/libmingw32.a(lib64_libmingw32_a-_newmode.o)
                0x000000000040a9e0                _newmode
 .bss           0x000000000040a9f0       0x10 c:/Program Files/mingw-w64/x86_64-7.1.0-win32-seh-rt_v5-rev2/mingw64/bin/../lib/gcc/x86_64-w64-mingw32/7.1.0/../../../../x86_64-w64-mingw32/lib/../lib/libmingw32.a(lib64_libmingw32_a-tlssup.o)
                0x000000000040a9f0                mingw_initltssuo_force
                0x000000000040a9f4                mingw_initltsdyn_force
                0x000000000040a9f8                mingw_initltsdrot_force
                0x000000000040a9fc                _tls_index
 .bss           0x000000000040aa00        0x0 c:/Program Files/mingw-w64/x86_64-7.1.0-win32-seh-rt_v5-rev2/mingw64/bin/../lib/gcc/x86_64-w64-mingw32/7.1.0/../../../../x86_64-w64-mingw32/lib/../lib/libmingw32.a(lib64_libmingw32_a-cinitexe.o)
 .bss           0x000000000040aa00       0x10 c:/Program Files/mingw-w64/x86_64-7.1.0-win32-seh-rt_v5-rev2/mingw64/bin/../lib/gcc/x86_64-w64-mingw32/7.1.0/../../../../x86_64-w64-mingw32/lib/../lib/libmingw32.a(lib64_libmingw32_a-merr.o)
 .bss           0x000000000040aa10        0x0 c:/Program Files/mingw-w64/x86_64-7.1.0-win32-seh-rt_v5-rev2/mingw64/bin/../lib/gcc/x86_64-w64-mingw32/7.1.0/../../../../x86_64-w64-mingw32/lib/../lib/libmingw32.a(lib64_libmingw32_a-CRT_fp10.o)
 .bss           0x000000000040aa10       0x10 c:/Program Files/mingw-w64/x86_64-7.1.0-win32-seh-rt_v5-rev2/mingw64/bin/../lib/gcc/x86_64-w64-mingw32/7.1.0/../../../../x86_64-w64-mingw32/lib/../lib/libmingw32.a(lib64_libmingw32_a-mingw_helpers.o)
                0x000000000040aa10                mingw_app_type
 .bss           0x000000000040aa20       0x10 c:/Program Files/mingw-w64/x86_64-7.1.0-win32-seh-rt_v5-rev2/mingw64/bin/../lib/gcc/x86_64-w64-mingw32/7.1.0/../../../../x86_64-w64-mingw32/lib/../lib/libmingw32.a(lib64_libmingw32_a-pseudo-reloc.o)
 .bss           0x000000000040aa30       0x10 c:/Program Files/mingw-w64/x86_64-7.1.0-win32-seh-rt_v5-rev2/mingw64/bin/../lib/gcc/x86_64-w64-mingw32/7.1.0/../../../../x86_64-w64-mingw32/lib/../lib/libmingw32.a(lib64_libmingw32_a-xtxtmode.o)
                0x000000000040aa30                _fmode
 .bss           0x000000000040aa40      0x2a0 c:/Program Files/mingw-w64/x86_64-7.1.0-win32-seh-rt_v5-rev2/mingw64/bin/../lib/gcc/x86_64-w64-mingw32/7.1.0/../../../../x86_64-w64-mingw32/lib/../lib/libmingw32.a(lib64_libmingw32_a-crt_handler.o)
                0x000000000040aa40                __mingw_oldexcpt_handler
 .bss           0x000000000040ace0       0x60 c:/Program Files/mingw-w64/x86_64-7.1.0-win32-seh-rt_v5-rev2/mingw64/bin/../lib/gcc/x86_64-w64-mingw32/7.1.0/../../../../x86_64-w64-mingw32/lib/../lib/libmingw32.a(lib64_libmingw32_a-tlsthrd.o)
 .bss           0x000000000040ad40        0x0 c:/Program Files/mingw-w64/x86_64-7.1.0-win32-seh-rt_v5-rev2/mingw64/bin/../lib/gcc/x86_64-w64-mingw32/7.1.0/../../../../x86_64-w64-mingw32/lib/../lib/libmingw32.a(lib64_libmingw32_a-tlsmcrt.o)
 .bss           0x000000000040ad40       0x10 c:/Program Files/mingw-w64/x86_64-7.1.0-win32-seh-rt_v5-rev2/mingw64/bin/../lib/gcc/x86_64-w64-mingw32/7.1.0/../../../../x86_64-w64-mingw32/lib/../lib/libmingw32.a(lib64_libmingw32_a-pseudo-reloc-list.o)
 .bss           0x000000000040ad50        0x0 c:/Program Files/mingw-w64/x86_64-7.1.0-win32-seh-rt_v5-rev2/mingw64/bin/../lib/gcc/x86_64-w64-mingw32/7.1.0/../../../../x86_64-w64-mingw32/lib/../lib/libmingw32.a(lib64_libmingw32_a-pesect.o)
 .bss           0x000000000040ad50        0x0 c:/Program Files/mingw-w64/x86_64-7.1.0-win32-seh-rt_v5-rev2/mingw64/bin/../lib/gcc/x86_64-w64-mingw32/7.1.0/libgcc.a(_chkstk_ms.o)
 .bss           0x000000000040ad50        0x0 c:/Program Files/mingw-w64/x86_64-7.1.0-win32-seh-rt_v5-rev2/mingw64/bin/../lib/gcc/x86_64-w64-mingw32/7.1.0/libgcc.a(_ctors.o)
 .bss           0x000000000040ad50        0x0 c:/Program Files/mingw-w64/x86_64-7.1.0-win32-seh-rt_v5-rev2/mingw64/bin/../lib/gcc/x86_64-w64-mingw32/7.1.0/../../../../x86_64-w64-mingw32/lib/../lib/libmingwex.a(lib64_libmingwex_a-mingw_matherr.o)